10-13 19:13:22.811: I/ActivityManager(534): Start proc com.hello.ms for activity com.hello.ms/.MainActivity: pid=5992 uid=10075 gids={50075, 3003, 1006, 1015, 1028}
10-13 19:13:22.911: D/overlay(161): Set pipe=VG1 dpy=0; 
10-13 19:13:22.911: W/ActivityThread(5992): Application com.hello.ms can be debugged on port 8100...
10-13 19:13:22.931: D/overlay(161): Unset pipe=VG0 dpy=0; Unset pipe=VG1 dpy=0; Unset pipe=RGB1 dpy=0; 
10-13 19:13:22.951: D/dalvikvm(5992): Trying to load lib /data/app-lib/com.hello.ms-1/libjmoodstocks-sdk.so 0x40f94ef0
10-13 19:13:22.951: D/dalvikvm(5992): Added shared lib /data/app-lib/com.hello.ms-1/libjmoodstocks-sdk.so 0x40f94ef0
10-13 19:13:22.951: D/dalvikvm(5992): No JNI_OnLoad found in /data/app-lib/com.hello.ms-1/libjmoodstocks-sdk.so 0x40f94ef0, skipping init
10-13 19:13:22.951: D/dalvikvm(5992): Trying to load lib /data/app-lib/com.hello.ms-1/libjmoodstocks-sdk-core-armv7-neon.so 0x40f94ef0
10-13 19:13:22.951: D/dalvikvm(5992): Added shared lib /data/app-lib/com.hello.ms-1/libjmoodstocks-sdk-core-armv7-neon.so 0x40f94ef0
10-13 19:13:22.951: D/dalvikvm(5992): No JNI_OnLoad found in /data/app-lib/com.hello.ms-1/libjmoodstocks-sdk-core-armv7-neon.so 0x40f94ef0, skipping init
10-13 19:13:23.041: D/Moodstocks SDK(5992): Sync will start.
10-13 19:13:23.071: V/PhoneStatusBar(655): setLightsOn(true)
10-13 19:13:23.121: I/ActivityManager(534): Displayed com.hello.ms/.MainActivity: +323ms
10-13 19:13:23.312: D/overlay(161): Set pipe=RGB1 dpy=0; Set pipe=VG0 dpy=0; 
10-13 19:13:23.462: D/Moodstocks SDK(5992): Sync succeeded (2 image(s))
10-13 19:13:25.884: D/alsa_ucm(164): snd_use_case_set(): uc_mgr 0x40cec2a0 identifier _verb value Inactive
10-13 19:13:25.884: D/alsa_ucm(164): Set mixer controls for HiFi Lowlatency enable 0
10-13 19:13:25.884: D/alsa_ucm(164): snd_use_case_set(): uc_mgr 0x40cec2a0 identifier _disdev value DMIC Endfire
10-13 19:13:25.884: D/alsa_ucm(164): disdev: device DMIC Endfire not enabled, no need to disable
10-13 19:13:25.884: D/alsa_ucm(164): snd_use_case_set(): uc_mgr 0x40cec2a0 identifier _disdev value Speaker
10-13 19:13:25.884: D/alsa_ucm(164): Set mixer controls for Speaker enable 0
10-13 19:13:27.336: W/System.err(8943): javax.net.ssl.SSLException: Read error: ssl=0x72238790: I/O error during system call, Connection reset by peer
10-13 19:13:27.336: W/System.err(8943): 	at org.apache.harmony.xnet.provider.jsse.NativeCrypto.SSL_read(Native Method)
10-13 19:13:27.336: W/System.err(8943): 	at org.apache.harmony.xnet.provider.jsse.OpenSSLSocketImpl$SSLInputStream.read(OpenSSLSocketImpl.java:664)
10-13 19:13:27.346: W/System.err(8943): 	at org.apache.http.impl.io.AbstractSessionInputBuffer.fillBuffer(AbstractSessionInputBuffer.java:103)
10-13 19:13:27.346: W/System.err(8943): 	at org.apache.http.impl.io.AbstractSessionInputBuffer.readLine(AbstractSessionInputBuffer.java:191)
10-13 19:13:27.346: W/System.err(8943): 	at org.apache.http.impl.conn.DefaultResponseParser.parseHead(DefaultResponseParser.java:82)
10-13 19:13:27.346: W/System.err(8943): 	at org.apache.http.impl.io.AbstractMessageParser.parse(AbstractMessageParser.java:174)
10-13 19:13:27.346: W/System.err(8943): 	at org.apache.http.impl.AbstractHttpClientConnection.receiveResponseHeader(AbstractHttpClientConnection.java:180)
10-13 19:13:27.346: W/System.err(8943): 	at org.apache.http.impl.conn.DefaultClientConnection.receiveResponseHeader(DefaultClientConnection.java:235)
10-13 19:13:27.346: W/System.err(8943): 	at org.apache.http.impl.conn.AbstractClientConnAdapter.receiveResponseHeader(AbstractClientConnAdapter.java:259)
10-13 19:13:27.356: W/System.err(8943): 	at org.apache.http.protocol.HttpRequestExecutor.doReceiveResponse(HttpRequestExecutor.java:279)
10-13 19:13:27.356: W/System.err(8943): 	at org.apache.http.protocol.HttpRequestExecutor.execute(HttpRequestExecutor.java:121)
10-13 19:13:27.356: W/System.err(8943): 	at org.apache.http.impl.client.DefaultRequestDirector.execute(DefaultRequestDirector.java:428)
10-13 19:13:27.356: W/System.err(8943): 	at org.apache.http.impl.client.AbstractHttpClient.execute(AbstractHttpClient.java:555)
10-13 19:13:27.356: W/System.err(8943): 	at org.apache.http.impl.client.AbstractHttpClient.execute(AbstractHttpClient.java:487)
10-13 19:13:27.356: W/System.err(8943): 	at android.net.http.AndroidHttpClient.execute(AndroidHttpClient.java:257)
10-13 19:13:27.356: W/System.err(8943): 	at lj.a(SourceFile:200)
10-13 19:13:27.356: W/System.err(8943): 	at lj.execute(SourceFile:242)
10-13 19:13:27.366: W/System.err(8943): 	at lj.execute(SourceFile:310)
10-13 19:13:27.366: W/System.err(8943): 	at esr.g(SourceFile:126)
10-13 19:13:27.366: W/System.err(8943): 	at esr.c(SourceFile:172)
10-13 19:13:27.366: W/System.err(8943): 	at evh.run(SourceFile:418)
10-13 19:13:27.366: W/System.err(8943): 	at evg.b(SourceFile:224)
10-13 19:13:27.366: W/System.err(8943): 	at evg.run(SourceFile:198)
10-13 19:13:27.366: W/System.err(8943): 	at esz.run(SourceFile:96)
10-13 19:13:30.419: D/ALSAStreamOps(164): setParameters(): keyRouting with device 0x2
10-13 19:13:30.419: D/ALSAModule(164): s_route: devices 0x2 in mode 0
10-13 19:13:30.419: D/ALSAModule(164): switchDevice: device 2 mode:0
10-13 19:13:30.419: D/ALSAModule(164): No valid input device: 0
10-13 19:13:30.419: D/ALSAModule(164): switchDevice,rxDev:Speaker, txDev:(null), curRxDev:Speaker, curTxDev:DMIC Endfire
10-13 19:13:30.419: D/alsa_ucm(164): snd_use_case_set(): uc_mgr 0x40cec2a0 identifier _enadev value Speaker
10-13 19:13:30.419: D/ALSAModule(164): switchDevice: curTxUCMDevivce DMIC Endfire curRxDevDevice Speaker
10-13 19:13:30.419: D/AndroidRuntime(5992): Shutting down VM
10-13 19:13:30.419: W/dalvikvm(5992): threadid=1: thread exiting with uncaught exception (group=0x40d24930)
10-13 19:13:30.419: D/AudioStreamOutALSA(164): mHandle->useCase: HiFi Lowlatency
10-13 19:13:30.419: D/ALSAModule(164): s_route: devices 0x2 in mode 0
10-13 19:13:30.419: D/ALSAModule(164): switchDevice: device 2 mode:0
10-13 19:13:30.419: D/ALSAModule(164): No valid input device: 0
10-13 19:13:30.419: D/ALSAModule(164): switchDevice,rxDev:Speaker, txDev:(null), curRxDev:Speaker, curTxDev:DMIC Endfire
10-13 19:13:30.419: D/alsa_ucm(164): snd_use_case_set(): uc_mgr 0x40cec2a0 identifier _enadev value Speaker
10-13 19:13:30.419: D/ALSAModule(164): switchDevice: curTxUCMDevivce DMIC Endfire curRxDevDevice Speaker
10-13 19:13:30.419: D/alsa_ucm(164): snd_use_case_set(): uc_mgr 0x40cec2a0 identifier _verb value HiFi Lowlatency
10-13 19:13:30.419: D/alsa_ucm(164): Set mixer controls for Speaker enable 1
10-13 19:13:30.419: D/ACDB-LOADER(164): ACDB -> send_afe_cal
10-13 19:13:30.419: I/ActivityManager(534): START u0 {cmp=com.hello.ms/.ScanActivity} from pid 5992
10-13 19:13:30.429: E/AndroidRuntime(5992): FATAL EXCEPTION: main
10-13 19:13:30.429: E/AndroidRuntime(5992): java.lang.IllegalStateException: Could not execute method of the activity
10-13 19:13:30.429: E/AndroidRuntime(5992): 	at android.view.View$1.onClick(View.java:3606)
10-13 19:13:30.429: E/AndroidRuntime(5992): 	at android.view.View.performClick(View.java:4211)
10-13 19:13:30.429: E/AndroidRuntime(5992): 	at android.view.View$PerformClick.run(View.java:17362)
10-13 19:13:30.429: E/AndroidRuntime(5992): 	at android.os.Handler.handleCallback(Handler.java:725)
10-13 19:13:30.429: E/AndroidRuntime(5992): 	at android.os.Handler.dispatchMessage(Handler.java:92)
10-13 19:13:30.429: E/AndroidRuntime(5992): 	at android.os.Looper.loop(Looper.java:137)
10-13 19:13:30.429: E/AndroidRuntime(5992): 	at android.app.ActivityThread.main(ActivityThread.java:5227)
10-13 19:13:30.429: E/AndroidRuntime(5992): 	at java.lang.reflect.Method.invokeNative(Native Method)
10-13 19:13:30.429: E/AndroidRuntime(5992): 	at java.lang.reflect.Method.invoke(Method.java:511)
10-13 19:13:30.429: E/AndroidRuntime(5992): 	at com.android.internal.os.ZygoteInit$MethodAndArgsCaller.run(ZygoteInit.java:795)
10-13 19:13:30.429: E/AndroidRuntime(5992): 	at com.android.internal.os.ZygoteInit.main(ZygoteInit.java:562)
10-13 19:13:30.429: E/AndroidRuntime(5992): 	at dalvik.system.NativeStart.main(Native Method)
10-13 19:13:30.429: E/AndroidRuntime(5992): Caused by: java.lang.reflect.InvocationTargetException
10-13 19:13:30.429: E/AndroidRuntime(5992): 	at java.lang.reflect.Method.invokeNative(Native Method)
10-13 19:13:30.429: E/AndroidRuntime(5992): 	at java.lang.reflect.Method.invoke(Method.java:511)
10-13 19:13:30.429: E/AndroidRuntime(5992): 	at android.view.View$1.onClick(View.java:3601)
10-13 19:13:30.429: E/AndroidRuntime(5992): 	... 11 more
10-13 19:13:30.429: E/AndroidRuntime(5992): Caused by: android.content.ActivityNotFoundException: Unable to find explicit activity class {com.hello.ms/com.hello.ms.ScanActivity}; have you declared this activity in your AndroidManifest.xml?
10-13 19:13:30.429: E/AndroidRuntime(5992): 	at android.app.Instrumentation.checkStartActivityResult(Instrumentation.java:1618)
10-13 19:13:30.429: E/AndroidRuntime(5992): 	at android.app.Instrumentation.execStartActivity(Instrumentation.java:1417)
10-13 19:13:30.429: E/AndroidRuntime(5992): 	at android.app.Activity.startActivityForResult(Activity.java:3370)
10-13 19:13:30.429: E/AndroidRuntime(5992): 	at android.app.Activity.startActivityForResult(Activity.java:3331)
10-13 19:13:30.429: E/AndroidRuntime(5992): 	at android.app.Activity.startActivity(Activity.java:3566)
10-13 19:13:30.429: E/AndroidRuntime(5992): 	at android.app.Activity.startActivity(Activity.java:3534)
10-13 19:13:30.429: E/AndroidRuntime(5992): 	at com.hello.ms.MainActivity.onScanButtonClicked(MainActivity.java:76)
10-13 19:13:30.429: E/AndroidRuntime(5992): 	... 14 more
10-13 19:13:30.429: D/alsa_ucm(164): Set mixer controls for HiFi Lowlatency enable 1
10-13 19:13:30.429: D/ALSAModule(164): Device value returned is hw:0,14
10-13 19:13:30.439: D/ALSAModule(164): setHardwareParams: reqBuffSize 1024 channels 2 sampleRate 48000
10-13 19:13:30.439: D/ALSAModule(164): setHardwareParams: buffer_size 2048, period_size 1024, period_cnt 2
10-13 19:13:30.439: W/ActivityManager(534):   Force finishing activity com.hello.ms/.MainActivity
10-13 19:13:30.569: D/overlay(161): Unset pipe=VG0 dpy=0; Unset pipe=RGB1 dpy=0; 
10-13 19:13:30.699: D/overlay(161): Set pipe=RGB1 dpy=0; Set pipe=VG0 dpy=0; Set pipe=VG1 dpy=0; 
10-13 19:13:30.860: D/overlay(161): Unset pipe=VG0 dpy=0; Unset pipe=VG1 dpy=0; Unset pipe=RGB1 dpy=0; 
10-13 19:13:30.950: W/ActivityManager(534): Activity pause timeout for ActivityRecord{40fa1b08 u0 com.hello.ms/.MainActivity}
