I/ActivityManager(  534): Start proc com.google.android.talk for activity com.google.android.talk/.SigningInActivity: pid=28260 uid=10077 gids={50077, 3003, 1015, 1006, 3002, 1028}
I/ActivityManager(  534): START u0 {act=android.intent.action.VIEW flg=0x8000 cmp=com.google.android.talk/com.google.android.apps.babel.phone.AccountSignInActivity (has extras)} from pid 28260
I/ActivityManager(  534): START u0 {act=android.intent.action.MAIN flg=0x34000000 cmp=com.google.android.talk/com.google.android.apps.babel.phone.BabelHomeActivity (has extras)} from pid 28260
I/ActivityManager(  534): Start proc com.google.android.inputmethod.latin.dictionarypack for content provider com.google.android.inputmethod.latin.dictionarypack/.DictionaryProvider: pid=28335 uid=10060 gids={50060, 3003, 1015, 1028}
W/ActivityManager(  534): Permission denied: checkComponentPermission() owningUid=10064
W/ActivityManager(  534): Permission denied: checkComponentPermission() owningUid=10064
W/ActivityManager(  534): Permission denied: checkComponentPermission() owningUid=10064
W/ActivityManager(  534): Permission denied: checkComponentPermission() owningUid=10064
W/ActivityManager(  534): Permission denied: checkComponentPermission() owningUid=10064
W/ActivityManager(  534): Permission denied: checkComponentPermission() owningUid=10064
W/ActivityManager(  534): Permission denied: checkComponentPermission() owningUid=10064
W/ActivityManager(  534): Permission denied: checkComponentPermission() owningUid=10064
W/ActivityManager(  534): Permission denied: checkComponentPermission() owningUid=10064
W/ActivityManager(  534): Permission denied: checkComponentPermission() owningUid=10064
W/ActivityManager(  534): Permission denied: checkComponentPermission() owningUid=10064
W/ActivityManager(  534): Permission denied: checkComponentPermission() owningUid=10064
W/ActivityManager(  534): Permission denied: checkComponentPermission() owningUid=10064
W/ActivityManager(  534): Permission denied: checkComponentPermission() owningUid=10064
W/ActivityManager(  534): Permission denied: checkComponentPermission() owningUid=10064
W/ActivityManager(  534): Permission denied: checkComponentPermission() owningUid=10064
W/ActivityManager(  534): Permission denied: checkComponentPermission() owningUid=10064
W/ActivityManager(  534): Permission denied: checkComponentPermission() owningUid=10064
W/ActivityManager(  534): Permission denied: checkComponentPermission() owningUid=10064
W/ActivityManager(  534): Permission denied: checkComponentPermission() owningUid=10064
I/PowerManagerService(  534): Going to sleep due to screen timeout...
I/PowerManagerService(  534): Waking up from sleep...
I/WindowManager(  534): No lock screen!
I/ActivityManager(  534): START u0 {act=android.intent.action.MAIN cat=[android.intent.category.HOME] flg=0x10200000 cmp=com.cyanogenmod.trebuchet/.Launcher} from pid 534
W/InputMethodManagerService(  534): Starting input on non-focused client com.android.internal.view.IInputMethodClient$Stub$Proxy@414e66a0 (uid=10077 pid=28260)
I/ActivityManager(  534): START u0 {act=ACTION_CAMERA_UPLOAD_GALLERY flg=0x20000000 cmp=com.dropbox.android/.activity.DropboxActionBarActivity} from pid -1
W/ActivityManager(  534): Activity start request from 10076 stopped
W/ActivityManager(  534): startActivity called from non-Activity context; forcing Intent.FLAG_ACTIVITY_NEW_TASK for: Intent { act=ACTION_CAMERA_UPLOAD_GALLERY flg=0x20000000 cmp=com.dropbox.android/.activity.DropboxActionBarActivity }
I/ActivityManager(  534): START u0 {act=android.intent.action.MAIN cat=[android.intent.category.HOME] flg=0x10200000 cmp=com.cyanogenmod.trebuchet/.Launcher} from pid 534
I/ActivityManager(  534): START u0 {act=android.settings.APPLICATION_DETAILS_SETTINGS dat=package:com.uiuc.acm.rp flg=0x10800000 cmp=com.android.settings/.applications.InstalledAppDetails} from pid 31535
I/ActivityManager(  534): Force stopping package com.uiuc.acm.rp appid=10075 user=0
I/ActivityManager(  534): Killing proc 7090:com.uiuc.acm.rp/u0a10075: force stop com.uiuc.acm.rp
W/ActivityManager(  534): Scheduling restart of crashed service com.uiuc.acm.rp/com.parse.PushService in 5000ms
I/ActivityManager(  534):   Force finishing activity ActivityRecord{41488120 u0 com.uiuc.acm.rp/.MainActivity}
I/ActivityManager(  534):   Force stopping service ServiceRecord{41f20348 u0 com.uiuc.acm.rp/com.parse.PushService}
W/ContextImpl(27226): Calling a method in the system process without a qualified user: android.app.ContextImpl.sendOrderedBroadcast:1130 android.content.ContextWrapper.sendOrderedBroadcast:357 com.android.settings.applications.InstalledAppDetails.checkForceStop:1304 com.android.settings.applications.InstalledAppDetails.forceStopPackage:1275 com.android.settings.applications.InstalledAppDetails.access$900:96 
I/WindowState(  534): WIN DEATH: Window{411321f8 u0 com.uiuc.acm.rp/com.uiuc.acm.rp.MainActivity}
W/ContextImpl(27226): Calling a method in the system process without a qualified user: android.app.ContextImpl.sendOrderedBroadcast:1130 android.content.ContextWrapper.sendOrderedBroadcast:357 com.android.settings.applications.InstalledAppDetails.checkForceStop:1304 com.android.settings.applications.InstalledAppDetails.refreshUi:837 com.android.settings.applications.InstalledAppDetails.onPackageListChanged:613 
W/InputMethodManagerService(  534): Window already focused, ignoring focus gain of: com.android.internal.view.IInputMethodClient$Stub$Proxy@41bc8480 attribute=null, token = android.os.BinderProxy@410a7c08
I/ActivityManager(  534): START u0 {act=android.intent.action.UNINSTALL_PACKAGE dat=package:com.uiuc.acm.rp cmp=com.android.packageinstaller/.UninstallerActivity (has extras)} from pid 27226
I/ActivityManager(  534): Start proc com.android.packageinstaller for activity com.android.packageinstaller/.UninstallerActivity: pid=28712 uid=10032 gids={50032, 1028}
I/ActivityManager(  534): START u0 {act=android.intent.action.VIEW cmp=com.android.packageinstaller/.UninstallAppProgress (has extras)} from pid 28712
I/ActivityManager(  534): Force stopping package com.uiuc.acm.rp appid=10075 user=-1
W/PackageManager(  534): Couldn't delete native library directory /data/app-lib/com.uiuc.acm.rp
I/ActivityManager(  534): Force stopping package com.uiuc.acm.rp appid=10075 user=0
I/ActivityManager(  534): Start proc com.android.keychain for broadcast com.android.keychain/.KeyChainBroadcastReceiver: pid=28741 uid=1000 gids={41000, 1015, 1028, 3002, 3001, 3003, 3007}
W/ContextImpl(27226): Calling a method in the system process without a qualified user: android.app.ContextImpl.sendOrderedBroadcast:1130 android.content.ContextWrapper.sendOrderedBroadcast:357 com.android.settings.applications.InstalledAppDetails.checkForceStop:1304 com.android.settings.applications.InstalledAppDetails.refreshUi:837 com.android.settings.applications.InstalledAppDetails.onActivityResult:554 
W/ContextImpl(28741): Calling a method in the system process without a qualified user: android.app.ContextImpl.startService:1404 android.content.ContextWrapper.startService:450 android.content.ContextWrapper.startService:450 com.android.keychain.KeyChainBroadcastReceiver.onReceive:12 android.app.ActivityThread.handleReceiver:2504 
W/ActivityManager(  534): Permission denied: checkComponentPermission() owningUid=10064
W/ActivityManager(  534): Permission denied: checkComponentPermission() owningUid=10064
W/ActivityManager(  534): Permission denied: checkComponentPermission() owningUid=10064
W/ActivityManager(  534): Permission denied: checkComponentPermission() owningUid=10064
W/ActivityManager(  534): Permission denied: checkComponentPermission() owningUid=10064
W/ActivityManager(  534): Permission denied: checkComponentPermission() owningUid=10064
W/ActivityManager(  534): Permission denied: checkComponentPermission() owningUid=10064
W/ActivityManager(  534): Permission denied: checkComponentPermission() owningUid=10064
W/ActivityManager(  534): Permission denied: checkComponentPermission() owningUid=10064
W/ActivityManager(  534): Permission denied: checkComponentPermission() owningUid=10064
I/ActivityManager(  534): No longer want com.cyanogenmod.updater (pid 27187): empty #17
I/ActivityManager(  534): No longer want com.google.android.apps.uploader (pid 27240): empty #17
W/BackupManagerService(  534): dataChanged but no participant pkg='com.android.providers.settings' uid=10040
I/ActivityManager(  534): Start proc com.android.cellbroadcastreceiver for broadcast com.android.cellbroadcastreceiver/.CellBroadcastReceiver: pid=28788 uid=10011 gids={50011, 1028}
I/ActivityManager(  534): No longer want com.cyanogenmod.lockclock (pid 26164): empty #17
I/ActivityManager(  534): Start proc com.android.calendar for broadcast com.android.calendar/.widget.CalendarAppWidgetService$CalendarFactory: pid=28897 uid=10009 gids={50009, 3003, 1028}
I/ActivityManager(  534): No longer want com.android.email (pid 31992): empty #17
I/ActivityManager(  534): Start proc com.cyanogenmod.lockclock for broadcast com.cyanogenmod.lockclock/.ClockWidgetProvider: pid=28927 uid=10028 gids={50028, 3003, 1028}
I/ActivityManager(  534): No longer want com.android.providers.calendar (pid 25573): empty #17
W/InputMethodManagerService(  534): Window already focused, ignoring focus gain of: com.android.internal.view.IInputMethodClient$Stub$Proxy@4104c920 attribute=null, token = android.os.BinderProxy@41afdd38
I/ActivityManager(  534): Start proc com.android.providers.calendar for content provider com.android.providers.calendar/.CalendarProvider2: pid=28951 uid=10010 gids={50010, 3003, 1015, 1028}
I/ActivityManager(  534): No longer want com.svox.pico (pid 28184): empty #17
I/ActivityManager(  534): START u0 {act=android.intent.action.MAIN cat=[android.intent.category.HOME] flg=0x10200000 cmp=com.cyanogenmod.trebuchet/.Launcher} from pid 534
I/ActivityManager(  534): START u0 {act=android.intent.action.MAIN cat=[android.intent.category.LAUNCHER] flg=0x10200000 pkg=com.google.android.talk cmp=com.google.android.talk/.SigningInActivity bnds=[168,703][296,863]} from pid 31535
D/ConnectivityService(  534): ConnectivityChange for mobile: CONNECTED/CONNECTED
D/ConnectivityService(  534): ConnectivityChange for mobile: DISCONNECTED/DISCONNECTED
D/ConnectivityService(  534): Attempting to switch to WIFI
D/ConnectivityService(  534): Attempting to switch to BLUETOOTH_TETHER
D/ConnectivityService(  534): resetConnections(rmnet_usb0, 3)
I/ActivityManager(  534): Start proc com.cyanogenmod.updater for broadcast com.cyanogenmod.updater/.receiver.UpdateCheckReceiver: pid=29100 uid=10006 gids={50006, 3003, 1015, 2001, 1028}
I/ActivityManager(  534): Start proc com.android.email for content provider com.android.email/.provider.EmailProvider: pid=29111 uid=10018 gids={50018, 3003, 1015, 1028}
I/ActivityManager(  534): Start proc com.google.android.apps.uploader for broadcast com.google.android.apps.uploader/com.google.android.picasasync.ConnectivityReceiver: pid=29144 uid=10061 gids={50061, 3003, 1015, 1028}
I/ActivityManager(  534): No longer want com.google.android.partnersetup (pid 27490): empty #17
I/ActivityManager(  534): No longer want com.android.packageinstaller (pid 28712): empty #17
I/ActivityManager(  534): No longer want com.google.android.inputmethod.latin.dictionarypack (pid 28335): empty #17
D/ConnectivityService(  534): handleInetConditionHoldEnd: net=1, condition=100, published condition=100
I/ActivityManager(  534): START u0 {act=android.intent.action.VIEW flg=0x34008000 cmp=com.google.android.talk/com.google.android.apps.babel.phone.BabelHomeActivity bnds=[0,102][768,230] (has extras)} from pid -1
W/ActivityManager(  534): Permission denied: checkComponentPermission() owningUid=10064
W/ActivityManager(  534): Permission denied: checkComponentPermission() owningUid=10064
W/ActivityManager(  534): Permission denied: checkComponentPermission() owningUid=10064
W/ActivityManager(  534): Permission denied: checkComponentPermission() owningUid=10064
W/ActivityManager(  534): Permission denied: checkComponentPermission() owningUid=10064
W/ActivityManager(  534): Permission denied: checkComponentPermission() owningUid=10064
I/ActivityManager(  534): START u0 {act=android.intent.action.MAIN cat=[android.intent.category.HOME] flg=0x10200000 cmp=com.cyanogenmod.trebuchet/.Launcher} from pid 534
I/ActivityManager(  534): START u0 {act=android.intent.action.MAIN cat=[android.intent.category.LAUNCHER] flg=0x10200000 cmp=com.android.email/.activity.Welcome bnds=[320,703][448,863]} from pid 31535
I/ActivityManager(  534): START u0 {act=android.intent.action.MAIN cat=[android.intent.category.LAUNCHER] flg=0x2000000 cmp=com.android.email/.activity.EmailActivity (has extras)} from pid 29111
W/ActivityManager(  534): Duplicate finish request for ActivityRecord{40fd4610 u0 com.android.email/.activity.Welcome}
W/ActivityManager(  534): Permission denied: checkComponentPermission() owningUid=10064
W/ActivityManager(  534): Permission denied: checkComponentPermission() owningUid=10064
W/ActivityManager(  534): Permission denied: checkComponentPermission() owningUid=10064
W/ActivityManager(  534): Permission denied: checkComponentPermission() owningUid=10064
W/ActivityManager(  534): Permission denied: checkComponentPermission() owningUid=10064
W/ActivityManager(  534): Permission denied: checkComponentPermission() owningUid=10064
W/ActivityManager(  534): Permission denied: checkComponentPermission() owningUid=10064
W/ActivityManager(  534): Permission denied: checkComponentPermission() owningUid=10064
W/ActivityManager(  534): Permission denied: checkComponentPermission() owningUid=10064
W/ActivityManager(  534): Permission denied: checkComponentPermission() owningUid=10064
I/ActivityManager(  534): Start proc com.google.android.configupdater for broadcast com.google.android.configupdater/.SmsShortCodesUpdateRequestReceiver: pid=29681 uid=10051 gids={50051, 3003, 2001, 1028}
I/ActivityManager(  534): START u0 {act=android.intent.action.MAIN cat=[android.intent.category.HOME] flg=0x10200000 cmp=com.cyanogenmod.trebuchet/.Launcher} from pid 534
I/ActivityManager(  534): START u0 {act=android.intent.action.MAIN cat=[android.intent.category.LAUNCHER] flg=0x10200000 cmp=com.google.android.gm/.ConversationListActivityGmail bnds=[472,883][600,1043]} from pid 31535
I/ActivityManager(  534): Start proc com.google.android.gm for activity com.google.android.gm/.ConversationListActivityGmail: pid=30011 uid=10053 gids={50053, 3003, 1015, 1028}
D/ActivityThread(30011): Loading provider com.android.gmail.ui: com.google.android.gm.provider.GmailProvider
W/ActivityManager(  534): Unable to start service Intent { act=com.google.android.gms.analytics.service.START (has extras) } U=0: not found
W/ActivityManager(  534): Unable to start service Intent { act=com.google.android.gms.analytics.service.START (has extras) } U=0: not found
I/PowerManagerService(  534): Going to sleep by user request...
D/PhoneStatusBar(  655): disable: < expand icons alerts ticker system_info back home RECENT* clock search >
D/PhoneStatusBar(  655): disable: < expand icons alerts ticker system_info BACK* HOME* RECENT CLOCK* search >
I/PowerManagerService(  534): Waking up from sleep...
I/WindowManager(  534): Lock screen displayed!
D/PerformBackupTask(  534): starting agent for backup of BackupRequest{pkg=com.google.android.talk}
D/BackupManagerService(  534): awaiting agent for ApplicationInfo{413dad58 com.google.android.talk}
D/BackupManagerService(  534): agentConnected pkg=com.google.android.talk agent=android.os.BinderProxy@41533638
D/PerformBackupTask(  534): starting agent for backup of BackupRequest{pkg=android}
D/BackupManagerService(  534): awaiting agent for ApplicationInfo{411e3a68 android}
D/BackupManagerService(  534): agentConnected pkg=android agent=android.app.backup.BackupAgent$BackupServiceBinder@41199158
D/PerformBackupTask(  534): starting agent for backup of BackupRequest{pkg=com.android.providers.settings}
D/BackupManagerService(  534): awaiting agent for ApplicationInfo{41357930 com.android.providers.settings}
D/BackupManagerService(  534): agentConnected pkg=com.android.providers.settings agent=android.app.backup.BackupAgent$BackupServiceBinder@423cfcd8
I/PerformBackupTask(  534): Backup pass finished.
I/PowerManagerService(  534): Going to sleep due to screen timeout...
W/ProcessStats(  534): Skipping unknown process pid 30258
W/ProcessStats(  534): Skipping unknown process pid 30261
W/ProcessStats(  534): Skipping unknown process pid 30274
W/ThrottleService(  534): unable to find stats for iface rmnet_usb0
I/PowerManagerService(  534): Waking up from sleep...
I/WindowManager(  534): Lock screen displayed!
D/PhoneStatusBar(  655): disable: < expand icons alerts ticker system_info BACK HOME recent* CLOCK search >
D/PhoneStatusBar(  655): disable: < expand icons alerts ticker system_info back* home* recent clock* search >
W/InputMethodManagerService(  534): Window already focused, ignoring focus gain of: com.android.internal.view.IInputMethodClient$Stub$Proxy@4247c8f8 attribute=android.view.inputmethod.EditorInfo@42470aa0, token = android.os.BinderProxy@41f49c68
D/ConnectivityService(  534): handleInetConditionHoldEnd: net=1, condition=0, published condition=100
I/ActivityManager(  534): START u0 {act=android.intent.action.MAIN cat=[android.intent.category.HOME] flg=0x10200000 cmp=com.cyanogenmod.trebuchet/.Launcher} from pid 534
I/ActivityManager(  534): START u0 {act=android.intent.action.MAIN cat=[android.intent.category.LAUNCHER] flg=0x10200000 cmp=com.android.contacts/.activities.DialtactsActivity bnds=[56,1058][184,1186]} from pid 31535
I/ActivityManager(  534): Start proc com.android.contacts for activity com.android.contacts/.activities.DialtactsActivity: pid=30420 uid=10001 gids={50001, 3003, 1015, 1028}
I/ActivityManager(  534): START u0 {act=android.intent.action.CALL_PRIVILEGED dat=tel:xxxxxxxxxxx flg=0x10000000 cmp=com.android.phone/.PrivilegedOutgoingCallBroadcaster} from pid 30420
I/ActivityManager(  534): START u0 {act=com.android.phone.SIP_SELECT_PHONE dat=tel:xxxxxxxxxxx flg=0x10000000 cmp=com.android.phone/.SipCallOptionHandler (has extras)} from pid 796
I/ActivityManager(  534): START u0 {act=android.intent.action.MAIN flg=0x10840000 cmp=com.android.phone/.InCallScreen} from pid 796
D/PhoneStatusBar(  655): disable: < expand icons ALERTS* ticker system_info back home recent clock search >
D/ConnectivityService(  534): handleInetConditionHoldEnd: net=1, condition=100, published condition=0
D/PhoneStatusBar(  655): disable: < expand icons alerts* ticker system_info back home recent clock search >
I/ActivityManager(  534): moveTaskToBack: 8
I/PowerManagerService(  534): Going to sleep by user request...
D/PhoneStatusBar(  655): disable: < expand icons alerts ticker system_info back home RECENT* clock search >
D/PhoneStatusBar(  655): disable: < expand icons alerts ticker system_info BACK* HOME* RECENT CLOCK* search >
I/PowerManagerService(  534): Waking up from sleep...
I/WindowManager(  534): Lock screen displayed!
D/PhoneStatusBar(  655): disable: < expand icons alerts ticker system_info BACK HOME recent* CLOCK search >
D/PhoneStatusBar(  655): disable: < expand icons alerts ticker system_info back* home* recent clock* search >
W/InputMethodManagerService(  534): Window already focused, ignoring focus gain of: com.android.internal.view.IInputMethodClient$Stub$Proxy@41108a48 attribute=android.view.inputmethod.EditorInfo@410d9d78, token = android.os.BinderProxy@4111e820
I/ActivityManager(  534): START u0 {act=android.intent.action.CALL_PRIVILEGED dat=tel:xxxxxxxxxxxxxxx flg=0x10000000 cmp=com.android.phone/.PrivilegedOutgoingCallBroadcaster (has extras)} from pid 30420
I/ActivityManager(  534): START u0 {act=com.android.phone.SIP_SELECT_PHONE dat=tel:xxxxxxxxxxxxxxx flg=0x10000000 cmp=com.android.phone/.SipCallOptionHandler (has extras)} from pid 796
I/ActivityManager(  534): START u0 {act=android.intent.action.MAIN flg=0x10840000 cmp=com.android.phone/.InCallScreen} from pid 796
D/PhoneStatusBar(  655): disable: < expand icons ALERTS* ticker system_info back home recent clock search >
D/PhoneStatusBar(  655): disable: < expand icons alerts* ticker system_info back home recent clock search >
I/ActivityManager(  534): moveTaskToBack: 8
I/ActivityManager(  534): START u0 {act=android.intent.action.MAIN cat=[android.intent.category.HOME] flg=0x10200000 cmp=com.cyanogenmod.trebuchet/.Launcher} from pid 534
I/PowerManagerService(  534): Going to sleep by user request...
D/PhoneStatusBar(  655): disable: < expand icons alerts ticker system_info back home RECENT* clock search >
D/PhoneStatusBar(  655): disable: < expand icons alerts ticker system_info BACK* HOME* RECENT CLOCK* search >
I/PowerManagerService(  534): Waking up from sleep...
I/WindowManager(  534): Lock screen displayed!
D/PhoneStatusBar(  655): disable: < expand icons alerts ticker system_info BACK HOME recent* CLOCK search >
D/PhoneStatusBar(  655): disable: < expand icons alerts ticker system_info back* home* recent clock* search >
W/InputMethodManagerService(  534): Window already focused, ignoring focus gain of: com.android.internal.view.IInputMethodClient$Stub$Proxy@41bc7be8 attribute=android.view.inputmethod.EditorInfo@41c55788, token = android.os.BinderProxy@41afdd38
I/ActivityManager(  534): START u0 {act=android.intent.action.MAIN cat=[android.intent.category.LAUNCHER] flg=0x10200000 cmp=com.android.mms/.ui.ConversationList bnds=[452,1058][580,1186]} from pid 31535
I/ActivityManager(  534): Start proc com.android.mms for activity com.android.mms/.ui.ConversationList: pid=30833 uid=10030 gids={50030, 3003, 1015, 1028}
I/ActivityManager(  534): START u0 {dat=content://mms-sms/conversations/13 cmp=com.android.mms/.ui.ComposeMessageActivity} from pid 30833
I/ActivityManager(  534): No longer want com.bel.android.dspmanager (pid 18001): empty for 1808s
W/ActivityManager(  534): Scheduling restart of crashed service com.bel.android.dspmanager/.service.HeadsetService in 5000ms
I/ActivityManager(  534): Start proc com.bel.android.dspmanager for service com.bel.android.dspmanager/.service.HeadsetService: pid=30932 uid=10013 gids={50013, 3002, 1028}
I/ActivityManager(  534): START u0 {act=android.intent.action.MAIN cat=[android.intent.category.HOME] flg=0x10200000 cmp=com.cyanogenmod.trebuchet/.Launcher} from pid 534
I/PowerManagerService(  534): Going to sleep by user request...
D/PhoneStatusBar(  655): disable: < expand icons alerts ticker system_info back home RECENT* clock search >
D/PhoneStatusBar(  655): disable: < expand icons alerts ticker system_info BACK* HOME* RECENT CLOCK* search >
W/ThrottleService(  534): unable to find stats for iface rmnet_usb0
W/ProcessStats(  534): Skipping unknown process pid 31315
W/ThrottleService(  534): unable to find stats for iface rmnet_usb0
W/ProcessStats(  534): Skipping unknown process pid 31348
W/ProcessStats(  534): Skipping unknown process pid 31350
W/ThrottleService(  534): unable to find stats for iface rmnet_usb0
I/ActivityManager(  534): Start proc com.google.android.apps.maps for service com.google.android.apps.maps/com.google.android.apps.gmm.prefetch.PrefetcherService: pid=31554 uid=10069 gids={50069, 3003, 1015, 1028}
I/ActivityManager(  534): Start proc com.google.android.tts for service com.google.android.tts/.GoogleTTSService: pid=31598 uid=10059 gids={50059, 3003, 1015, 1028}
I/ActivityManager(  534): No longer want com.tmobile.thememanager (pid 28198): empty #17
I/ActivityManager(  534): No longer want com.android.keychain (pid 28741): empty #18
W/ThrottleService(  534): unable to find stats for iface rmnet_usb0
I/ActivityManager(  534): Start proc com.google.android.partnersetup for content provider com.google.android.partnersetup/.RlzAppProvider: pid=31747 uid=10057 gids={50057, 3003, 1028}
I/ActivityManager(  534): No longer want com.android.defcontainer (pid 28151): empty #17
W/ProcessStats(  534): Skipping unknown process pid 31841
W/ProcessStats(  534): Skipping unknown process pid 31843
W/ProcessStats(  534): Skipping unknown process pid 31845
W/ThrottleService(  534): unable to find stats for iface rmnet_usb0
D/PerformBackupTask(  534): starting agent for backup of BackupRequest{pkg=android}
D/BackupManagerService(  534): awaiting agent for ApplicationInfo{411e3a68 android}
D/BackupManagerService(  534): agentConnected pkg=android agent=android.app.backup.BackupAgent$BackupServiceBinder@41c19580
D/PerformBackupTask(  534): starting agent for backup of BackupRequest{pkg=com.android.providers.settings}
D/BackupManagerService(  534): awaiting agent for ApplicationInfo{41357930 com.android.providers.settings}
D/BackupManagerService(  534): agentConnected pkg=com.android.providers.settings agent=android.app.backup.BackupAgent$BackupServiceBinder@41254a78
I/PerformBackupTask(  534): Backup pass finished.
W/ThrottleService(  534): unable to find stats for iface rmnet_usb0
I/PowerManagerService(  534): Waking up from sleep...
I/WindowManager(  534): Lock screen displayed!
D/PhoneStatusBar(  655): disable: < expand icons alerts ticker system_info BACK HOME recent* CLOCK search >
D/PhoneStatusBar(  655): disable: < expand icons alerts ticker system_info back* home* recent clock* search >
W/InputMethodManagerService(  534): Window already focused, ignoring focus gain of: com.android.internal.view.IInputMethodClient$Stub$Proxy@41f4df10 attribute=android.view.inputmethod.EditorInfo@4192f200, token = android.os.BinderProxy@41afdd38
I/ActivityManager(  534): START u0 {act=android.intent.action.MAIN cat=[android.intent.category.LAUNCHER] flg=0x1000c000 cmp=com.android.mms/.ui.ConversationList} from pid -1
I/ActivityManager(  534): No longer want com.android.cellbroadcastreceiver (pid 28788): empty #17
I/ActivityManager(  534): START u0 {dat=content://mms-sms/conversations/13 flg=0x34000000 cmp=com.android.mms/.ui.ComposeMessageActivity bnds=[0,102][768,358]} from pid -1
W/ThrottleService(  534): unable to find stats for iface rmnet_usb0
I/ActivityManager(  534): Config changes=480 {1.0 310mcc260mnc en_US ldltr sw384dp w598dp h359dp 320dpi nrml land finger -keyb/v/h -nav/h s.95 themeResource=null}
W/PhoneStatusBar/NavigationBarView(  655): *** Invalid layout in navigation bar (sizeChanged this=84x768 cur=768x96)
I/PowerManagerService(  534): Going to sleep due to screen timeout...
D/PhoneStatusBar(  655): disable: < expand icons alerts ticker system_info back home RECENT* clock search >
I/ActivityManager(  534): Config changes=480 {1.0 310mcc260mnc en_US ldltr sw384dp w384dp h567dp 320dpi nrml port finger -keyb/v/h -nav/h s.96 themeResource=null}
W/PhoneStatusBar/NavigationBarView(  655): *** Invalid layout in navigation bar (sizeChanged this=768x96 cur=84x768)
D/PhoneStatusBar(  655): disable: < expand icons alerts ticker system_info BACK* HOME* RECENT CLOCK* search >
I/PowerManagerService(  534): Waking up from sleep...
I/WindowManager(  534): Lock screen displayed!
D/PhoneStatusBar(  655): disable: < expand icons alerts ticker system_info BACK HOME recent* CLOCK search >
D/PhoneStatusBar(  655): disable: < expand icons alerts ticker system_info back* home* recent clock* search >
W/InputMethodManagerService(  534): Window already focused, ignoring focus gain of: com.android.internal.view.IInputMethodClient$Stub$Proxy@421ad260 attribute=android.view.inputmethod.EditorInfo@41c59850, token = android.os.BinderProxy@41d867a8
I/ActivityManager(  534): START u0 {act=android.intent.action.MAIN cat=[android.intent.category.HOME] flg=0x10200000 cmp=com.cyanogenmod.trebuchet/.Launcher} from pid 534
I/ActivityManager(  534): START u0 {act=android.intent.action.MAIN cat=[android.intent.category.LAUNCHER] flg=0x10200000 cmp=com.android.gallery3d/com.android.camera.CameraLauncher bnds=[16,883][144,1043]} from pid 31535
D/ConnectivityService(  534): startUsingNetworkFeature reconnecting to 0: enableSUPL
I/ActivityManager(  534): Config changes=480 {1.0 310mcc260mnc en_US ldltr sw384dp w598dp h359dp 320dpi nrml land finger -keyb/v/h -nav/h s.97 themeResource=null}
W/PhoneStatusBar/NavigationBarView(  655): *** Invalid layout in navigation bar (sizeChanged this=84x768 cur=768x96)
D/ConnectivityService(  534): ConnectivityChange for mobile_supl: CONNECTED/CONNECTED
D/ConnectivityService(  534): handleInetConditionHoldEnd: net=1, condition=100, published condition=100
D/ConnectivityService(  534): stopUsingNetworkFeature: teardown net 0: enableSUPL
D/ConnectivityService(  534): ConnectivityChange for mobile_supl: DISCONNECTED/DISCONNECTED
W/FrameworkListener(  158): Handler 'interface' error (No such device)
W/FrameworkListener(  158): Handler 'interface' error (No such device)
D/ConnectivityService(  534): resetConnections(rmnet_usb0, 3)
D/ConnectivityService(  534): handleInetConditionHoldEnd: net=1, condition=100, published condition=100
I/ActivityManager(  534): Config changes=480 {1.0 310mcc260mnc en_US ldltr sw384dp w384dp h567dp 320dpi nrml port finger -keyb/v/h -nav/h s.98 themeResource=null}
W/PhoneStatusBar/NavigationBarView(  655): *** Invalid layout in navigation bar (sizeChanged this=768x96 cur=84x768)
W/ActivityManager(  534): Permission denied: checkComponentPermission() owningUid=10064
W/ActivityManager(  534): Permission denied: checkComponentPermission() owningUid=10064
W/ActivityManager(  534): Permission denied: checkComponentPermission() owningUid=10064
W/ActivityManager(  534): Permission denied: checkComponentPermission() owningUid=10064
W/ActivityManager(  534): Permission denied: checkComponentPermission() owningUid=10064
W/ActivityManager(  534): Permission denied: checkComponentPermission() owningUid=10064
I/ActivityManager(  534): START u0 {act=android.intent.action.MAIN cat=[android.intent.category.HOME] flg=0x10200000 cmp=com.cyanogenmod.trebuchet/.Launcher} from pid 534
I/ActivityManager(  534): START u0 {act=android.intent.action.MAIN cat=[android.intent.category.LAUNCHER] flg=0x10200000 pkg=com.dropbox.android cmp=com.dropbox.android/.activity.DropboxBrowser bnds=[16,703][144,863]} from pid 31535
W/ActivityManager(  534): Permission denied: checkComponentPermission() owningUid=10064
W/ActivityManager(  534): Permission denied: checkComponentPermission() owningUid=10064
W/ActivityManager(  534): Permission denied: checkComponentPermission() owningUid=10064
W/ActivityManager(  534): Permission denied: checkComponentPermission() owningUid=10064
W/ActivityManager(  534): Permission denied: checkComponentPermission() owningUid=10064
W/ActivityManager(  534): Permission denied: checkComponentPermission() owningUid=10064
W/ActivityManager(  534): Permission denied: checkComponentPermission() owningUid=10064
W/ActivityManager(  534): Permission denied: checkComponentPermission() owningUid=10064
I/PowerManagerService(  534): Going to sleep due to screen timeout...
D/PhoneStatusBar(  655): disable: < expand icons alerts ticker system_info back home RECENT* clock search >
D/PhoneStatusBar(  655): disable: < expand icons alerts ticker system_info BACK* HOME* RECENT CLOCK* search >
W/ProcessStats(  534): Skipping unknown process pid 1251
W/ThrottleService(  534): unable to find stats for iface rmnet_usb0
I/ActivityManager(  534): Start proc com.google.android.apps.genie.geniewidget for broadcast com.google.android.apps.genie.geniewidget/.miniwidget.UpdateReceiver: pid=1286 uid=10052 gids={50052, 3003, 1015, 1028}
D/ConnectivityService(  534): Captive portal check NetworkInfo: type: WIFI[], state: CONNECTING/CAPTIVE_PORTAL_CHECK, reason: (unspecified), extra: "EvanScholars", roaming: false, failover: false, isAvailable: true
D/ConnectivityService(  534): Captive portal check NetworkInfo: type: WIFI[], state: CONNECTING/CAPTIVE_PORTAL_CHECK, reason: (unspecified), extra: "EvanScholars", roaming: false, failover: false, isAvailable: true
D/ConnectivityService(  534): ConnectivityChange for WIFI: CONNECTED/CONNECTED
D/ConnectivityService(  534): handleConnectivityChange: address are the same reset per doReset linkProperty[1]: resetMask=0
D/ConnectivityService(  534): ConnectivityChange for WIFI: CONNECTED/CONNECTED
D/ConnectivityService(  534): handleConnectivityChange: address are the same reset per doReset linkProperty[1]: resetMask=0
D/ConnectivityService(  534): NetTransition Wakelock for WifiStateMachine released by timeout
D/ConnectivityService(  534): handleInetConditionHoldEnd: net=1, condition=100, published condition=0
W/ThrottleService(  534): unable to find stats for iface rmnet_usb0
I/PowerManagerService(  534): Waking up from sleep...
I/WindowManager(  534): Lock screen displayed!
D/PhoneStatusBar(  655): disable: < expand icons alerts ticker system_info BACK HOME recent* CLOCK search >
D/PhoneStatusBar(  655): disable: < expand icons alerts ticker system_info back* home* recent clock* search >
W/InputMethodManagerService(  534): Window already focused, ignoring focus gain of: com.android.internal.view.IInputMethodClient$Stub$Proxy@41454b30 attribute=android.view.inputmethod.EditorInfo@410acf18, token = android.os.BinderProxy@41793530
I/ActivityManager(  534): START u0 {act=com.android.systemui.recent.action.TOGGLE_RECENTS flg=0x10800000 cmp=com.android.systemui/.recent.RecentsActivity (has extras)} from pid 655
I/ActivityManager(  534): Config changes=480 {1.0 310mcc260mnc en_US ldltr sw384dp w598dp h359dp 320dpi nrml land finger -keyb/v/h -nav/h s.99 themeResource=null}
I/ActivityManager(  534): Config changes=480 {1.0 310mcc260mnc en_US ldltr sw384dp w384dp h567dp 320dpi nrml port finger -keyb/v/h -nav/h s.100 themeResource=null}
I/ActivityManager(  534): START u0 {act=android.intent.action.MAIN cat=[android.intent.category.HOME] flg=0x10200000 cmp=com.cyanogenmod.trebuchet/.Launcher} from pid 534
I/ActivityManager(  534): START u0 {act=android.intent.action.MAIN cat=[android.intent.category.LAUNCHER] flg=0x10200000 pkg=com.dropbox.android cmp=com.dropbox.android/.activity.DropboxBrowser bnds=[16,703][144,863]} from pid 31535
W/ActivityManager(  534): Permission denied: checkComponentPermission() owningUid=10064
W/ActivityManager(  534): Permission denied: checkComponentPermission() owningUid=10064
W/ActivityManager(  534): Permission denied: checkComponentPermission() owningUid=10064
W/ActivityManager(  534): Permission denied: checkComponentPermission() owningUid=10064
W/ActivityManager(  534): Permission denied: checkComponentPermission() owningUid=10064
W/ActivityManager(  534): Permission denied: checkComponentPermission() owningUid=10064
W/ActivityManager(  534): Permission denied: checkComponentPermission() owningUid=10064
W/ActivityManager(  534): Permission denied: checkComponentPermission() owningUid=10064
W/ActivityManager(  534): Permission denied: checkComponentPermission() owningUid=10064
W/ActivityManager(  534): Permission denied: checkComponentPermission() owningUid=10064
I/PowerManagerService(  534): Going to sleep due to screen timeout...
D/PhoneStatusBar(  655): disable: < expand icons alerts ticker system_info back home RECENT* clock search >
D/PhoneStatusBar(  655): disable: < expand icons alerts ticker system_info BACK* HOME* RECENT CLOCK* search >
I/PowerManagerService(  534): Waking up from sleep...
I/WindowManager(  534): Lock screen displayed!
I/ActivityManager(  534): Start proc com.android.chrome for broadcast com.android.chrome/org.chromium.base.PowerStatusReceiver: pid=2149 uid=10071 gids={50071, 1006, 3003, 1015, 1028}
I/ActivityManager(  534): No longer want com.android.calendar (pid 28897): empty #17
D/PhoneStatusBar(  655): disable: < expand icons alerts ticker system_info BACK HOME recent* CLOCK search >
D/PhoneStatusBar(  655): disable: < expand icons alerts ticker system_info back* home* recent clock* search >
W/InputMethodManagerService(  534): Window already focused, ignoring focus gain of: com.android.internal.view.IInputMethodClient$Stub$Proxy@4200e7e0 attribute=android.view.inputmethod.EditorInfo@42003100, token = android.os.BinderProxy@41793530
I/ActivityManager(  534): START u0 {act=android.intent.action.MAIN cat=[android.intent.category.HOME] flg=0x10200000 cmp=com.cyanogenmod.trebuchet/.Launcher} from pid 534
I/PowerManagerService(  534): Going to sleep due to screen timeout...
D/PhoneStatusBar(  655): disable: < expand icons alerts ticker system_info back home RECENT* clock search >
D/PhoneStatusBar(  655): disable: < expand icons alerts ticker system_info BACK* HOME* RECENT CLOCK* search >
I/ActivityManager(  534): Start proc com.android.defcontainer for service com.android.defcontainer/.DefaultContainerService: pid=2312 uid=10014 gids={50014, 1015, 2001, 1028}
W/ActivityManager(  534): No content provider found for permission revoke: file:///data/local/tmp/HelloMS-debug.apk
I/PackageParser(27889): com.hello.ms: compat added android.permission.READ_PHONE_STATE
I/ActivityManager(  534): START u0 {flg=0x50000000 cmp=com.android.vending/com.google.android.vending.verifier.ConsentDialog (has extras)} from pid 27889
I/PowerManagerService(  534): Waking up from sleep...
I/WindowManager(  534): Lock screen displayed!
D/PhoneStatusBar(  655): disable: < expand icons alerts ticker system_info BACK HOME recent* CLOCK search >
D/PhoneStatusBar(  655): disable: < expand icons alerts ticker system_info back* home* recent clock* search >
W/ActivityManager(  534): No content provider found for permission revoke: file:///data/local/tmp/HelloMS-debug.apk
I/PackageManager(  534): Copying native libraries to /data/app-lib/vmdl-903442316
I/PackageParser(  534): com.hello.ms: compat added android.permission.READ_PHONE_STATE
I/ActivityManager(  534): Force stopping package com.hello.ms appid=10075 user=-1
I/ActivityManager(  534): Start proc com.svox.pico for broadcast com.svox.pico/.VoiceDataInstallerReceiver: pid=2401 uid=10035 gids={50035, 1015, 1028}
I/ActivityManager(  534): Start proc com.tmobile.thememanager for broadcast com.tmobile.thememanager/.receiver.ThemePackageReceiver: pid=2415 uid=1300 gids={41300, -1, 1028}
I/ActivityManager(  534): No longer want com.android.providers.calendar (pid 28951): empty #17
W/ActivityManager(  534): Permission denied: checkComponentPermission() owningUid=10064
W/ActivityManager(  534): Permission denied: checkComponentPermission() owningUid=10064
W/ActivityManager(  534): Permission denied: checkComponentPermission() owningUid=10064
W/ActivityManager(  534): Permission denied: checkComponentPermission() owningUid=10064
W/ActivityManager(  534): Permission denied: checkComponentPermission() owningUid=10064
W/ActivityManager(  534): Permission denied: checkComponentPermission() owningUid=10064
W/ActivityManager(  534): Permission denied: checkComponentPermission() owningUid=10064
W/ActivityManager(  534): Permission denied: checkComponentPermission() owningUid=10064
W/ActivityManager(  534): Permission denied: checkComponentPermission() owningUid=10064
W/ActivityManager(  534): Permission denied: checkComponentPermission() owningUid=10064
I/ActivityManager(  534): No longer want com.google.android.apps.maps (pid 31554): empty #17
I/ActivityManager(  534): START u0 {act=android.intent.action.MAIN cat=[android.intent.category.LAUNCHER] flg=0x10200000 cmp=com.hello.ms/.HelloMS} from pid 31535
I/ActivityManager(  534): Start proc com.hello.ms for activity com.hello.ms/.HelloMS: pid=2496 uid=10075 gids={50075, 3003, 1006, 1015, 1028}
E/AndroidRuntime( 2496): FATAL EXCEPTION: main
E/AndroidRuntime( 2496): java.lang.RuntimeException: Unable to instantiate activity ComponentInfo{com.hello.ms/com.hello.ms.HelloMS}: java.lang.ClassNotFoundException: Didn't find class "com.hello.ms.HelloMS" on path: /data/app/com.hello.ms-1.apk
E/AndroidRuntime( 2496): 	at android.app.ActivityThread.performLaunchActivity(ActivityThread.java:2224)
E/AndroidRuntime( 2496): 	at android.app.ActivityThread.handleLaunchActivity(ActivityThread.java:2358)
E/AndroidRuntime( 2496): 	at android.app.ActivityThread.access$600(ActivityThread.java:153)
E/AndroidRuntime( 2496): 	at android.app.ActivityThread$H.handleMessage(ActivityThread.java:1247)
E/AndroidRuntime( 2496): 	at android.os.Handler.dispatchMessage(Handler.java:99)
E/AndroidRuntime( 2496): 	at android.os.Looper.loop(Looper.java:137)
E/AndroidRuntime( 2496): 	at android.app.ActivityThread.main(ActivityThread.java:5227)
E/AndroidRuntime( 2496): 	at java.lang.reflect.Method.invokeNative(Native Method)
E/AndroidRuntime( 2496): 	at java.lang.reflect.Method.invoke(Method.java:511)
E/AndroidRuntime( 2496): 	at com.android.internal.os.ZygoteInit$MethodAndArgsCaller.run(ZygoteInit.java:795)
E/AndroidRuntime( 2496): 	at com.android.internal.os.ZygoteInit.main(ZygoteInit.java:562)
E/AndroidRuntime( 2496): 	at dalvik.system.NativeStart.main(Native Method)
E/AndroidRuntime( 2496): Caused by: java.lang.ClassNotFoundException: Didn't find class "com.hello.ms.HelloMS" on path: /data/app/com.hello.ms-1.apk
E/AndroidRuntime( 2496): 	at dalvik.system.BaseDexClassLoader.findClass(BaseDexClassLoader.java:65)
E/AndroidRuntime( 2496): 	at java.lang.ClassLoader.loadClass(ClassLoader.java:501)
E/AndroidRuntime( 2496): 	at java.lang.ClassLoader.loadClass(ClassLoader.java:461)
E/AndroidRuntime( 2496): 	at android.app.Instrumentation.newActivity(Instrumentation.java:1054)
E/AndroidRuntime( 2496): 	at android.app.ActivityThread.performLaunchActivity(ActivityThread.java:2215)
E/AndroidRuntime( 2496): 	... 11 more
W/ActivityManager(  534):   Force finishing activity com.hello.ms/.HelloMS
W/ActivityManager(  534): Activity pause timeout for ActivityRecord{40fc0d80 u0 com.hello.ms/.HelloMS}
I/ActivityManager(  534): No longer want com.google.android.tts (pid 31598): empty #17
I/ActivityManager(  534): Process com.hello.ms (pid 2496) has died.
W/InputMethodManagerService(  534): Window already focused, ignoring focus gain of: com.android.internal.view.IInputMethodClient$Stub$Proxy@410c3780 attribute=null, token = android.os.BinderProxy@41afdd38
I/ActivityManager(  534): START u0 {act=android.intent.action.MAIN cat=[android.intent.category.LAUNCHER] flg=0x10200000 cmp=com.hello.ms/.HelloMS} from pid 31535
I/ActivityManager(  534): Start proc com.hello.ms for activity com.hello.ms/.HelloMS: pid=2528 uid=10075 gids={50075, 3003, 1006, 1015, 1028}
E/AndroidRuntime( 2528): FATAL EXCEPTION: main
E/AndroidRuntime( 2528): java.lang.RuntimeException: Unable to instantiate activity ComponentInfo{com.hello.ms/com.hello.ms.HelloMS}: java.lang.ClassNotFoundException: Didn't find class "com.hello.ms.HelloMS" on path: /data/app/com.hello.ms-1.apk
E/AndroidRuntime( 2528): 	at android.app.ActivityThread.performLaunchActivity(ActivityThread.java:2224)
E/AndroidRuntime( 2528): 	at android.app.ActivityThread.handleLaunchActivity(ActivityThread.java:2358)
E/AndroidRuntime( 2528): 	at android.app.ActivityThread.access$600(ActivityThread.java:153)
E/AndroidRuntime( 2528): 	at android.app.ActivityThread$H.handleMessage(ActivityThread.java:1247)
E/AndroidRuntime( 2528): 	at android.os.Handler.dispatchMessage(Handler.java:99)
E/AndroidRuntime( 2528): 	at android.os.Looper.loop(Looper.java:137)
E/AndroidRuntime( 2528): 	at android.app.ActivityThread.main(ActivityThread.java:5227)
E/AndroidRuntime( 2528): 	at java.lang.reflect.Method.invokeNative(Native Method)
E/AndroidRuntime( 2528): 	at java.lang.reflect.Method.invoke(Method.java:511)
E/AndroidRuntime( 2528): 	at com.android.internal.os.ZygoteInit$MethodAndArgsCaller.run(ZygoteInit.java:795)
E/AndroidRuntime( 2528): 	at com.android.internal.os.ZygoteInit.main(ZygoteInit.java:562)
E/AndroidRuntime( 2528): 	at dalvik.system.NativeStart.main(Native Method)
E/AndroidRuntime( 2528): Caused by: java.lang.ClassNotFoundException: Didn't find class "com.hello.ms.HelloMS" on path: /data/app/com.hello.ms-1.apk
E/AndroidRuntime( 2528): 	at dalvik.system.BaseDexClassLoader.findClass(BaseDexClassLoader.java:65)
E/AndroidRuntime( 2528): 	at java.lang.ClassLoader.loadClass(ClassLoader.java:501)
E/AndroidRuntime( 2528): 	at java.lang.ClassLoader.loadClass(ClassLoader.java:461)
E/AndroidRuntime( 2528): 	at android.app.Instrumentation.newActivity(Instrumentation.java:1054)
E/AndroidRuntime( 2528): 	at android.app.ActivityThread.performLaunchActivity(ActivityThread.java:2215)
E/AndroidRuntime( 2528): 	... 11 more
W/ActivityManager(  534):   Force finishing activity com.hello.ms/.HelloMS
W/ActivityManager(  534): Activity pause timeout for ActivityRecord{4108f288 u0 com.hello.ms/.HelloMS}
W/InputMethodManagerService(  534): Window already focused, ignoring focus gain of: com.android.internal.view.IInputMethodClient$Stub$Proxy@41bcc318 attribute=null, token = android.os.BinderProxy@41afdd38
I/ActivityManager(  534): Process com.hello.ms (pid 2528) has died.
I/ActivityManager(  534): START u0 {act=android.intent.action.MAIN cat=[android.intent.category.LAUNCHER] flg=0x10200000 cmp=com.hello.ms/.HelloMS} from pid 31535
I/ActivityManager(  534): Start proc com.hello.ms for activity com.hello.ms/.HelloMS: pid=2621 uid=10075 gids={50075, 3003, 1006, 1015, 1028}
E/AndroidRuntime( 2621): FATAL EXCEPTION: main
E/AndroidRuntime( 2621): java.lang.RuntimeException: Unable to instantiate activity ComponentInfo{com.hello.ms/com.hello.ms.HelloMS}: java.lang.ClassNotFoundException: Didn't find class "com.hello.ms.HelloMS" on path: /data/app/com.hello.ms-1.apk
E/AndroidRuntime( 2621): 	at android.app.ActivityThread.performLaunchActivity(ActivityThread.java:2224)
E/AndroidRuntime( 2621): 	at android.app.ActivityThread.handleLaunchActivity(ActivityThread.java:2358)
E/AndroidRuntime( 2621): 	at android.app.ActivityThread.access$600(ActivityThread.java:153)
E/AndroidRuntime( 2621): 	at android.app.ActivityThread$H.handleMessage(ActivityThread.java:1247)
E/AndroidRuntime( 2621): 	at android.os.Handler.dispatchMessage(Handler.java:99)
E/AndroidRuntime( 2621): 	at android.os.Looper.loop(Looper.java:137)
E/AndroidRuntime( 2621): 	at android.app.ActivityThread.main(ActivityThread.java:5227)
E/AndroidRuntime( 2621): 	at java.lang.reflect.Method.invokeNative(Native Method)
E/AndroidRuntime( 2621): 	at java.lang.reflect.Method.invoke(Method.java:511)
E/AndroidRuntime( 2621): 	at com.android.internal.os.ZygoteInit$MethodAndArgsCaller.run(ZygoteInit.java:795)
E/AndroidRuntime( 2621): 	at com.android.internal.os.ZygoteInit.main(ZygoteInit.java:562)
E/AndroidRuntime( 2621): 	at dalvik.system.NativeStart.main(Native Method)
E/AndroidRuntime( 2621): Caused by: java.lang.ClassNotFoundException: Didn't find class "com.hello.ms.HelloMS" on path: /data/app/com.hello.ms-1.apk
E/AndroidRuntime( 2621): 	at dalvik.system.BaseDexClassLoader.findClass(BaseDexClassLoader.java:65)
E/AndroidRuntime( 2621): 	at java.lang.ClassLoader.loadClass(ClassLoader.java:501)
E/AndroidRuntime( 2621): 	at java.lang.ClassLoader.loadClass(ClassLoader.java:461)
E/AndroidRuntime( 2621): 	at android.app.Instrumentation.newActivity(Instrumentation.java:1054)
E/AndroidRuntime( 2621): 	at android.app.ActivityThread.performLaunchActivity(ActivityThread.java:2215)
E/AndroidRuntime( 2621): 	... 11 more
W/ActivityManager(  534):   Force finishing activity com.hello.ms/.HelloMS
W/ActivityManager(  534): Activity pause timeout for ActivityRecord{4226d8f8 u0 com.hello.ms/.HelloMS}
I/ActivityManager(  534): Process com.hello.ms (pid 2621) has died.
W/InputMethodManagerService(  534): Window already focused, ignoring focus gain of: com.android.internal.view.IInputMethodClient$Stub$Proxy@42051c58 attribute=null, token = android.os.BinderProxy@41afdd38
I/PowerManagerService(  534): Going to sleep due to screen timeout...
D/PhoneStatusBar(  655): disable: < expand icons alerts ticker system_info back home RECENT* clock search >
D/PhoneStatusBar(  655): disable: < expand icons alerts ticker system_info BACK* HOME* RECENT CLOCK* search >
W/ThrottleService(  534): unable to find stats for iface rmnet_usb0
I/ActivityManager(  534): Start proc com.android.providers.calendar for content provider com.android.providers.calendar/.CalendarProvider2: pid=2828 uid=10010 gids={50010, 3003, 1015, 1028}
I/ActivityManager(  534): Start proc com.android.calendar for broadcast com.android.calendar/.alerts.AlertReceiver: pid=2846 uid=10009 gids={50009, 3003, 1028}
I/ActivityManager(  534): No longer want com.google.android.configupdater (pid 29681): empty #17
I/PowerManagerService(  534): Waking up from sleep...
I/WindowManager(  534): Lock screen displayed!
D/PhoneStatusBar(  655): disable: < expand icons alerts ticker system_info BACK HOME recent* CLOCK search >
D/PhoneStatusBar(  655): disable: < expand icons alerts ticker system_info back* home* recent clock* search >
W/InputMethodManagerService(  534): Window already focused, ignoring focus gain of: com.android.internal.view.IInputMethodClient$Stub$Proxy@418ca9c0 attribute=android.view.inputmethod.EditorInfo@421e4e30, token = android.os.BinderProxy@41afdd38
I/ActivityManager(  534): START u0 {act=android.intent.action.MAIN cat=[android.intent.category.LAUNCHER] flg=0x10200000 cmp=com.android.mms/.ui.ConversationList bnds=[452,1058][580,1186]} from pid 31535
W/InputMethodManagerService(  534): Starting input on non-focused client com.android.internal.view.IInputMethodClient$Stub$Proxy@415d8d28 (uid=10030 pid=30833)
I/ActivityManager(  534): START u0 {act=android.intent.action.MAIN cat=[android.intent.category.HOME] flg=0x10200000 cmp=com.cyanogenmod.trebuchet/.Launcher} from pid 534
I/ActivityManager(  534): START u0 {act=android.intent.action.MAIN cat=[android.intent.category.LAUNCHER] flg=0x10200000 cmp=net.duiker101.imgurbrowser/.Main} from pid 31535
I/ActivityManager(  534): Start proc net.duiker101.imgurbrowser for activity net.duiker101.imgurbrowser/.Main: pid=3036 uid=10036 gids={50036, 3003, 1015, 1028}
W/ActivityManager(  534): Unable to start service Intent { act=com.google.android.gms.analytics.service.START (has extras) } U=0: not found
