--------- beginning of /dev/log/system
W/ThrottleService(  534): unable to find stats for iface rmnet_usb0
W/ThrottleService(  534): unable to find stats for iface rmnet_usb0
I/ActivityManager(  534): Start proc com.google.android.apps.maps for service com.google.android.apps.maps/com.google.android.apps.gmm.prefetch.PrefetcherService: pid=3558 uid=10069 gids={50069, 3003, 1015, 1028}
I/ActivityManager(  534): Start proc com.google.android.tts for service com.google.android.tts/.GoogleTTSService: pid=3600 uid=10059 gids={50059, 3003, 1015, 1028}
W/ProcessStats(  534): Skipping unknown process pid 3690
W/ProcessStats(  534): Skipping unknown process pid 3691
W/ProcessStats(  534): Skipping unknown process pid 3694
W/ProcessStats(  534): Skipping unknown process pid 3695
W/ProcessStats(  534): Skipping unknown process pid 3843
W/ProcessStats(  534): Skipping unknown process pid 3845
W/ProcessStats(  534): Skipping unknown process pid 3846
W/ProcessStats(  534): Skipping unknown process pid 3847
I/ActivityManager(  534): Start proc com.google.android.partnersetup for content provider com.google.android.partnersetup/.RlzAppProvider: pid=3982 uid=10057 gids={50057, 3003, 1028}
I/ActivityManager(  534): Start proc com.google.android.apps.plus for service com.google.android.apps.plus/.service.EsSyncAdapterService: pid=4017 uid=10058 gids={50058, 3003, 3002, 1015, 1006, 1028}
W/ThrottleService(  534): unable to find stats for iface rmnet_usb0
W/ProcessStats(  534): Skipping unknown process pid 4202
W/ProcessStats(  534): Skipping unknown process pid 4207
W/ProcessStats(  534): Skipping unknown process pid 4211
W/ThrottleService(  534): unable to find stats for iface rmnet_usb0
W/ProcessStats(  534): Skipping unknown process pid 4531
W/ProcessStats(  534): Skipping unknown process pid 4532
W/ProcessStats(  534): Skipping unknown process pid 4533
W/ProcessStats(  534): Skipping unknown process pid 4534
W/ProcessStats(  534): Skipping unknown process pid 4682
W/ProcessStats(  534): Skipping unknown process pid 4683
W/ProcessStats(  534): Skipping unknown process pid 4684
W/ProcessStats(  534): Skipping unknown process pid 4685
W/ThrottleService(  534): unable to find stats for iface rmnet_usb0
D/ConnectivityService(  534): Captive portal check NetworkInfo: type: WIFI[], state: CONNECTING/CAPTIVE_PORTAL_CHECK, reason: (unspecified), extra: "EvanScholars", roaming: false, failover: false, isAvailable: true
D/ConnectivityService(  534): Captive portal check NetworkInfo: type: WIFI[], state: CONNECTING/CAPTIVE_PORTAL_CHECK, reason: (unspecified), extra: "EvanScholars", roaming: false, failover: false, isAvailable: true
D/ConnectivityService(  534): ConnectivityChange for WIFI: CONNECTED/CONNECTED
D/ConnectivityService(  534): ConnectivityChange for WIFI: CONNECTED/CONNECTED
D/ConnectivityService(  534): NetTransition Wakelock for WifiStateMachine released by timeout
I/ActivityManager(  534): Start proc com.cyanogenmod.updater for broadcast com.cyanogenmod.updater/.receiver.UpdateCheckReceiver: pid=4933 uid=10006 gids={50006, 3003, 1015, 2001, 1028}
D/ConnectivityService(  534): handleInetConditionHoldEnd: net=1, condition=100, published condition=0
I/ActivityManager(  534): Start proc com.android.settings for broadcast com.android.settings/.cmstats.ReportingServiceManager: pid=5020 uid=1000 gids={41000, 1015, 1028, 3002, 3001, 3003, 3007}
I/ActivityManager(  534): Start proc com.google.android.apps.uploader for broadcast com.google.android.apps.uploader/com.google.android.picasasync.ConnectivityReceiver: pid=5035 uid=10061 gids={50061, 3003, 1015, 1028}
I/ActivityManager(  534): Start proc com.google.android.gms for broadcast com.google.android.gms/.gcm.GmsAutoStarter: pid=5053 uid=10050 gids={50050, 3003, 1007, 1028, 1015, 1006, 2001, 3006}
I/ActivityManager(  534): No longer want com.android.calendar (pid 3150): empty #17
W/ProcessStats(  534): Skipping unknown process pid 5111
W/ProcessStats(  534): Skipping unknown process pid 5113
W/ProcessStats(  534): Skipping unknown process pid 5115
W/ThrottleService(  534): unable to find stats for iface rmnet_usb0
W/ProcessStats(  534): Skipping unknown process pid 5362
W/ProcessStats(  534): Skipping unknown process pid 5363
W/ProcessStats(  534): Skipping unknown process pid 5364
W/ProcessStats(  534): Skipping unknown process pid 5365
D/PerformBackupTask(  534): starting agent for backup of BackupRequest{pkg=android}
D/BackupManagerService(  534): awaiting agent for ApplicationInfo{411e3a68 android}
D/BackupManagerService(  534): agentConnected pkg=android agent=android.app.backup.BackupAgent$BackupServiceBinder@421a74d8
I/PerformBackupTask(  534): Backup pass finished.
W/ProcessStats(  534): Skipping unknown process pid 5542
W/ProcessStats(  534): Skipping unknown process pid 5543
W/ProcessStats(  534): Skipping unknown process pid 5544
W/ProcessStats(  534): Skipping unknown process pid 5546
W/ProcessStats(  534): Skipping unknown process pid 5548
W/ProcessStats(  534): Skipping unknown process pid 5549
W/ProcessStats(  534): Skipping unknown process pid 5550
I/ActivityManager(  534): No longer want com.bel.android.dspmanager (pid 3016): empty for 1800s
W/ProcessStats(  534): Skipping unknown process pid 5844
W/ProcessStats(  534): Skipping unknown process pid 5845
W/ProcessStats(  534): Skipping unknown process pid 5846
W/ProcessStats(  534): Skipping unknown process pid 5847
W/ActivityManager(  534): Scheduling restart of crashed service com.bel.android.dspmanager/.service.HeadsetService in 5000ms
I/ActivityManager(  534): Start proc com.bel.android.dspmanager for service com.bel.android.dspmanager/.service.HeadsetService: pid=5874 uid=10013 gids={50013, 3002, 1028}
W/ThrottleService(  534): unable to find stats for iface rmnet_usb0
W/ProcessStats(  534): Skipping unknown process pid 6105
W/ProcessStats(  534): Skipping unknown process pid 6106
W/ProcessStats(  534): Skipping unknown process pid 6107
W/ProcessStats(  534): Skipping unknown process pid 6108
W/ProcessStats(  534): Skipping unknown process pid 6109
W/ProcessStats(  534): Skipping unknown process pid 6110
W/ProcessStats(  534): Skipping unknown process pid 6111
W/ProcessStats(  534): Skipping unknown process pid 6112
W/ProcessStats(  534): Skipping unknown process pid 6113
W/ProcessStats(  534): Skipping unknown process pid 6114
W/ProcessStats(  534): Skipping unknown process pid 6115
W/ProcessStats(  534): Skipping unknown process pid 6116
W/ThrottleService(  534): unable to find stats for iface rmnet_usb0
W/ProcessStats(  534): Skipping unknown process pid 6524
W/ProcessStats(  534): Skipping unknown process pid 6526
W/ThrottleService(  534): unable to find stats for iface rmnet_usb0
I/ActivityManager(  534): Start proc com.google.android.apps.genie.geniewidget for broadcast com.google.android.apps.genie.geniewidget/.miniwidget.UpdateReceiver: pid=7062 uid=10052 gids={50052, 3003, 1015, 1028}
I/ActivityManager(  534): No longer want com.uiuc.acm.rp (pid 3078): empty for 1800s
W/ActivityManager(  534): Scheduling restart of crashed service com.uiuc.acm.rp/com.parse.PushService in 5000ms
I/ActivityManager(  534): Start proc com.uiuc.acm.rp for service com.uiuc.acm.rp/com.parse.PushService: pid=7090 uid=10075 gids={50075, 3003, 1015, 1028}
I/ActivityManager(  534): No longer want com.google.android.partnersetup (pid 3982): empty #17
W/ThrottleService(  534): unable to find stats for iface rmnet_usb0
W/ProcessStats(  534): Skipping unknown process pid 7240
W/ProcessStats(  534): Skipping unknown process pid 7241
W/ProcessStats(  534): Skipping unknown process pid 7242
W/ProcessStats(  534): Skipping unknown process pid 7243
W/ProcessStats(  534): Skipping unknown process pid 7469
W/ProcessStats(  534): Skipping unknown process pid 7470
W/ProcessStats(  534): Skipping unknown process pid 7471
W/ProcessStats(  534): Skipping unknown process pid 7472
W/ProcessStats(  534): Skipping unknown process pid 7603
W/ProcessStats(  534): Skipping unknown process pid 7605
W/ProcessStats(  534): Skipping unknown process pid 7606
W/ThrottleService(  534): unable to find stats for iface rmnet_usb0
W/ProcessStats(  534): Skipping unknown process pid 7753
W/ProcessStats(  534): Skipping unknown process pid 7754
W/ProcessStats(  534): Skipping unknown process pid 7755
W/ProcessStats(  534): Skipping unknown process pid 7756
W/ProcessStats(  534): Skipping unknown process pid 7924
W/ProcessStats(  534): Skipping unknown process pid 7926
W/ThrottleService(  534): unable to find stats for iface rmnet_usb0
W/ProcessStats(  534): Skipping unknown process pid 8098
W/ProcessStats(  534): Skipping unknown process pid 8101
W/ProcessStats(  534): Skipping unknown process pid 8102
D/PerformBackupTask(  534): starting agent for backup of BackupRequest{pkg=android}
D/BackupManagerService(  534): awaiting agent for ApplicationInfo{411e3a68 android}
D/BackupManagerService(  534): agentConnected pkg=android agent=android.app.backup.BackupAgent$BackupServiceBinder@41146f20
I/PerformBackupTask(  534): Backup pass finished.
W/ThrottleService(  534): unable to find stats for iface rmnet_usb0
W/ThrottleService(  534): unable to find stats for iface rmnet_usb0
W/ProcessStats(  534): Skipping unknown process pid 8902
W/ProcessStats(  534): Skipping unknown process pid 8903
W/ProcessStats(  534): Skipping unknown process pid 8904
W/ProcessStats(  534): Skipping unknown process pid 8905
I/ActivityManager(  534): Process com.google.process.location (pid 903) has died.
W/ActivityManager(  534): Scheduling restart of crashed service com.google.android.location/.GeocodeService in 5000ms
W/ActivityManager(  534): Scheduling restart of crashed service com.google.android.gms/com.google.android.location.fused.NlpLocationReceiverService in 15000ms
W/ActivityManager(  534): Scheduling restart of crashed service com.google.android.location/.NetworkLocationService in 25000ms
W/ActivityManager(  534): Scheduling restart of crashed service com.google.android.gms/com.google.android.location.reporting.LocationReceiverService in 34999ms
W/ActivityManager(  534): Scheduling restart of crashed service com.google.android.gms/com.google.android.location.reporting.service.ReportingAndroidService in 44998ms
W/ActivityManager(  534): Scheduling restart of crashed service com.google.android.gms/com.google.android.location.internal.server.GoogleLocationService in 54998ms
W/ActivityManager(  534): Scheduling restart of crashed service com.google.android.gms/com.google.android.location.internal.GoogleLocationManagerService in 64998ms
W/ActivityManager(  534): Scheduling restart of crashed service com.google.android.location/.internal.server.NetworkLocationService in 74998ms
I/ActivityManager(  534): Start proc com.google.process.location for service com.google.android.location/.GeocodeService: pid=8943 uid=10050 gids={50050, 3003, 1007, 1028, 1015, 1006, 2001, 3006}
W/ProcessStats(  534): Skipping unknown process pid 8956
W/ProcessStats(  534): Skipping unknown process pid 8958
W/ProcessStats(  534): Skipping unknown process pid 8960
W/ProcessStats(  534): Skipping unknown process pid 8962
W/ThrottleService(  534): unable to find stats for iface rmnet_usb0
I/ActivityManager(  534): Start proc com.google.android.partnersetup for content provider com.google.android.partnersetup/.RlzAppProvider: pid=9105 uid=10057 gids={50057, 3003, 1028}
W/ProcessStats(  534): Skipping unknown process pid 9198
W/ProcessStats(  534): Skipping unknown process pid 9200
W/ProcessStats(  534): Skipping unknown process pid 9204
I/ActivityManager(  534): No longer want com.cyanogenmod.updater (pid 4933): empty #17
W/ThrottleService(  534): unable to find stats for iface rmnet_usb0
W/ProcessStats(  534): Skipping unknown process pid 9490
W/ProcessStats(  534): Skipping unknown process pid 9492
D/ConnectivityService(  534): Captive portal check NetworkInfo: type: WIFI[], state: CONNECTING/CAPTIVE_PORTAL_CHECK, reason: (unspecified), extra: "EvanScholars", roaming: false, failover: false, isAvailable: true
D/ConnectivityService(  534): Captive portal check NetworkInfo: type: WIFI[], state: CONNECTING/CAPTIVE_PORTAL_CHECK, reason: (unspecified), extra: "EvanScholars", roaming: false, failover: false, isAvailable: true
D/ConnectivityService(  534): ConnectivityChange for WIFI: CONNECTED/CONNECTED
D/ConnectivityService(  534): handleConnectivityChange: address are the same reset per doReset linkProperty[1]: resetMask=0
D/ConnectivityService(  534): ConnectivityChange for WIFI: CONNECTED/CONNECTED
D/ConnectivityService(  534): handleConnectivityChange: address are the same reset per doReset linkProperty[1]: resetMask=0
W/ProcessStats(  534): Skipping unknown process pid 9538
W/ProcessStats(  534): Skipping unknown process pid 9540
D/ConnectivityService(  534): NetTransition Wakelock for WifiStateMachine released by timeout
I/ActivityManager(  534): Start proc com.cyanogenmod.updater for broadcast com.cyanogenmod.updater/.receiver.UpdateCheckReceiver: pid=9548 uid=10006 gids={50006, 3003, 1015, 2001, 1028}
I/ActivityManager(  534): No longer want com.google.android.apps.maps (pid 3558): empty #17
D/ConnectivityService(  534): handleInetConditionHoldEnd: net=1, condition=100, published condition=0
W/ThrottleService(  534): unable to find stats for iface rmnet_usb0
I/ActivityManager(  534): Start proc com.google.android.apps.maps for service com.google.android.apps.maps/com.google.android.apps.gmm.prefetch.PrefetcherService: pid=9774 uid=10069 gids={50069, 3003, 1015, 1028}
W/ProcessStats(  534): Skipping unknown process pid 9830
W/ProcessStats(  534): Skipping unknown process pid 9831
W/ProcessStats(  534): Skipping unknown process pid 9832
W/ProcessStats(  534): Skipping unknown process pid 9833
I/ActivityManager(  534): No longer want com.google.android.apps.genie.geniewidget (pid 7062): empty #17
W/ProcessStats(  534): Skipping unknown process pid 9920
W/ProcessStats(  534): Skipping unknown process pid 9921
W/ProcessStats(  534): Skipping unknown process pid 9922
W/ProcessStats(  534): Skipping unknown process pid 9923
W/ProcessStats(  534): Skipping unknown process pid 9924
W/ProcessStats(  534): Skipping unknown process pid 9925
W/ProcessStats(  534): Skipping unknown process pid 9926
W/ProcessStats(  534): Skipping unknown process pid 9927
W/ProcessStats(  534): Skipping unknown process pid 10052
W/ProcessStats(  534): Skipping unknown process pid 10053
W/ProcessStats(  534): Skipping unknown process pid 10054
W/ProcessStats(  534): Skipping unknown process pid 10055
W/ThrottleService(  534): unable to find stats for iface rmnet_usb0
D/PerformBackupTask(  534): starting agent for backup of BackupRequest{pkg=android}
D/BackupManagerService(  534): awaiting agent for ApplicationInfo{411e3a68 android}
D/BackupManagerService(  534): agentConnected pkg=android agent=android.app.backup.BackupAgent$BackupServiceBinder@415b67c8
I/PerformBackupTask(  534): Backup pass finished.
W/ProcessStats(  534): Skipping unknown process pid 10479
W/ProcessStats(  534): Skipping unknown process pid 10480
W/ProcessStats(  534): Skipping unknown process pid 10481
W/ProcessStats(  534): Skipping unknown process pid 10482
W/ThrottleService(  534): unable to find stats for iface rmnet_usb0
W/BackupManagerService(  534): dataChanged but no participant pkg='com.android.providers.settings' uid=10015
I/ActivityManager(  534): START u0 {cmp=com.android.deskclock/.AlarmAlertFullScreen (has extras)} from pid -1
W/ActivityManager(  534): startActivity called from non-Activity context; forcing Intent.FLAG_ACTIVITY_NEW_TASK for: Intent { flg=0x800000 cmp=com.android.deskclock/.AlarmAlertFullScreen (has extras) }
W/ActivityManager(  534): Activity pause timeout for ActivityRecord{40fc7888 u0 com.android.deskclock/.AlarmAlertFullScreen}
I/PowerManagerService(  534): Waking up from sleep...
D/PhoneStatusBar(  655): disable: < expand icons alerts ticker system_info back* home* RECENT clock* search >
W/WindowManager(  534): Aborted waiting for drawn: Window{41232630 u0 Keyguard}
I/WindowManager(  534): Lock screen displayed!
W/BackupManagerService(  534): dataChanged but no participant pkg='com.android.providers.settings' uid=10015
D/PhoneStatusBar(  655): disable: < expand icons alerts ticker system_info BACK* HOME* RECENT CLOCK* search >
D/PhoneStatusBar(  655): disable: < expand icons alerts ticker system_info BACK HOME recent* CLOCK search >
D/PhoneStatusBar(  655): disable: < expand icons alerts ticker system_info back* home* recent clock* search >
I/PowerManagerService(  534): Going to sleep by user request...
D/PhoneStatusBar(  655): disable: < expand icons alerts ticker system_info back home RECENT* clock search >
D/PhoneStatusBar(  655): disable: < expand icons alerts ticker system_info BACK* HOME* RECENT CLOCK* search >
W/ProcessStats(  534): Skipping unknown process pid 10829
W/ProcessStats(  534): Skipping unknown process pid 10831
W/ProcessStats(  534): Skipping unknown process pid 10844
W/ThrottleService(  534): unable to find stats for iface rmnet_usb0
W/BackupManagerService(  534): dataChanged but no participant pkg='com.android.providers.settings' uid=10015
I/ActivityManager(  534): START u0 {cmp=com.android.deskclock/.AlarmAlertFullScreen (has extras)} from pid -1
W/ActivityManager(  534): startActivity called from non-Activity context; forcing Intent.FLAG_ACTIVITY_NEW_TASK for: Intent { flg=0x800000 cmp=com.android.deskclock/.AlarmAlertFullScreen (has extras) }
D/PhoneStatusBar(  655): disable: < expand icons alerts ticker system_info back* home* RECENT clock* search >
I/PowerManagerService(  534): Waking up from sleep...
W/WindowManager(  534): Aborted waiting for drawn: Window{41232630 u0 Keyguard}
I/WindowManager(  534): Lock screen displayed!
W/ProcessStats(  534): Skipping unknown process pid 11235
W/ProcessStats(  534): Skipping unknown process pid 11237
D/PhoneStatusBar(  655): disable: < expand icons alerts ticker system_info BACK* HOME* RECENT CLOCK* search >
I/ActivityManager(  534): Start proc com.android.chrome for broadcast com.android.chrome/org.chromium.base.PowerStatusReceiver: pid=11273 uid=10071 gids={50071, 1006, 3003, 1015, 1028}
I/ActivityManager(  534): No longer want com.android.providers.calendar (pid 3118): empty #17
I/PowerManagerService(  534): Going to sleep by user request...
W/BackupManagerService(  534): dataChanged but no participant pkg='com.android.providers.settings' uid=10015
I/ActivityManager(  534): START u0 {cmp=com.android.deskclock/.AlarmAlertFullScreen (has extras)} from pid -1
W/ActivityManager(  534): startActivity called from non-Activity context; forcing Intent.FLAG_ACTIVITY_NEW_TASK for: Intent { flg=0x800000 cmp=com.android.deskclock/.AlarmAlertFullScreen (has extras) }
W/ActivityManager(  534): Activity pause timeout for ActivityRecord{410058f0 u0 com.android.deskclock/.AlarmAlertFullScreen}
D/PhoneStatusBar(  655): disable: < expand icons alerts ticker system_info back* home* RECENT clock* search >
I/PowerManagerService(  534): Waking up from sleep...
W/WindowManager(  534): Aborted waiting for drawn: Window{41232630 u0 Keyguard}
I/WindowManager(  534): Lock screen displayed!
D/PhoneStatusBar(  655): disable: < expand icons alerts ticker system_info BACK* HOME* RECENT CLOCK* search >
D/PhoneStatusBar(  655): disable: < expand icons alerts ticker system_info BACK HOME recent* CLOCK search >
D/PhoneStatusBar(  655): disable: < expand icons alerts ticker system_info back* home* recent clock* search >
I/PowerManagerService(  534): Going to sleep by user request...
D/PhoneStatusBar(  655): disable: < expand icons alerts ticker system_info back home RECENT* clock search >
D/PhoneStatusBar(  655): disable: < expand icons alerts ticker system_info BACK* HOME* RECENT CLOCK* search >
I/ActivityManager(  534): Start proc com.android.providers.calendar for content provider com.android.providers.calendar/.CalendarProvider2: pid=11520 uid=10010 gids={50010, 3003, 1015, 1028}
I/ActivityManager(  534): No longer want com.google.android.partnersetup (pid 9105): empty #17
I/ActivityManager(  534): Start proc com.android.calendar for broadcast com.android.calendar/.alerts.AlertReceiver: pid=11547 uid=10009 gids={50009, 3003, 1028}
I/ActivityManager(  534): No longer want com.cyanogenmod.updater (pid 9548): empty #17
W/ThrottleService(  534): unable to find stats for iface rmnet_usb0
I/ActivityManager(  534): Start proc com.google.android.partnersetup for content provider com.google.android.partnersetup/.RlzAppProvider: pid=11799 uid=10057 gids={50057, 3003, 1028}
I/ActivityManager(  534): No longer want com.android.settings (pid 5020): empty #17
W/BackupManagerService(  534): dataChanged but no participant pkg='com.android.providers.settings' uid=10015
I/ActivityManager(  534): START u0 {cmp=com.android.deskclock/.AlarmAlertFullScreen (has extras)} from pid -1
W/ActivityManager(  534): startActivity called from non-Activity context; forcing Intent.FLAG_ACTIVITY_NEW_TASK for: Intent { flg=0x800000 cmp=com.android.deskclock/.AlarmAlertFullScreen (has extras) }
D/PhoneStatusBar(  655): disable: < expand icons alerts ticker system_info back* home* RECENT clock* search >
I/PowerManagerService(  534): Waking up from sleep...
W/WindowManager(  534): Aborted waiting for drawn: Window{41232630 u0 Keyguard}
I/WindowManager(  534): Lock screen displayed!
I/ActivityManager(  534): Activity reported stop, but no longer stopping: ActivityRecord{424607b0 u0 com.android.deskclock/.AlarmAlertFullScreen}
D/PhoneStatusBar(  655): disable: < expand icons alerts ticker system_info BACK* HOME* RECENT CLOCK* search >
I/PowerManagerService(  534): Going to sleep due to screen timeout...
W/ThrottleService(  534): unable to find stats for iface rmnet_usb0
W/ThrottleService(  534): unable to find stats for iface rmnet_usb0
W/ThrottleService(  534): unable to find stats for iface rmnet_usb0
D/PerformBackupTask(  534): starting agent for backup of BackupRequest{pkg=android}
D/BackupManagerService(  534): awaiting agent for ApplicationInfo{411e3a68 android}
D/BackupManagerService(  534): agentConnected pkg=android agent=android.app.backup.BackupAgent$BackupServiceBinder@4121ca20
D/PerformBackupTask(  534): starting agent for backup of BackupRequest{pkg=com.android.providers.settings}
D/BackupManagerService(  534): awaiting agent for ApplicationInfo{41357930 com.android.providers.settings}
D/BackupManagerService(  534): agentConnected pkg=com.android.providers.settings agent=android.app.backup.BackupAgent$BackupServiceBinder@4114d928
I/PerformBackupTask(  534): Backup pass finished.
W/ProcessStats(  534): Skipping unknown process pid 12570
W/ProcessStats(  534): Skipping unknown process pid 12571
W/ProcessStats(  534): Skipping unknown process pid 12572
W/ProcessStats(  534): Skipping unknown process pid 12573
W/ProcessStats(  534): Skipping unknown process pid 12574
W/ProcessStats(  534): Skipping unknown process pid 12575
W/ThrottleService(  534): unable to find stats for iface rmnet_usb0
W/ProcessStats(  534): Skipping unknown process pid 12724
W/ProcessStats(  534): Skipping unknown process pid 12726
W/ProcessStats(  534): Skipping unknown process pid 12727
W/ThrottleService(  534): unable to find stats for iface rmnet_usb0
W/ThrottleService(  534): unable to find stats for iface rmnet_usb0
W/ActivityManager(  534): Permission denied: checkComponentPermission() owningUid=10064
W/ActivityManager(  534): Permission denied: checkComponentPermission() owningUid=10064
W/ActivityManager(  534): Permission denied: checkComponentPermission() owningUid=10064
W/ActivityManager(  534): Permission denied: checkComponentPermission() owningUid=10064
W/ActivityManager(  534): Permission denied: checkComponentPermission() owningUid=10064
W/ActivityManager(  534): Permission denied: checkComponentPermission() owningUid=10064
W/ActivityManager(  534): Permission denied: checkComponentPermission() owningUid=10064
W/ActivityManager(  534): Permission denied: checkComponentPermission() owningUid=10064
W/ActivityManager(  534): Permission denied: checkComponentPermission() owningUid=10064
W/ActivityManager(  534): Permission denied: checkComponentPermission() owningUid=10064
I/ActivityManager(  534): Start proc com.google.android.apps.genie.geniewidget for broadcast com.google.android.apps.genie.geniewidget/.miniwidget.UpdateReceiver: pid=13321 uid=10052 gids={50052, 3003, 1015, 1028}
I/ActivityManager(  534): No longer want com.google.android.apps.uploader (pid 5035): empty #17
W/ProcessStats(  534): Skipping unknown process pid 13427
W/ProcessStats(  534): Skipping unknown process pid 13432
W/ProcessStats(  534): Skipping unknown process pid 13435
D/ConnectivityService(  534): Captive portal check NetworkInfo: type: WIFI[], state: CONNECTING/CAPTIVE_PORTAL_CHECK, reason: (unspecified), extra: "EvanScholars", roaming: false, failover: false, isAvailable: true
D/ConnectivityService(  534): Captive portal check NetworkInfo: type: WIFI[], state: CONNECTING/CAPTIVE_PORTAL_CHECK, reason: (unspecified), extra: "EvanScholars", roaming: false, failover: false, isAvailable: true
D/ConnectivityService(  534): ConnectivityChange for WIFI: CONNECTED/CONNECTED
D/ConnectivityService(  534): ConnectivityChange for WIFI: CONNECTED/CONNECTED
D/ConnectivityService(  534): NetTransition Wakelock for WifiStateMachine released by timeout
W/ThrottleService(  534): unable to find stats for iface rmnet_usb0
I/ActivityManager(  534): Start proc com.cyanogenmod.updater for broadcast com.cyanogenmod.updater/.receiver.UpdateCheckReceiver: pid=13544 uid=10006 gids={50006, 3003, 1015, 2001, 1028}
I/ActivityManager(  534): Start proc com.android.settings for broadcast com.android.settings/.cmstats.ReportingServiceManager: pid=13568 uid=1000 gids={41000, 1015, 1028, 3002, 3001, 3003, 3007}
I/ActivityManager(  534): No longer want com.android.chrome (pid 11273): empty #17
I/ActivityManager(  534): No longer want com.android.calendar (pid 11547): empty #17
I/ActivityManager(  534): Start proc com.google.android.apps.uploader for broadcast com.google.android.apps.uploader/com.google.android.picasasync.ConnectivityReceiver: pid=13582 uid=10061 gids={50061, 3003, 1015, 1028}
D/ConnectivityService(  534): handleInetConditionHoldEnd: net=1, condition=100, published condition=0
I/ActivityManager(  534): No longer want com.android.providers.calendar (pid 11520): empty #17
I/ActivityManager(  534): Start proc com.android.providers.calendar for content provider com.android.providers.calendar/.CalendarProvider2: pid=13705 uid=10010 gids={50010, 3003, 1015, 1028}
I/ActivityManager(  534): No longer want com.google.android.partnersetup (pid 11799): empty #17
I/ActivityManager(  534): Start proc com.android.calendar for broadcast com.android.calendar/.alerts.AlertReceiver: pid=13722 uid=10009 gids={50009, 3003, 1028}
I/ActivityManager(  534): No longer want com.google.android.configupdater (pid 3285): empty #17
W/ThrottleService(  534): unable to find stats for iface rmnet_usb0
W/ThrottleService(  534): unable to find stats for iface rmnet_usb0
W/ProcessStats(  534): Skipping unknown process pid 14089
W/ProcessStats(  534): Skipping unknown process pid 14091
W/ProcessStats(  534): Skipping unknown process pid 14093
I/ActivityManager(  534): Start proc com.google.android.configupdater for broadcast com.google.android.configupdater/.SmsShortCodesUpdateRequestReceiver: pid=14166 uid=10051 gids={50051, 3003, 2001, 1028}
D/PerformBackupTask(  534): starting agent for backup of BackupRequest{pkg=android}
D/BackupManagerService(  534): awaiting agent for ApplicationInfo{411e3a68 android}
D/BackupManagerService(  534): agentConnected pkg=android agent=android.app.backup.BackupAgent$BackupServiceBinder@412d62a0
I/ActivityManager(  534): No longer want com.google.android.apps.maps (pid 9774): empty #17
I/PerformBackupTask(  534): Backup pass finished.
W/ThrottleService(  534): unable to find stats for iface rmnet_usb0
I/ActivityManager(  534): Start proc com.google.android.apps.maps for service com.google.android.apps.maps/com.google.android.apps.gmm.prefetch.PrefetcherService: pid=14526 uid=10069 gids={50069, 3003, 1015, 1028}
W/ThrottleService(  534): unable to find stats for iface rmnet_usb0
I/ActivityManager(  534): No longer want com.google.android.apps.genie.geniewidget (pid 13321): empty #17
W/ProcessStats(  534): Skipping unknown process pid 14709
W/ProcessStats(  534): Skipping unknown process pid 14712
W/ProcessStats(  534): Skipping unknown process pid 14714
W/ThrottleService(  534): unable to find stats for iface rmnet_usb0
I/ActivityManager(  534): Start proc com.google.android.partnersetup for content provider com.google.android.partnersetup/.RlzAppProvider: pid=14982 uid=10057 gids={50057, 3003, 1028}
I/ActivityManager(  534): No longer want com.cyanogenmod.updater (pid 13544): empty #17
W/ThrottleService(  534): unable to find stats for iface rmnet_usb0
W/ThrottleService(  534): unable to find stats for iface rmnet_usb0
W/ThrottleService(  534): unable to find stats for iface rmnet_usb0
D/PerformBackupTask(  534): starting agent for backup of BackupRequest{pkg=android}
D/BackupManagerService(  534): awaiting agent for ApplicationInfo{411e3a68 android}
D/BackupManagerService(  534): agentConnected pkg=android agent=android.app.backup.BackupAgent$BackupServiceBinder@421a6d98
I/PerformBackupTask(  534): Backup pass finished.
W/ProcessStats(  534): Skipping unknown process pid 15600
W/ProcessStats(  534): Skipping unknown process pid 15601
W/ProcessStats(  534): Skipping unknown process pid 15602
W/ProcessStats(  534): Skipping unknown process pid 15609
W/ThrottleService(  534): unable to find stats for iface rmnet_usb0
W/ThrottleService(  534): unable to find stats for iface rmnet_usb0
W/ProcessStats(  534): Skipping unknown process pid 16046
W/ProcessStats(  534): Skipping unknown process pid 16047
W/ProcessStats(  534): Skipping unknown process pid 16048
W/ProcessStats(  534): Skipping unknown process pid 16049
W/ThrottleService(  534): unable to find stats for iface rmnet_usb0
D/ConnectivityService(  534): Captive portal check NetworkInfo: type: WIFI[], state: CONNECTING/CAPTIVE_PORTAL_CHECK, reason: (unspecified), extra: "EvanScholars", roaming: false, failover: false, isAvailable: true
D/ConnectivityService(  534): Captive portal check NetworkInfo: type: WIFI[], state: CONNECTING/CAPTIVE_PORTAL_CHECK, reason: (unspecified), extra: "EvanScholars", roaming: false, failover: false, isAvailable: true
D/ConnectivityService(  534): ConnectivityChange for WIFI: CONNECTED/CONNECTED
D/ConnectivityService(  534): handleConnectivityChange: address are the same reset per doReset linkProperty[1]: resetMask=0
D/ConnectivityService(  534): ConnectivityChange for WIFI: CONNECTED/CONNECTED
D/ConnectivityService(  534): handleConnectivityChange: address are the same reset per doReset linkProperty[1]: resetMask=0
D/ConnectivityService(  534): NetTransition Wakelock for WifiStateMachine released by timeout
I/ActivityManager(  534): Start proc com.google.android.gm for service com.google.android.gm/.provider.MailSyncAdapterService: pid=16268 uid=10053 gids={50053, 3003, 1015, 1028}
D/ActivityThread(16268): Loading provider com.android.gmail.ui: com.google.android.gm.provider.GmailProvider
I/ActivityManager(  534): Start proc com.cyanogenmod.updater for broadcast com.cyanogenmod.updater/.receiver.UpdateCheckReceiver: pid=16317 uid=10006 gids={50006, 3003, 1015, 2001, 1028}
D/ConnectivityService(  534): handleInetConditionHoldEnd: net=1, condition=100, published condition=0
W/ActivityManager(  534): Unable to start service Intent { act=com.google.android.gms.analytics.service.START (has extras) } U=0: not found
I/ActivityManager(  534): No longer want com.google.android.partnersetup (pid 14982): empty #17
I/ActivityManager(  534): No longer want com.android.calendar (pid 13722): empty #18
W/ActivityManager(  534): Unable to start service Intent { act=com.google.android.gms.analytics.service.START (has extras) } U=0: not found
W/ThrottleService(  534): unable to find stats for iface rmnet_usb0
I/ActivityManager(  534): Start proc com.google.android.partnersetup for content provider com.google.android.partnersetup/.RlzAppProvider: pid=16479 uid=10057 gids={50057, 3003, 1028}
I/ActivityManager(  534): No longer want com.google.android.configupdater (pid 14166): empty #17
W/ThrottleService(  534): unable to find stats for iface rmnet_usb0
W/ThrottleService(  534): unable to find stats for iface rmnet_usb0
W/ProcessStats(  534): Skipping unknown process pid 17070
W/ProcessStats(  534): Skipping unknown process pid 17072
W/ProcessStats(  534): Skipping unknown process pid 17073
W/ProcessStats(  534): Skipping unknown process pid 17074
I/ActivityManager(  534): Start proc com.google.android.configupdater for broadcast com.google.android.configupdater/.SmsShortCodesUpdateRequestReceiver: pid=17241 uid=10051 gids={50051, 3003, 2001, 1028}
I/ActivityManager(  534): No longer want com.android.providers.calendar (pid 13705): empty #17
D/PerformBackupTask(  534): starting agent for backup of BackupRequest{pkg=android}
D/BackupManagerService(  534): awaiting agent for ApplicationInfo{411e3a68 android}
D/BackupManagerService(  534): agentConnected pkg=android agent=android.app.backup.BackupAgent$BackupServiceBinder@41c24c28
I/PerformBackupTask(  534): Backup pass finished.
I/ActivityManager(  534): Start proc com.android.calendar for broadcast com.android.calendar/.widget.CalendarAppWidgetService$CalendarFactory: pid=17350 uid=10009 gids={50009, 3003, 1028}
I/ActivityManager(  534): Start proc com.google.android.inputmethod.latin.dictionarypack for broadcast com.google.android.inputmethod.latin.dictionarypack/.EventHandler: pid=17368 uid=10060 gids={50060, 3003, 1015, 1028}
I/ActivityManager(  534): Start proc com.android.providers.calendar for content provider com.android.providers.calendar/.CalendarProvider2: pid=17384 uid=10010 gids={50010, 3003, 1015, 1028}
I/ActivityManager(  534): No longer want com.google.android.apps.maps (pid 14526): empty #17
I/ActivityManager(  534): No longer want com.google.android.tts (pid 3600): empty #17
W/ThrottleService(  534): unable to find stats for iface rmnet_usb0
I/ActivityManager(  534): No longer want com.cyanogenmod.updater (pid 16317): empty #17
W/ThrottleService(  534): unable to find stats for iface rmnet_usb0
I/ActivityManager(  534): No longer want com.bel.android.dspmanager (pid 5874): empty for 1800s
W/ActivityManager(  534): Scheduling restart of crashed service com.bel.android.dspmanager/.service.HeadsetService in 5000ms
I/ActivityManager(  534): Start proc com.bel.android.dspmanager for service com.bel.android.dspmanager/.service.HeadsetService: pid=18001 uid=10013 gids={50013, 3002, 1028}
W/ThrottleService(  534): unable to find stats for iface rmnet_usb0
I/ActivityManager(  534): Start proc com.google.android.apps.genie.geniewidget for broadcast com.google.android.apps.genie.geniewidget/.miniwidget.UpdateReceiver: pid=18111 uid=10052 gids={50052, 3003, 1015, 1028}
I/ActivityManager(  534): No longer want com.android.settings (pid 13568): empty #17
W/ProcessStats(  534): Skipping unknown process pid 18344
W/ProcessStats(  534): Skipping unknown process pid 18346
W/ProcessStats(  534): Skipping unknown process pid 18347
W/ThrottleService(  534): unable to find stats for iface rmnet_usb0
W/ProcessStats(  534): Skipping unknown process pid 18437
W/ProcessStats(  534): Skipping unknown process pid 18439
W/ProcessStats(  534): Skipping unknown process pid 18449
I/ActivityManager(  534): Start proc com.google.android.apps.maps for service com.google.android.apps.maps/com.google.android.apps.gmm.prefetch.PrefetcherService: pid=18549 uid=10069 gids={50069, 3003, 1015, 1028}
I/ActivityManager(  534): Start proc com.google.android.tts for service com.google.android.tts/.GoogleTTSService: pid=18589 uid=10059 gids={50059, 3003, 1015, 1028}
W/ThrottleService(  534): unable to find stats for iface rmnet_usb0
I/ActivityManager(  534): No longer want com.google.android.apps.plus (pid 4017): empty #17
I/ActivityManager(  534): No longer want com.google.android.apps.uploader (pid 13582): empty #18
W/ThrottleService(  534): unable to find stats for iface rmnet_usb0
W/ProcessStats(  534): Skipping unknown process pid 18815
W/ProcessStats(  534): Skipping unknown process pid 18816
W/ProcessStats(  534): Skipping unknown process pid 18817
W/ProcessStats(  534): Skipping unknown process pid 18818
D/PerformBackupTask(  534): starting agent for backup of BackupRequest{pkg=android}
D/BackupManagerService(  534): awaiting agent for ApplicationInfo{411e3a68 android}
D/BackupManagerService(  534): agentConnected pkg=android agent=android.app.backup.BackupAgent$BackupServiceBinder@412542e8
I/PerformBackupTask(  534): Backup pass finished.
W/ThrottleService(  534): unable to find stats for iface rmnet_usb0
W/ThrottleService(  534): unable to find stats for iface rmnet_usb0
I/ActivityManager(  534): Start proc com.google.android.apps.plus for service com.google.android.apps.plus/.service.EsSyncAdapterService: pid=19346 uid=10058 gids={50058, 3003, 3002, 1015, 1006, 1028}
I/ActivityManager(  534): No longer want com.google.android.gm (pid 16268): empty #17
I/ActivityManager(  534): Start proc com.android.settings for broadcast com.android.settings/.users.ProfileUpdateReceiver: pid=19395 uid=1000 gids={41000, 1015, 1028, 3002, 3001, 3003, 3007}
I/ActivityManager(  534): No longer want com.google.android.gms (pid 5053): empty #17
I/ActivityManager(  534): Start proc com.google.android.gm for service com.google.android.gm/.provider.MailSyncAdapterService: pid=19444 uid=10053 gids={50053, 3003, 1015, 1028}
D/ActivityThread(19444): Loading provider com.android.gmail.ui: com.google.android.gm.provider.GmailProvider
I/ActivityManager(  534): Start proc com.google.android.gms for service com.google.android.gms/.icing.impl.IndexService: pid=19461 uid=10050 gids={50050, 3003, 1007, 1028, 1015, 1006, 2001, 3006}
I/ActivityManager(  534): No longer want com.google.android.inputmethod.latin.dictionarypack (pid 17368): empty #17
I/ActivityManager(  534): No longer want com.google.android.partnersetup (pid 16479): empty #18
W/ActivityManager(  534): Unable to start service Intent { act=com.google.android.gms.analytics.service.START (has extras) } U=0: not found
W/ActivityManager(  534): Unable to start service Intent { act=com.google.android.gms.analytics.service.START (has extras) } U=0: not found
D/ConnectivityService(  534): Captive portal check NetworkInfo: type: WIFI[], state: CONNECTING/CAPTIVE_PORTAL_CHECK, reason: (unspecified), extra: "EvanScholars", roaming: false, failover: false, isAvailable: true
D/ConnectivityService(  534): Captive portal check NetworkInfo: type: WIFI[], state: CONNECTING/CAPTIVE_PORTAL_CHECK, reason: (unspecified), extra: "EvanScholars", roaming: false, failover: false, isAvailable: true
D/ConnectivityService(  534): ConnectivityChange for WIFI: CONNECTED/CONNECTED
D/ConnectivityService(  534): handleConnectivityChange: address are the same reset per doReset linkProperty[1]: resetMask=0
D/ConnectivityService(  534): ConnectivityChange for WIFI: CONNECTED/CONNECTED
D/ConnectivityService(  534): handleConnectivityChange: address are the same reset per doReset linkProperty[1]: resetMask=0
D/ConnectivityService(  534): NetTransition Wakelock for WifiStateMachine released by timeout
D/ConnectivityService(  534): handleInetConditionHoldEnd: net=1, condition=100, published condition=0
I/ActivityManager(  534): Start proc com.cyanogenmod.updater for broadcast com.cyanogenmod.updater/.receiver.UpdateCheckReceiver: pid=19651 uid=10006 gids={50006, 3003, 1015, 2001, 1028}
I/ActivityManager(  534): Start proc com.google.android.apps.uploader for broadcast com.google.android.apps.uploader/com.google.android.picasasync.ConnectivityReceiver: pid=19675 uid=10061 gids={50061, 3003, 1015, 1028}
I/ActivityManager(  534): No longer want com.android.calendar (pid 17350): empty #17
I/ActivityManager(  534): No longer want com.android.providers.calendar (pid 17384): empty #17
W/ThrottleService(  534): unable to find stats for iface rmnet_usb0
W/ThrottleService(  534): unable to find stats for iface rmnet_usb0
I/ActivityManager(  534): Start proc com.android.providers.calendar for content provider com.android.providers.calendar/.CalendarProvider2: pid=20011 uid=10010 gids={50010, 3003, 1015, 1028}
I/ActivityManager(  534): Start proc com.google.android.partnersetup for content provider com.google.android.partnersetup/.RlzAppProvider: pid=20061 uid=10057 gids={50057, 3003, 1028}
I/ActivityManager(  534): Start proc com.android.calendar for broadcast com.android.calendar/.alerts.AlertReceiver: pid=20133 uid=10009 gids={50009, 3003, 1028}
I/ActivityManager(  534): No longer want com.google.android.apps.maps (pid 18549): empty #17
I/ActivityManager(  534): No longer want com.google.android.apps.genie.geniewidget (pid 18111): empty #18
I/PowerManagerService(  534): Waking up from sleep...
W/ProcessStats(  534): Skipping unknown process pid 20192
W/ProcessStats(  534): Skipping unknown process pid 20193
W/ProcessStats(  534): Skipping unknown process pid 20194
W/ProcessStats(  534): Skipping unknown process pid 20201
W/ProcessStats(  534): Skipping unknown process pid 20208
W/ProcessStats(  534): Skipping unknown process pid 20209
W/ProcessStats(  534): Skipping unknown process pid 20210
W/ProcessStats(  534): Skipping unknown process pid 20211
W/ProcessStats(  534): Skipping unknown process pid 20212
W/ProcessStats(  534): Skipping unknown process pid 20213
W/ProcessStats(  534): Skipping unknown process pid 20214
W/ProcessStats(  534): Skipping unknown process pid 20215
I/WindowManager(  534): Lock screen displayed!
I/ActivityManager(  534): No longer want com.google.android.tts (pid 18589): empty #17
D/PhoneStatusBar(  655): disable: < expand icons alerts ticker system_info BACK HOME recent* CLOCK search >
D/PhoneStatusBar(  655): disable: < expand icons alerts ticker system_info back* home* recent clock* search >
I/ActivityManager(  534): START u0 {act=android.intent.action.MAIN cat=[android.intent.category.LAUNCHER] flg=0x10200000 cmp=com.uiuc.acm.rp/.MainActivity bnds=[168,703][296,863]} from pid 31535
I/PowerManagerService(  534): Going to sleep by user request...
D/PhoneStatusBar(  655): disable: < expand icons alerts ticker system_info back home RECENT* clock search >
D/PhoneStatusBar(  655): disable: < expand icons alerts ticker system_info BACK* HOME* RECENT CLOCK* search >
W/ThrottleService(  534): unable to find stats for iface rmnet_usb0
W/ThrottleService(  534): unable to find stats for iface rmnet_usb0
I/ActivityManager(  534): Start proc com.google.android.apps.maps for service com.google.android.apps.maps/com.google.android.apps.gmm.prefetch.PrefetcherService: pid=20705 uid=10069 gids={50069, 3003, 1015, 1028}
I/ActivityManager(  534): Start proc com.google.android.tts for service com.google.android.tts/.GoogleTTSService: pid=20757 uid=10059 gids={50059, 3003, 1015, 1028}
I/PowerManagerService(  534): Waking up from sleep...
I/WindowManager(  534): Lock screen displayed!
I/ActivityManager(  534): No longer want com.cyanogenmod.updater (pid 19651): empty #17
I/ActivityManager(  534): No longer want com.google.android.gm (pid 19444): empty #18
D/PhoneStatusBar(  655): disable: < expand icons alerts ticker system_info BACK HOME recent* CLOCK search >
D/PhoneStatusBar(  655): disable: < expand icons alerts ticker system_info back* home* recent clock* search >
W/InputMethodManagerService(  534): Window already focused, ignoring focus gain of: com.android.internal.view.IInputMethodClient$Stub$Proxy@40f814a0 attribute=android.view.inputmethod.EditorInfo@41be7328, token = android.os.BinderProxy@411290d0
I/ActivityManager(  534): Start proc com.android.vending for broadcast com.android.vending/com.google.android.finsky.receivers.NotificationReceiver: pid=20840 uid=10063 gids={50063, 3003, 1015, 1028}
I/ActivityManager(  534): No longer want com.android.settings (pid 19395): empty #17
W/InputMethodManagerService(  534): Window already focused, ignoring focus gain of: com.android.internal.view.IInputMethodClient$Stub$Proxy@41143910 attribute=null, token = android.os.BinderProxy@411290d0
I/ActivityManager(  534): START u0 {act=android.intent.action.MAIN cat=[android.intent.category.HOME] flg=0x10200000 cmp=com.cyanogenmod.trebuchet/.Launcher} from pid 534
I/PowerManagerService(  534): Going to sleep due to screen timeout...
D/PerformBackupTask(  534): starting agent for backup of BackupRequest{pkg=android}
D/BackupManagerService(  534): awaiting agent for ApplicationInfo{411e3a68 android}
D/BackupManagerService(  534): agentConnected pkg=android agent=android.app.backup.BackupAgent$BackupServiceBinder@413895b8
D/PhoneStatusBar(  655): disable: < expand icons alerts ticker system_info back home RECENT* clock search >
D/PhoneStatusBar(  655): disable: < expand icons alerts ticker system_info BACK* HOME* RECENT CLOCK* search >
I/PerformBackupTask(  534): Backup pass finished.
I/ActivityManager(  534): Start proc com.google.android.gm for service com.google.android.gm/.provider.MailSyncAdapterService: pid=20966 uid=10053 gids={50053, 3003, 1015, 1028}
D/ActivityThread(20966): Loading provider com.android.gmail.ui: com.google.android.gm.provider.GmailProvider
I/ActivityManager(  534): No longer want com.google.android.apps.uploader (pid 19675): empty #17
W/ActivityManager(  534): Unable to start service Intent { act=com.google.android.gms.analytics.service.START (has extras) } U=0: not found
W/ThrottleService(  534): unable to find stats for iface rmnet_usb0
W/ActivityManager(  534): Unable to start service Intent { act=com.google.android.gms.analytics.service.START (has extras) } U=0: not found
W/ThrottleService(  534): unable to find stats for iface rmnet_usb0
D/ConnectivityService(  534): handleInetConditionHoldEnd: net=1, condition=0, published condition=100
W/ProcessStats(  534): Skipping unknown process pid 21406
W/ProcessStats(  534): Skipping unknown process pid 21407
W/ProcessStats(  534): Skipping unknown process pid 21408
W/ProcessStats(  534): Skipping unknown process pid 21409
D/ConnectivityService(  534): handleInetConditionHoldEnd: net=1, condition=100, published condition=0
W/ProcessStats(  534): Skipping unknown process pid 21490
W/ProcessStats(  534): Skipping unknown process pid 21491
W/ProcessStats(  534): Skipping unknown process pid 21492
W/ProcessStats(  534): Skipping unknown process pid 21493
W/ThrottleService(  534): unable to find stats for iface rmnet_usb0
W/ThrottleService(  534): unable to find stats for iface rmnet_usb0
D/ConnectivityService(  534): ConnectivityChange for WIFI: DISCONNECTED/DISCONNECTED
D/ConnectivityService(  534): Attempting to switch to mobile
D/ConnectivityService(  534): Attempting to switch to BLUETOOTH_TETHER
D/ConnectivityService(  534): resetConnections(wlan0, 3)
D/ConnectivityService(  534): ConnectivityChange for WIFI: DISCONNECTED/DISCONNECTED
D/ConnectivityService(  534): Attempting to switch to mobile
D/ConnectivityService(  534): Attempting to switch to BLUETOOTH_TETHER
D/ConnectivityService(  534): handleInetConditionChange: no active default network - ignore
D/ConnectivityService(  534): Captive portal check NetworkInfo: type: WIFI[], state: CONNECTING/CAPTIVE_PORTAL_CHECK, reason: (unspecified), extra: "EvanScholars", roaming: false, failover: false, isAvailable: true
D/ConnectivityService(  534): Captive portal check NetworkInfo: type: WIFI[], state: CONNECTING/CAPTIVE_PORTAL_CHECK, reason: (unspecified), extra: "EvanScholars", roaming: false, failover: false, isAvailable: true
D/ConnectivityService(  534): ConnectivityChange for WIFI: CONNECTED/CONNECTED
D/ConnectivityService(  534): ConnectivityChange for WIFI: CONNECTED/CONNECTED
D/ConnectivityService(  534): NetTransition Wakelock for WifiStateMachine released by timeout
I/ActivityManager(  534): Start proc com.cyanogenmod.updater for broadcast com.cyanogenmod.updater/.receiver.UpdateCheckReceiver: pid=22182 uid=10006 gids={50006, 3003, 1015, 2001, 1028}
I/ActivityManager(  534): Start proc com.android.settings for broadcast com.android.settings/.cmstats.ReportingServiceManager: pid=22210 uid=1000 gids={41000, 1015, 1028, 3002, 3001, 3003, 3007}
I/ActivityManager(  534): No longer want com.google.android.partnersetup (pid 20061): empty #17
I/ActivityManager(  534): Start proc com.google.android.apps.uploader for broadcast com.google.android.apps.uploader/com.google.android.picasasync.ConnectivityReceiver: pid=22224 uid=10061 gids={50061, 3003, 1015, 1028}
I/ActivityManager(  534): No longer want com.android.calendar (pid 20133): empty #17
D/ConnectivityService(  534): handleInetConditionHoldEnd: net=1, condition=100, published condition=0
D/ConnectivityService(  534): handleInetConditionHoldEnd: net=1, condition=100, published condition=100
I/ActivityManager(  534): No longer want com.google.android.apps.maps (pid 20705): empty #17
I/ActivityManager(  534): Start proc com.google.android.partnersetup for content provider com.google.android.partnersetup/.RlzAppProvider: pid=22361 uid=10057 gids={50057, 3003, 1028}
I/ActivityManager(  534): No longer want com.google.android.tts (pid 20757): empty #17
W/ThrottleService(  534): unable to find stats for iface rmnet_usb0
D/ConnectivityService(  534): handleInetConditionHoldEnd: net=1, condition=0, published condition=100
D/ConnectivityService(  534): handleInetConditionHoldEnd: net=1, condition=100, published condition=0
W/ThrottleService(  534): unable to find stats for iface rmnet_usb0
W/ProcessStats(  534): Skipping unknown process pid 22781
W/ProcessStats(  534): Skipping unknown process pid 22783
W/ProcessStats(  534): Skipping unknown process pid 22784
D/PerformBackupTask(  534): starting agent for backup of BackupRequest{pkg=android}
