D/android.widget.GridLayout(31535): horizontal constraints: x1-x0>=350, x2-x1>=390, x2-x0<=736 are inconsistent; permanently removing: x2-x0<=736. 
D/android.widget.GridLayout(31535): horizontal constraints: x1-x0>=350, x2-x1>=390, x2-x0<=736 are inconsistent; permanently removing: x2-x0<=736. 
D/gp.PicasaSyncManager( 4396): reject cij (lx.icomputer@gmail.com) because downsync is disabled
D/PackageAddedReceiver(19461): package added com.hello.ms
D/dalvikvm(31535): GC_FOR_ALLOC freed 11611K, 68% free 6912K/21496K, paused 28ms, total 31ms
I/Icing.InternalIcingCorporaProvider(31844): Updating corpora: A: com.hello.ms, C: MAYBE
D/dalvikvm(31535): GC_FOR_ALLOC freed 1300K, 68% free 7036K/21496K, paused 25ms, total 25ms
D/dalvikvm(31535): GC_FOR_ALLOC freed 697K, 67% free 7177K/21496K, paused 23ms, total 23ms
D/dalvikvm(31535): GC_FOR_ALLOC freed 1604K, 66% free 7475K/21496K, paused 20ms, total 20ms
D/dalvikvm(31535): GC_FOR_ALLOC freed 450K, 59% free 8907K/21496K, paused 22ms, total 22ms
D/dalvikvm(31535): GC_FOR_ALLOC freed 1767K, 62% free 8229K/21496K, paused 18ms, total 18ms
D/dalvikvm(  655): GC_FOR_ALLOC freed 870K, 23% free 18846K/24268K, paused 24ms, total 24ms
D/dalvikvm(31535): GC_FOR_ALLOC freed 40K, 55% free 9796K/21496K, paused 20ms, total 20ms
D/ALSAStreamOps(  164): setParameters(): keyRouting with device 0x2
D/ALSAModule(  164): s_route: devices 0x2 in mode 0
D/ALSAModule(  164): switchDevice: device 2 mode:0
D/ALSAModule(  164): No valid input device: 0
D/ALSAModule(  164): switchDevice,rxDev:Speaker, txDev:(null), curRxDev:Speaker, curTxDev:DMIC Endfire
D/alsa_ucm(  164): snd_use_case_set(): uc_mgr 0x40cec2a0 identifier _enadev value Speaker
D/ALSAModule(  164): switchDevice: curTxUCMDevivce DMIC Endfire curRxDevDevice Speaker
I/ActivityManager(  534): START u0 {act=android.intent.action.MAIN cat=[android.intent.category.HOME] flg=0x10200000 cmp=com.cyanogenmod.trebuchet/.Launcher} from pid 534
D/AudioStreamOutALSA(  164): mHandle->useCase: HiFi Lowlatency
D/ALSAModule(  164): s_route: devices 0x2 in mode 0
D/ALSAModule(  164): switchDevice: device 2 mode:0
D/ALSAModule(  164): No valid input device: 0
D/ALSAModule(  164): switchDevice,rxDev:Speaker, txDev:(null), curRxDev:Speaker, curTxDev:DMIC Endfire
D/alsa_ucm(  164): snd_use_case_set(): uc_mgr 0x40cec2a0 identifier _enadev value Speaker
D/ALSAModule(  164): switchDevice: curTxUCMDevivce DMIC Endfire curRxDevDevice Speaker
D/alsa_ucm(  164): snd_use_case_set(): uc_mgr 0x40cec2a0 identifier _verb value HiFi Lowlatency
D/alsa_ucm(  164): Set mixer controls for Speaker enable 1
D/ACDB-LOADER(  164): ACDB -> send_afe_cal
D/alsa_ucm(  164): Set mixer controls for HiFi Lowlatency enable 1
D/ALSAModule(  164): Device value returned is hw:0,14
D/ALSAModule(  164): setHardwareParams: reqBuffSize 1024 channels 2 sampleRate 48000
D/ALSAModule(  164): setHardwareParams: buffer_size 2048, period_size 1024, period_cnt 2
D/dalvikvm(  655): GC_FOR_ALLOC freed 52K, 21% free 19247K/24268K, paused 20ms, total 20ms
D/android.widget.GridLayout(31535): horizontal constraints: x1-x0>=350, x2-x1>=390, x2-x0<=736 are inconsistent; permanently removing: x2-x0<=736. 
D/android.widget.GridLayout(31535): horizontal constraints: x1-x0>=350, x2-x1>=390, x2-x0<=736 are inconsistent; permanently removing: x2-x0<=736. 
D/android.widget.GridLayout(31535): horizontal constraints: x1-x0>=350, x2-x1>=390, x2-x0<=736 are inconsistent; permanently removing: x2-x0<=736. 
D/dalvikvm(31535): GC_FOR_ALLOC freed 3887K, 62% free 8179K/21496K, paused 21ms, total 21ms
D/android.widget.GridLayout(31535): horizontal constraints: x1-x0>=350, x2-x1>=390, x2-x0<=736 are inconsistent; permanently removing: x2-x0<=736. 
D/android.widget.GridLayout(31535): horizontal constraints: x1-x0>=350, x2-x1>=390, x2-x0<=736 are inconsistent; permanently removing: x2-x0<=736. 
D/dalvikvm(31535): GC_CONCURRENT freed 1301K, 59% free 8891K/21496K, paused 3ms+12ms, total 56ms
D/dalvikvm(31535): WAIT_FOR_CONCURRENT_GC blocked 46ms
D/overlay (  161): Set pipe=VG1 dpy=0; 
W/ActivityManager(  534): Permission denied: checkComponentPermission() owningUid=10064
W/ActivityManager(  534): Permission denied: checkComponentPermission() owningUid=10064
W/ActivityManager(  534): Permission denied: checkComponentPermission() owningUid=10064
W/ActivityManager(  534): Permission denied: checkComponentPermission() owningUid=10064
W/ActivityManager(  534): Permission denied: checkComponentPermission() owningUid=10064
W/ActivityManager(  534): Permission denied: checkComponentPermission() owningUid=10064
W/ActivityManager(  534): Permission denied: checkComponentPermission() owningUid=10064
W/ActivityManager(  534): Permission denied: checkComponentPermission() owningUid=10064
D/ALSAStreamOps(  164): setParameters(): keyRouting with device 0x2
D/ALSAModule(  164): s_route: devices 0x2 in mode 0
D/ALSAModule(  164): switchDevice: device 2 mode:0
D/ALSAModule(  164): No valid input device: 0
D/ALSAModule(  164): switchDevice,rxDev:Speaker, txDev:(null), curRxDev:Speaker, curTxDev:DMIC Endfire
D/alsa_ucm(  164): snd_use_case_set(): uc_mgr 0x40cec2a0 identifier _enadev value Speaker
D/alsa_ucm(  164): Set mixer controls for HiFi Lowlatency enable 1
D/ALSAModule(  164): switchDevice: curTxUCMDevivce DMIC Endfire curRxDevDevice Speaker
D/android.widget.GridLayout(31535): horizontal constraints: x1-x0>=350, x2-x1>=390, x2-x0<=736 are inconsistent; permanently removing: x2-x0<=736. 
D/android.widget.GridLayout(31535): horizontal constraints: x1-x0>=350, x2-x1>=390, x2-x0<=736 are inconsistent; permanently removing: x2-x0<=736. 
D/android.widget.GridLayout(31535): horizontal constraints: x1-x0>=350, x2-x1>=390, x2-x0<=736 are inconsistent; permanently removing: x2-x0<=736. 
D/android.widget.GridLayout(31535): horizontal constraints: x1-x0>=350, x2-x1>=390, x2-x0<=736 are inconsistent; permanently removing: x2-x0<=736. 
D/android.widget.GridLayout(31535): horizontal constraints: x1-x0>=350, x2-x1>=390, x2-x0<=736 are inconsistent; permanently removing: x2-x0<=736. 
D/overlay (  161): Unset pipe=VG1 dpy=0; 
D/dalvikvm(31535): GC_CONCURRENT freed 3549K, 58% free 7461K/17680K, paused 2ms+4ms, total 34ms
D/dalvikvm(31535): WAIT_FOR_CONCURRENT_GC blocked 29ms
D/dalvikvm(31535): GC_FOR_ALLOC freed 1823K, 60% free 7204K/17680K, paused 22ms, total 22ms
D/dalvikvm(31535): GC_FOR_ALLOC freed 1587K, 58% free 7501K/17680K, paused 21ms, total 21ms
D/dalvikvm(31535): GC_FOR_ALLOC freed 453K, 51% free 8720K/17680K, paused 26ms, total 26ms
D/dalvikvm(31535): GC_FOR_ALLOC freed 658K, 44% free 9965K/17680K, paused 35ms, total 35ms
D/dalvikvm(31535): GC_FOR_ALLOC freed <1K, 30% free 12412K/17680K, paused 22ms, total 22ms
D/dalvikvm(31535): GC_CONCURRENT freed 343K, 20% free 14171K/17680K, paused 4ms+9ms, total 56ms
D/dalvikvm(31535): WAIT_FOR_CONCURRENT_GC blocked 30ms
I/dalvikvm-heap(31535): Grow heap (frag case) to 16.872MB for 894992-byte allocation
D/dalvikvm(31535): WAIT_FOR_CONCURRENT_GC blocked 27ms
I/dalvikvm-heap(31535): Grow heap (frag case) to 18.440MB for 1644560-byte allocation
D/dalvikvm(31535): WAIT_FOR_CONCURRENT_GC blocked 24ms
D/dalvikvm(31535): GC_FOR_ALLOC freed 4824K, 41% free 12011K/20164K, paused 20ms, total 20ms
I/dalvikvm-heap(31535): Grow heap (frag case) to 17.323MB for 3579920-byte allocation
D/dalvikvm(31535): WAIT_FOR_CONCURRENT_GC blocked 59ms
D/dalvikvm(31535): GC_CONCURRENT freed 780K, 21% free 16084K/20164K, paused 1ms+3ms, total 26ms
D/dalvikvm(31535): WAIT_FOR_CONCURRENT_GC blocked 16ms
I/dalvikvm-heap(31535): Grow heap (frag case) to 19.113MB for 1286224-byte allocation
D/dalvikvm(31535): WAIT_FOR_CONCURRENT_GC blocked 18ms
D/dalvikvm(31535): WAIT_FOR_CONCURRENT_GC blocked 14ms
D/dalvikvm(31535): WAIT_FOR_CONCURRENT_GC blocked 15ms
I/dalvikvm-heap(31535): Grow heap (frag case) to 20.063MB for 535840-byte allocation
D/dalvikvm(31535): GC_FOR_ALLOC freed 5986K, 44% free 12328K/21948K, paused 22ms, total 22ms
D/dalvikvm( 8943): GC_CONCURRENT freed 1951K, 53% free 5070K/10660K, paused 7ms+3ms, total 46ms
D/dalvikvm( 8943): WAIT_FOR_CONCURRENT_GC blocked 24ms
D/dalvikvm(31535): GC_FOR_ALLOC freed 3282K, 46% free 12051K/21948K, paused 19ms, total 20ms
D/dalvikvm(31535): GC_FOR_ALLOC freed 447K, 32% free 13614K/19804K, paused 20ms, total 20ms
I/ActivityManager(  534): No longer want com.cyanogenmod.lockclock (pid 7797): empty #17
D/alsa_ucm(  164): snd_use_case_set(): uc_mgr 0x40cec2a0 identifier _verb value Inactive
D/alsa_ucm(  164): Set mixer controls for HiFi Lowlatency enable 0
D/alsa_ucm(  164): snd_use_case_set(): uc_mgr 0x40cec2a0 identifier _disdev value DMIC Endfire
D/alsa_ucm(  164): disdev: device DMIC Endfire not enabled, no need to disable
D/alsa_ucm(  164): snd_use_case_set(): uc_mgr 0x40cec2a0 identifier _disdev value Speaker
D/alsa_ucm(  164): Set mixer controls for Speaker enable 0
D/ALSAStreamOps(  164): setParameters(): keyRouting with device 0x2
D/ALSAModule(  164): s_route: devices 0x2 in mode 0
D/ALSAModule(  164): switchDevice: device 2 mode:0
D/ALSAModule(  164): No valid input device: 0
D/ALSAModule(  164): switchDevice,rxDev:Speaker, txDev:(null), curRxDev:Speaker, curTxDev:DMIC Endfire
D/alsa_ucm(  164): snd_use_case_set(): uc_mgr 0x40cec2a0 identifier _enadev value Speaker
D/ALSAModule(  164): switchDevice: curTxUCMDevivce DMIC Endfire curRxDevDevice Speaker
I/ActivityManager(  534): START u0 {act=android.intent.action.MAIN cat=[android.intent.category.LAUNCHER] flg=0x10200000 cmp=com.hello.ms/.MainActivity} from pid 31535
D/AudioStreamOutALSA(  164): mHandle->useCase: HiFi Lowlatency
D/ALSAModule(  164): s_route: devices 0x2 in mode 0
D/ALSAModule(  164): switchDevice: device 2 mode:0
D/ALSAModule(  164): No valid input device: 0
D/ALSAModule(  164): switchDevice,rxDev:Speaker, txDev:(null), curRxDev:Speaker, curTxDev:DMIC Endfire
D/alsa_ucm(  164): snd_use_case_set(): uc_mgr 0x40cec2a0 identifier _enadev value Speaker
D/ALSAModule(  164): switchDevice: curTxUCMDevivce DMIC Endfire curRxDevDevice Speaker
D/alsa_ucm(  164): snd_use_case_set(): uc_mgr 0x40cec2a0 identifier _verb value HiFi Lowlatency
D/alsa_ucm(  164): Set mixer controls for Speaker enable 1
D/ACDB-LOADER(  164): ACDB -> send_afe_cal
D/alsa_ucm(  164): Set mixer controls for HiFi Lowlatency enable 1
D/ALSAModule(  164): Device value returned is hw:0,14
D/ALSAModule(  164): setHardwareParams: reqBuffSize 1024 channels 2 sampleRate 48000
D/ALSAModule(  164): setHardwareParams: buffer_size 2048, period_size 1024, period_cnt 2
D/dalvikvm( 8384): Late-enabling CheckJNI
I/ActivityManager(  534): Start proc com.hello.ms for activity com.hello.ms/.MainActivity: pid=8384 uid=10075 gids={50075, 3003, 1006, 1015, 1028}
W/ActivityThread( 8384): Application com.hello.ms can be debugged on port 8100...
D/overlay (  161): Set pipe=VG1 dpy=0; 
D/overlay (  161): Unset pipe=VG0 dpy=0; Unset pipe=VG1 dpy=0; Unset pipe=RGB1 dpy=0; 
D/dalvikvm( 8384): Trying to load lib /data/app-lib/com.hello.ms-1/libjmoodstocks-sdk.so 0x40f8d180
D/dalvikvm( 8384): Added shared lib /data/app-lib/com.hello.ms-1/libjmoodstocks-sdk.so 0x40f8d180
D/dalvikvm( 8384): No JNI_OnLoad found in /data/app-lib/com.hello.ms-1/libjmoodstocks-sdk.so 0x40f8d180, skipping init
D/dalvikvm( 8384): Trying to load lib /data/app-lib/com.hello.ms-1/libjmoodstocks-sdk-core-armv7-neon.so 0x40f8d180
D/dalvikvm( 8384): Added shared lib /data/app-lib/com.hello.ms-1/libjmoodstocks-sdk-core-armv7-neon.so 0x40f8d180
D/dalvikvm( 8384): No JNI_OnLoad found in /data/app-lib/com.hello.ms-1/libjmoodstocks-sdk-core-armv7-neon.so 0x40f8d180, skipping init
D/Moodstocks SDK( 8384): Sync will start.
V/PhoneStatusBar(  655): setLightsOn(true)
I/ActivityManager(  534): Displayed com.hello.ms/.MainActivity: +292ms
D/overlay (  161): Set pipe=RGB1 dpy=0; Set pipe=VG0 dpy=0; 
D/Moodstocks SDK( 8384): Sync progressing: 0%
D/Moodstocks SDK( 8384): Sync progressing: 33%
I/ActivityManager(  534): START u0 {cmp=com.hello.ms/.ScanActivity} from pid 8384
D/ALSAStreamOps(  164): setParameters(): keyRouting with device 0x2
D/ALSAModule(  164): s_route: devices 0x2 in mode 0
D/ALSAModule(  164): switchDevice: device 2 mode:0
D/ALSAModule(  164): No valid input device: 0
D/ALSAModule(  164): switchDevice,rxDev:Speaker, txDev:(null), curRxDev:Speaker, curTxDev:DMIC Endfire
D/alsa_ucm(  164): snd_use_case_set(): uc_mgr 0x40cec2a0 identifier _enadev value Speaker
D/alsa_ucm(  164): Set mixer controls for HiFi Lowlatency enable 1
D/ALSAModule(  164): switchDevice: curTxUCMDevivce DMIC Endfire curRxDevDevice Speaker
V/PhoneStatusBar(  655): setLightsOn(true)
I/AwesomePlayer(  164): setDataSource_l(URL suppressed)
I/ActivityManager(  534): Displayed com.hello.ms/.ScanActivity: +143ms
I/AwesomePlayer(  164): setDataSource_l(URL suppressed)
D/overlay (  161): Unset pipe=VG0 dpy=0; Unset pipe=RGB1 dpy=0; 
I/CameraClient(  164): Opening camera 0
E/qcom_sensors_hal(  534): hal_process_report_ind: Bad item quality: 11 
E/mm-camera(  179): sensor_load_chromatix: libchromatix_imx111_preview.so: 30
E/mm-camera(  179): vfe_ops_init: E
E/mm-camera(  179): vfe_legacy_stats_buffer_init: AEC_STATS_BUFNUM
E/mm-camera(  179): vfe_legacy_stats_buffer_init: AEC_STATS_BUFNUM
E/mm-camera(  179): mctl_init_stats_proc_info: snap_max_line_cnt =30096
E/QCameraHWI(  164): android::status_t android::QCameraHardwareInterface::setPreviewWindow(preview_stream_ops_t*): mPreviewWindow = 0x0x436ce6d8, mStreamDisplay = 0x0x42dbc670
D/QCameraHWI(  164): android::status_t android::QCameraHardwareInterface::startPreview():  start preview now
I/QCameraHWI(  164): android::status_t android::QCameraHardwareInterface::startPreview2():Setting ZSL mode
E/mm-camera(  179): config_proc_CAMERA_SET_INFORM_STARTPREVIEW
E/mm-camera(  179): config_update_stream_info Storing stream parameters for video inst 1 as : width = 720, height 480, format = 1 inst_handle = 810081 cid = 0
E/mm-camera(  179): config_update_stream_info Storing stream parameters for video inst 3 as : width = 640, height 480, format = 1 inst_handle = 830083 cid = 0
E/mm-camera(  179): config_update_stream_info Storing stream parameters for video inst 4 as : width = 512, height 384, format = 1 inst_handle = 840084 cid = 0
E/mm-camera(  179): config_decide_vfe_outputs: Ports Used 3, Op mode 1
E/mm-camera(  179): config_decide_vfe_outputs Current mode 0 Full size streaming : Disabled
E/mm-camera(  179): config_decide_vfe_outputs: Primary: 720x480, extra_pad: 0x0, Fmt: 1, Type: 1, Path: 1
E/mm-camera(  179): config_decide_vfe_outputs: Secondary: 640x480, extra_pad: 0x0, Fmt: 1, Type: 3, Path: 4
E/mm-camera(  179): config_update_inst_handles Updated the inst handles as 810081, 830083, 0, 0 
E/mm-camera(  179): sensor_load_chromatix: libchromatix_imx111_zsl.so: 26
E/mm-camera(  179): camif_client_set_params: camif has associated with obj mask 0x1
E/mm-camera(  179): config_v2_CAMERA_START_common CAMIF_PARAMS_ADD_OBJ_ID failed -1 
E/mm-camera(  179): vfe_operation_config: format 3
E/mm-camera(  179): vfe_operation_config:vfe_op_mode=5
E/mm-camera(  179): Invalid ASD Set Params Type
E/mm-camera(  179): vfe_set_bestshot: Bestshot mode not changed
E/mm-camera(  179): PROFILE set_parm_AF: : 1381710837.686392662
E/mm-libcamera2(  164): PROFILE HAL: First preview frame received: 1381710837.723963240
E/BufferQueue(  161): [SurfaceView] dequeueBuffer: min undequeued buffer count (2) exceeded (dequeued=6 undequeudCount=0)
D/overlay (  161): Set pipe=VG0 dpy=0; 
E/BufferQueue(  161): [SurfaceView] dequeueBuffer: min undequeued buffer count (2) exceeded (dequeued=5 undequeudCount=1)
D/Moodstocks SDK( 8384): Sync progressing: 66%
D/Moodstocks SDK( 8384): Sync progressing: 100%
D/Moodstocks SDK( 8384): Sync succeeded (3 image(s))
D/Finsky  (27889): [1] 5.onFinished: Installation state replication succeeded.
E/mm-camera(  179): PROFILE set_parm_AF: : 1381710839.955826508
D/alsa_ucm(  164): snd_use_case_set(): uc_mgr 0x40cec2a0 identifier _verb value Inactive
D/alsa_ucm(  164): Set mixer controls for HiFi Lowlatency enable 0
D/alsa_ucm(  164): snd_use_case_set(): uc_mgr 0x40cec2a0 identifier _disdev value DMIC Endfire
D/alsa_ucm(  164): disdev: device DMIC Endfire not enabled, no need to disable
D/alsa_ucm(  164): snd_use_case_set(): uc_mgr 0x40cec2a0 identifier _disdev value Speaker
D/alsa_ucm(  164): Set mixer controls for Speaker enable 0
E/mm-camera(  179): PROFILE set_parm_AF: : 1381710842.061915322
E/qcom_sensors_hal(  534): hal_process_report_ind: Bad item quality: 11 
E/mm-camera(  179): PROFILE set_parm_AF: : 1381710844.414730826
E/mm-camera(  179): PROFILE set_parm_AF: : 1381710846.669911659
E/mm-camera(  179): PROFILE set_parm_AF: : 1381710848.828861758
I/InputReader(  534): Reconfiguring input devices.  changes=0x00000004
I/InputReader(  534): Device reconfigured: id=6, name='touch_dev', size 768x1280, orientation 3, mode 1, display id 0
I/ActivityManager(  534): Config changes=480 {1.0 310mcc260mnc en_US ldltr sw384dp w598dp h359dp 320dpi nrml land finger -keyb/v/h -nav/h s.109 themeResource=null}
E/mm-libcamera2(  164): PROFILE HAL: stopPreview(): E: 1381710850.293656509
E/mm-camera(  179): config_MSG_ID_STOP_ACK: streamon_mask is not clear. Should not call PP_Release_HW
E/mm-libcamera2(  164): PROFILE HAL: stopPreview(): E: 1381710850.348196413
E/QCameraHWI(  164): android::status_t android::QCameraHardwareInterface::setPreviewWindow(preview_stream_ops_t*):Received Setting NULL preview window
E/QCameraHWI(  164): android::status_t android::QCameraHardwareInterface::setPreviewWindow(preview_stream_ops_t*): mPreviewWindow = 0x0x0, mStreamDisplay = 0x0x42dbc670
W/QCameraHWI_Preview(  164):  Setting NULL preview window 
I/CameraClient(  164): Destroying camera 0
E/mm-camera(  179): config_shutdown_pp Camera not in streaming mode. Returning. 
E/mm-camera(  179): vfe_ops_deinit: E
E/qcom_sensors_hal(  534): hal_process_report_ind: Bad item quality: 11 
D/BluetoothAdapter(  655): 1092545376: getState() :  mService = null. Returning STATE_OFF
I/OMXNodeInstance(  164): OMX_FreeBuffer for buffer header 0x431f8700 successful
I/OMXNodeInstance(  164): OMX_FreeBuffer for buffer header 0x400d0f08 successful
I/OMXNodeInstance(  164): OMX_FreeBuffer for buffer header 0x40095110 successful
I/OMXNodeInstance(  164): OMX_FreeBuffer for buffer header 0x400fbc08 successful
I/OMXNodeInstance(  164): OMX_FreeBuffer for buffer header 0x41244398 successful
I/OMXNodeInstance(  164): OMX_FreeBuffer for buffer header 0x43880528 successful
I/OMXNodeInstance(  164): OMX_FreeBuffer for buffer header 0x42dbbcc0 successful
I/OMXNodeInstance(  164): OMX_FreeBuffer for buffer header 0x42fddc90 successful
W/AudioFlinger(  164): session id 1376 not found for pid 164
I/OMXNodeInstance(  164): OMX_FreeBuffer for buffer header 0x42fdc008 successful
I/OMXNodeInstance(  164): OMX_FreeBuffer for buffer header 0x4a4d4278 successful
I/OMXNodeInstance(  164): OMX_FreeBuffer for buffer header 0x4a4d41a8 successful
I/OMXNodeInstance(  164): OMX_FreeBuffer for buffer header 0x43880160 successful
I/OMXNodeInstance(  164): OMX_FreeBuffer for buffer header 0x436ce5a8 successful
I/OMXNodeInstance(  164): OMX_FreeBuffer for buffer header 0x400939a8 successful
I/OMXNodeInstance(  164): OMX_FreeBuffer for buffer header 0x4328fae0 successful
I/OMXNodeInstance(  164): OMX_FreeBuffer for buffer header 0x42fdc160 successful
W/AudioFlinger(  164): session id 1377 not found for pid 164
D/overlay (  161): Unset pipe=VG0 dpy=0; 
I/AwesomePlayer(  164): setDataSource_l(URL suppressed)
D/dalvikvm(  655): GC_FOR_ALLOC freed 4568K, 35% free 16116K/24640K, paused 61ms, total 61ms
I/AwesomePlayer(  164): setDataSource_l(URL suppressed)
W/PhoneStatusBar/NavigationBarView(  655): *** Invalid layout in navigation bar (sizeChanged this=84x768 cur=768x96)
I/CameraClient(  164): Opening camera 0
E/qcom_sensors_hal(  534): hal_process_report_ind: Bad item quality: 11 
E/mm-camera(  179): sensor_load_chromatix: libchromatix_imx111_preview.so: 30
E/mm-camera(  179): vfe_ops_init: E
E/mm-camera(  179): vfe_legacy_stats_buffer_init: AEC_STATS_BUFNUM
E/mm-camera(  179): vfe_legacy_stats_buffer_init: AEC_STATS_BUFNUM
E/mm-camera(  179): mctl_init_stats_proc_info: snap_max_line_cnt =30096
E/QCameraHWI(  164): android::status_t android::QCameraHardwareInterface::setPreviewWindow(preview_stream_ops_t*): mPreviewWindow = 0x0x4328fad0, mStreamDisplay = 0x0x42dbc670
D/QCameraHWI(  164): android::status_t android::QCameraHardwareInterface::startPreview():  start preview now
I/QCameraHWI(  164): android::status_t android::QCameraHardwareInterface::startPreview2():Setting ZSL mode
E/mm-camera(  179): config_proc_CAMERA_SET_INFORM_STARTPREVIEW
E/mm-camera(  179): config_update_stream_info Storing stream parameters for video inst 1 as : width = 1280, height 720, format = 1 inst_handle = 810081 cid = 0
E/mm-camera(  179): config_update_stream_info Storing stream parameters for video inst 3 as : width = 640, height 480, format = 1 inst_handle = 830083 cid = 0
E/mm-camera(  179): config_update_stream_info Storing stream parameters for video inst 4 as : width = 512, height 384, format = 1 inst_handle = 840084 cid = 0
E/mm-camera(  179): config_decide_vfe_outputs: Ports Used 3, Op mode 1
E/mm-camera(  179): config_decide_vfe_outputs Current mode 0 Full size streaming : Disabled
E/mm-camera(  179): config_decide_vfe_outputs: Primary: 1280x720, extra_pad: 0x0, Fmt: 1, Type: 1, Path: 1
E/mm-camera(  179): config_decide_vfe_outputs: Secondary: 640x480, extra_pad: 0x0, Fmt: 1, Type: 3, Path: 4
E/mm-camera(  179): config_update_inst_handles Updated the inst handles as 810081, 830083, 0, 0 
E/mm-camera(  179): sensor_load_chromatix: libchromatix_imx111_zsl.so: 26
E/mm-camera(  179): camif_client_set_params: camif has associated with obj mask 0x1
E/mm-camera(  179): config_v2_CAMERA_START_common CAMIF_PARAMS_ADD_OBJ_ID failed -1 
E/mm-camera(  179): vfe_operation_config: format 3
E/mm-camera(  179): vfe_operation_config:vfe_op_mode=5
E/mm-camera(  179): Invalid ASD Set Params Type
E/mm-camera(  179): vfe_set_bestshot: Bestshot mode not changed
E/mm-camera(  179): PROFILE set_parm_AF: : 1381710851.299821624
E/mm-libcamera2(  164): PROFILE HAL: First preview frame received: 1381710851.331410209
E/BufferQueue(  161): [SurfaceView] dequeueBuffer: min undequeued buffer count (2) exceeded (dequeued=6 undequeudCount=0)
D/overlay (  161): Set pipe=VG0 dpy=0; 
E/BufferQueue(  161): [SurfaceView] dequeueBuffer: min undequeued buffer count (2) exceeded (dequeued=5 undequeudCount=1)
D/dalvikvm(  534): GC_EXPLICIT freed 3979K, 38% free 24137K/38364K, paused 16ms+12ms, total 177ms
E/mm-camera(  179): PROFILE set_parm_AF: : 1381710853.918622172
E/mm-camera(  179): PROFILE set_parm_AF: : 1381710856.122406700
I/GCoreUlr( 8943): Successfully inserted location
I/GCoreUlr( 8943): Not calling LocationReportingService, hasMoved: false, elapsed millis: 1758332, request: Phone
E/mm-camera(  179): PROFILE set_parm_AF: : 1381710858.425657118
E/mm-camera(  179): PROFILE set_parm_AF: : 1381710860.735347335
I/InputReader(  534): Reconfiguring input devices.  changes=0x00000004
I/InputReader(  534): Device reconfigured: id=6, name='touch_dev', size 768x1280, orientation 0, mode 1, display id 0
I/ActivityManager(  534): Config changes=480 {1.0 310mcc260mnc en_US ldltr sw384dp w384dp h567dp 320dpi nrml port finger -keyb/v/h -nav/h s.110 themeResource=null}
E/mm-libcamera2(  164): PROFILE HAL: stopPreview(): E: 1381710861.331318647
E/mm-camera(  179): config_MSG_ID_STOP_ACK: streamon_mask is not clear. Should not call PP_Release_HW
E/mm-libcamera2(  164): PROFILE HAL: stopPreview(): E: 1381710861.358115533
E/QCameraHWI(  164): android::status_t android::QCameraHardwareInterface::setPreviewWindow(preview_stream_ops_t*):Received Setting NULL preview window
E/QCameraHWI(  164): android::status_t android::QCameraHardwareInterface::setPreviewWindow(preview_stream_ops_t*): mPreviewWindow = 0x0x0, mStreamDisplay = 0x0x42dbc670
W/QCameraHWI_Preview(  164):  Setting NULL preview window 
I/CameraClient(  164): Destroying camera 0
E/mm-camera(  179): config_shutdown_pp Camera not in streaming mode. Returning. 
E/mm-camera(  179): vfe_ops_deinit: E
D/BluetoothAdapter(  655): 1092545376: getState() :  mService = null. Returning STATE_OFF
E/qcom_sensors_hal(  534): hal_process_report_ind: Bad item quality: 11 
I/OMXNodeInstance(  164): OMX_FreeBuffer for buffer header 0x400d0ec0 successful
I/OMXNodeInstance(  164): OMX_FreeBuffer for buffer header 0x400950f8 successful
I/OMXNodeInstance(  164): OMX_FreeBuffer for buffer header 0x40095860 successful
I/OMXNodeInstance(  164): OMX_FreeBuffer for buffer header 0x42e8f740 successful
I/OMXNodeInstance(  164): OMX_FreeBuffer for buffer header 0x431f82b0 successful
I/OMXNodeInstance(  164): OMX_FreeBuffer for buffer header 0x42fddca8 successful
I/OMXNodeInstance(  164): OMX_FreeBuffer for buffer header 0x438824e8 successful
I/OMXNodeInstance(  164): OMX_FreeBuffer for buffer header 0x42c05398 successful
W/AudioFlinger(  164): session id 1378 not found for pid 164
I/OMXNodeInstance(  164): OMX_FreeBuffer for buffer header 0x43880118 successful
I/OMXNodeInstance(  164): OMX_FreeBuffer for buffer header 0x41b5b368 successful
I/OMXNodeInstance(  164): OMX_FreeBuffer for buffer header 0x41b5b298 successful
I/OMXNodeInstance(  164): OMX_FreeBuffer for buffer header 0x4a4c51b8 successful
I/OMXNodeInstance(  164): OMX_FreeBuffer for buffer header 0x4328f9c0 successful
I/OMXNodeInstance(  164): OMX_FreeBuffer for buffer header 0x42fdc118 successful
I/OMXNodeInstance(  164): OMX_FreeBuffer for buffer header 0x42fdc008 successful
I/OMXNodeInstance(  164): OMX_FreeBuffer for buffer header 0x438802a0 successful
W/AudioFlinger(  164): session id 1379 not found for pid 164
D/overlay (  161): Unset pipe=VG0 dpy=0; 
D/dalvikvm(  655): GC_FOR_ALLOC freed 2567K, 26% free 16620K/22244K, paused 25ms, total 25ms
I/dalvikvm-heap(  655): Grow heap (frag case) to 20.387MB for 2073616-byte allocation
I/AwesomePlayer(  164): setDataSource_l(URL suppressed)
I/AwesomePlayer(  164): setDataSource_l(URL suppressed)
I/CameraClient(  164): Opening camera 0
E/qcom_sensors_hal(  534): hal_process_report_ind: Bad item quality: 11 
E/mm-camera(  179): sensor_load_chromatix: libchromatix_imx111_preview.so: 30
E/mm-camera(  179): vfe_ops_init: E
E/mm-camera(  179): vfe_legacy_stats_buffer_init: AEC_STATS_BUFNUM
E/mm-camera(  179): vfe_legacy_stats_buffer_init: AEC_STATS_BUFNUM
E/mm-camera(  179): mctl_init_stats_proc_info: snap_max_line_cnt =30096
E/QCameraHWI(  164): android::status_t android::QCameraHardwareInterface::setPreviewWindow(preview_stream_ops_t*): mPreviewWindow = 0x0x4328f970, mStreamDisplay = 0x0x42dbc670
D/QCameraHWI(  164): android::status_t android::QCameraHardwareInterface::startPreview():  start preview now
I/QCameraHWI(  164): android::status_t android::QCameraHardwareInterface::startPreview2():Setting ZSL mode
E/mm-camera(  179): config_proc_CAMERA_SET_INFORM_STARTPREVIEW
E/mm-camera(  179): config_update_stream_info Storing stream parameters for video inst 1 as : width = 720, height 480, format = 1 inst_handle = 810081 cid = 0
E/mm-camera(  179): config_update_stream_info Storing stream parameters for video inst 3 as : width = 640, height 480, format = 1 inst_handle = 830083 cid = 0
E/mm-camera(  179): config_update_stream_info Storing stream parameters for video inst 4 as : width = 512, height 384, format = 1 inst_handle = 840084 cid = 0
E/mm-camera(  179): config_decide_vfe_outputs: Ports Used 3, Op mode 1
E/mm-camera(  179): config_decide_vfe_outputs Current mode 0 Full size streaming : Disabled
E/mm-camera(  179): config_decide_vfe_outputs: Primary: 720x480, extra_pad: 0x0, Fmt: 1, Type: 1, Path: 1
E/mm-camera(  179): config_decide_vfe_outputs: Secondary: 640x480, extra_pad: 0x0, Fmt: 1, Type: 3, Path: 4
E/mm-camera(  179): config_update_inst_handles Updated the inst handles as 810081, 830083, 0, 0 
E/mm-camera(  179): sensor_load_chromatix: libchromatix_imx111_zsl.so: 26
E/mm-camera(  179): camif_client_set_params: camif has associated with obj mask 0x1
E/mm-camera(  179): config_v2_CAMERA_START_common CAMIF_PARAMS_ADD_OBJ_ID failed -1 
E/mm-camera(  179): vfe_operation_config: format 3
E/mm-camera(  179): vfe_operation_config:vfe_op_mode=5
E/mm-camera(  179): Invalid ASD Set Params Type
E/mm-camera(  179): vfe_set_bestshot: Bestshot mode not changed
E/mm-camera(  179): PROFILE set_parm_AF: : 1381710862.248852601
E/mm-libcamera2(  164): PROFILE HAL: First preview frame received: 1381710862.304277597
E/BufferQueue(  161): [SurfaceView] dequeueBuffer: min undequeued buffer count (2) exceeded (dequeued=6 undequeudCount=0)
D/overlay (  161): Set pipe=VG0 dpy=0; 
E/BufferQueue(  161): [SurfaceView] dequeueBuffer: min undequeued buffer count (2) exceeded (dequeued=5 undequeudCount=1)
