E/mm-camera(  179): vfe_legacy_stats_buffer_init: AEC_STATS_BUFNUM
E/mm-camera(  179): mctl_init_stats_proc_info: snap_max_line_cnt =30096
D/dalvikvm( 6578): GC_FOR_ALLOC freed 1773K, 72% free 3068K/10660K, paused 16ms, total 18ms
E/QCameraHWI(  164): android::status_t android::QCameraHardwareInterface::setPreviewWindow(preview_stream_ops_t*): mPreviewWindow = 0x0x436cea78, mStreamDisplay = 0x0x42dbc670
D/QCameraHWI(  164): android::status_t android::QCameraHardwareInterface::startPreview():  start preview now
I/QCameraHWI(  164): android::status_t android::QCameraHardwareInterface::startPreview2():Setting ZSL mode
E/mm-camera(  179): config_proc_CAMERA_SET_INFORM_STARTPREVIEW
E/mm-camera(  179): config_update_stream_info Storing stream parameters for video inst 1 as : width = 1280, height 720, format = 1 inst_handle = 810081 cid = 0
E/mm-camera(  179): config_update_stream_info Storing stream parameters for video inst 3 as : width = 640, height 480, format = 1 inst_handle = 830083 cid = 0
E/mm-camera(  179): config_update_stream_info Storing stream parameters for video inst 4 as : width = 512, height 384, format = 1 inst_handle = 840084 cid = 0
E/mm-camera(  179): config_decide_vfe_outputs: Ports Used 3, Op mode 1
E/mm-camera(  179): config_decide_vfe_outputs Current mode 0 Full size streaming : Disabled
E/mm-camera(  179): config_decide_vfe_outputs: Primary: 1280x720, extra_pad: 0x0, Fmt: 1, Type: 1, Path: 1
E/mm-camera(  179): config_decide_vfe_outputs: Secondary: 640x480, extra_pad: 0x0, Fmt: 1, Type: 3, Path: 4
E/mm-camera(  179): config_update_inst_handles Updated the inst handles as 810081, 830083, 0, 0 
E/mm-camera(  179): sensor_load_chromatix: libchromatix_imx111_zsl.so: 26
E/mm-camera(  179): camif_client_set_params: camif has associated with obj mask 0x1
E/mm-camera(  179): config_v2_CAMERA_START_common CAMIF_PARAMS_ADD_OBJ_ID failed -1 
E/mm-camera(  179): vfe_operation_config: format 3
E/mm-camera(  179): vfe_operation_config:vfe_op_mode=5
E/mm-camera(  179): Invalid ASD Set Params Type
E/mm-camera(  179): vfe_set_bestshot: Bestshot mode not changed
E/mm-camera(  179): PROFILE set_parm_AF: : 1381710440.480715918
E/mm-libcamera2(  164): PROFILE HAL: First preview frame received: 1381710440.511236291
E/BufferQueue(  161): [SurfaceView] dequeueBuffer: min undequeued buffer count (2) exceeded (dequeued=6 undequeudCount=0)
D/overlay (  161): Set pipe=VG0 dpy=0; 
D/dalvikvm( 6578): GC_FOR_ALLOC freed 593K, 65% free 3825K/10660K, paused 12ms, total 12ms
E/BufferQueue(  161): [SurfaceView] dequeueBuffer: min undequeued buffer count (2) exceeded (dequeued=5 undequeudCount=1)
D/dalvikvm(  534): GC_EXPLICIT freed 2395K, 38% free 23948K/38364K, paused 9ms+7ms, total 98ms
E/mm-camera(  179): PROFILE set_parm_AF: : 1381710442.745846394
E/mm-camera(  179): PROFILE set_parm_AF: : 1381710445.250744912
I/InputReader(  534): Reconfiguring input devices.  changes=0x00000004
I/InputReader(  534): Device reconfigured: id=6, name='touch_dev', size 768x1280, orientation 0, mode 1, display id 0
I/ActivityManager(  534): Config changes=480 {1.0 310mcc260mnc en_US ldltr sw384dp w384dp h567dp 320dpi nrml port finger -keyb/v/h -nav/h s.108 themeResource=null}
E/mm-libcamera2(  164): PROFILE HAL: stopPreview(): E: 1381710446.755460310
E/mm-camera(  179): config_MSG_ID_STOP_ACK: streamon_mask is not clear. Should not call PP_Release_HW
E/mm-libcamera2(  164): PROFILE HAL: stopPreview(): E: 1381710446.761411783
E/QCameraHWI(  164): android::status_t android::QCameraHardwareInterface::setPreviewWindow(preview_stream_ops_t*):Received Setting NULL preview window
E/QCameraHWI(  164): android::status_t android::QCameraHardwareInterface::setPreviewWindow(preview_stream_ops_t*): mPreviewWindow = 0x0x0, mStreamDisplay = 0x0x42dbc670
W/QCameraHWI_Preview(  164):  Setting NULL preview window 
I/CameraClient(  164): Destroying camera 0
E/mm-camera(  179): config_shutdown_pp Camera not in streaming mode. Returning. 
E/mm-camera(  179): vfe_ops_deinit: E
I/OMXNodeInstance(  164): OMX_FreeBuffer for buffer header 0x42bc2008 successful
I/OMXNodeInstance(  164): OMX_FreeBuffer for buffer header 0x42e8f380 successful
I/OMXNodeInstance(  164): OMX_FreeBuffer for buffer header 0x42c05398 successful
I/OMXNodeInstance(  164): OMX_FreeBuffer for buffer header 0x400950f8 successful
I/OMXNodeInstance(  164): OMX_FreeBuffer for buffer header 0x42dbbfb8 successful
I/OMXNodeInstance(  164): OMX_FreeBuffer for buffer header 0x4a4c5650 successful
I/OMXNodeInstance(  164): OMX_FreeBuffer for buffer header 0x431f8700 successful
I/OMXNodeInstance(  164): OMX_FreeBuffer for buffer header 0x42fddca8 successful
W/AudioFlinger(  164): session id 1360 not found for pid 164
I/OMXNodeInstance(  164): OMX_FreeBuffer for buffer header 0x41244e50 successful
I/OMXNodeInstance(  164): OMX_FreeBuffer for buffer header 0x42dbbe18 successful
I/OMXNodeInstance(  164): OMX_FreeBuffer for buffer header 0x42dbbd60 successful
I/OMXNodeInstance(  164): OMX_FreeBuffer for buffer header 0x431f8150 successful
I/OMXNodeInstance(  164): OMX_FreeBuffer for buffer header 0x436ce968 successful
I/OMXNodeInstance(  164): OMX_FreeBuffer for buffer header 0x4a4c5278 successful
I/OMXNodeInstance(  164): OMX_FreeBuffer for buffer header 0x4a4c5158 successful
I/OMXNodeInstance(  164): OMX_FreeBuffer for buffer header 0x41244f98 successful
W/AudioFlinger(  164): session id 1361 not found for pid 164
E/qcom_sensors_hal(  534): hal_process_report_ind: Bad item quality: 11 
D/BluetoothAdapter(  655): 1092545376: getState() :  mService = null. Returning STATE_OFF
D/overlay (  161): Unset pipe=VG0 dpy=0; 
W/PhoneStatusBar/NavigationBarView(  655): *** Invalid layout in navigation bar (sizeChanged this=768x96 cur=84x768)
I/AwesomePlayer(  164): setDataSource_l(URL suppressed)
D/dalvikvm(  655): GC_FOR_ALLOC freed 4422K, 40% free 13515K/22244K, paused 32ms, total 32ms
I/dalvikvm-heap(  655): Grow heap (frag case) to 17.355MB for 2073616-byte allocation
I/AwesomePlayer(  164): setDataSource_l(URL suppressed)
I/CameraClient(  164): Opening camera 0
E/qcom_sensors_hal(  534): hal_process_report_ind: Bad item quality: 11 
E/mm-camera(  179): sensor_load_chromatix: libchromatix_imx111_preview.so: 30
E/mm-camera(  179): vfe_ops_init: E
E/mm-camera(  179): vfe_legacy_stats_buffer_init: AEC_STATS_BUFNUM
E/mm-camera(  179): vfe_legacy_stats_buffer_init: AEC_STATS_BUFNUM
E/mm-camera(  179): mctl_init_stats_proc_info: snap_max_line_cnt =30096
E/QCameraHWI(  164): android::status_t android::QCameraHardwareInterface::setPreviewWindow(preview_stream_ops_t*): mPreviewWindow = 0x0x40311df8, mStreamDisplay = 0x0x42dbc670
D/QCameraHWI(  164): android::status_t android::QCameraHardwareInterface::startPreview():  start preview now
I/QCameraHWI(  164): android::status_t android::QCameraHardwareInterface::startPreview2():Setting ZSL mode
E/mm-camera(  179): config_proc_CAMERA_SET_INFORM_STARTPREVIEW
E/mm-camera(  179): config_update_stream_info Storing stream parameters for video inst 1 as : width = 720, height 480, format = 1 inst_handle = 810081 cid = 0
D/dalvikvm( 6578): GC_CONCURRENT freed 2787K, 72% free 3032K/10660K, paused 6ms+11ms, total 55ms
E/mm-camera(  179): config_update_stream_info Storing stream parameters for video inst 3 as : width = 640, height 480, format = 1 inst_handle = 830083 cid = 0
E/mm-camera(  179): config_update_stream_info Storing stream parameters for video inst 4 as : width = 512, height 384, format = 1 inst_handle = 840084 cid = 0
E/mm-camera(  179): config_decide_vfe_outputs: Ports Used 3, Op mode 1
E/mm-camera(  179): config_decide_vfe_outputs Current mode 0 Full size streaming : Disabled
E/mm-camera(  179): config_decide_vfe_outputs: Primary: 720x480, extra_pad: 0x0, Fmt: 1, Type: 1, Path: 1
E/mm-camera(  179): config_decide_vfe_outputs: Secondary: 640x480, extra_pad: 0x0, Fmt: 1, Type: 3, Path: 4
E/mm-camera(  179): config_update_inst_handles Updated the inst handles as 810081, 830083, 0, 0 
E/mm-camera(  179): sensor_load_chromatix: libchromatix_imx111_zsl.so: 26
E/mm-camera(  179): camif_client_set_params: camif has associated with obj mask 0x1
E/mm-camera(  179): config_v2_CAMERA_START_common CAMIF_PARAMS_ADD_OBJ_ID failed -1 
E/mm-camera(  179): vfe_operation_config: format 3
E/mm-camera(  179): vfe_operation_config:vfe_op_mode=5
E/mm-camera(  179): Invalid ASD Set Params Type
E/mm-camera(  179): vfe_set_bestshot: Bestshot mode not changed
E/mm-camera(  179): PROFILE set_parm_AF: : 1381710447.698600856
E/mm-libcamera2(  164): PROFILE HAL: First preview frame received: 1381710447.735011660
E/BufferQueue(  161): [SurfaceView] dequeueBuffer: min undequeued buffer count (2) exceeded (dequeued=6 undequeudCount=0)
D/overlay (  161): Set pipe=VG0 dpy=0; 
E/BufferQueue(  161): [SurfaceView] dequeueBuffer: min undequeued buffer count (2) exceeded (dequeued=5 undequeudCount=1)
D/dalvikvm(  534): GC_EXPLICIT freed 2343K, 38% free 23934K/38364K, paused 11ms+8ms, total 117ms
E/mm-camera(  179): PROFILE set_parm_AF: : 1381710449.917248803
D/ALSAStreamOps(  164): setParameters(): keyRouting with device 0x2
D/ALSAModule(  164): s_route: devices 0x2 in mode 0
D/ALSAModule(  164): switchDevice: device 2 mode:0
D/ALSAModule(  164): No valid input device: 0
D/ALSAModule(  164): switchDevice,rxDev:Speaker, txDev:(null), curRxDev:Speaker, curTxDev:DMIC Endfire
D/alsa_ucm(  164): snd_use_case_set(): uc_mgr 0x40cec2a0 identifier _enadev value Speaker
D/ALSAModule(  164): switchDevice: curTxUCMDevivce DMIC Endfire curRxDevDevice Speaker
D/AudioStreamOutALSA(  164): mHandle->useCase: HiFi Lowlatency
D/ALSAModule(  164): s_route: devices 0x2 in mode 0
D/ALSAModule(  164): switchDevice: device 2 mode:0
D/ALSAModule(  164): No valid input device: 0
D/ALSAModule(  164): switchDevice,rxDev:Speaker, txDev:(null), curRxDev:Speaker, curTxDev:DMIC Endfire
D/alsa_ucm(  164): snd_use_case_set(): uc_mgr 0x40cec2a0 identifier _enadev value Speaker
D/ALSAModule(  164): switchDevice: curTxUCMDevivce DMIC Endfire curRxDevDevice Speaker
D/alsa_ucm(  164): snd_use_case_set(): uc_mgr 0x40cec2a0 identifier _verb value HiFi Lowlatency
D/alsa_ucm(  164): Set mixer controls for Speaker enable 1
D/ACDB-LOADER(  164): ACDB -> send_afe_cal
I/ActivityManager(  534): START u0 {act=android.intent.action.MAIN cat=[android.intent.category.HOME] flg=0x10200000 cmp=com.cyanogenmod.trebuchet/.Launcher} from pid 534
D/alsa_ucm(  164): Set mixer controls for HiFi Lowlatency enable 1
D/ALSAModule(  164): Device value returned is hw:0,14
D/ALSAModule(  164): setHardwareParams: reqBuffSize 1024 channels 2 sampleRate 48000
D/ALSAModule(  164): setHardwareParams: buffer_size 2048, period_size 1024, period_cnt 2
D/dalvikvm(  655): GC_CONCURRENT freed 3856K, 45% free 13515K/24272K, paused 2ms+7ms, total 40ms
E/mm-libcamera2(  164): PROFILE HAL: stopPreview(): E: 1381710451.932631070
E/mm-camera(  179): config_v2_proc_event_message_0: Unsupported message id: 40
E/mm-camera(  179): config_MSG_ID_STOP_ACK: streamon_mask is not clear. Should not call PP_Release_HW
E/mm-libcamera2(  164): PROFILE HAL: stopPreview(): E: 1381710451.941054693
E/QCameraHWI(  164): android::status_t android::QCameraHardwareInterface::setPreviewWindow(preview_stream_ops_t*):Received Setting NULL preview window
E/QCameraHWI(  164): android::status_t android::QCameraHardwareInterface::setPreviewWindow(preview_stream_ops_t*): mPreviewWindow = 0x0x0, mStreamDisplay = 0x0x42dbc670
W/QCameraHWI_Preview(  164):  Setting NULL preview window 
I/CameraClient(  164): Destroying camera 0
E/mm-camera(  179): config_shutdown_pp Camera not in streaming mode. Returning. 
E/mm-camera(  179): vfe_ops_deinit: E
E/qcom_sensors_hal(  534): hal_process_report_ind: Bad item quality: 11 
I/OMXNodeInstance(  164): OMX_FreeBuffer for buffer header 0x400fbb08 successful
I/OMXNodeInstance(  164): OMX_FreeBuffer for buffer header 0x42bc4cb0 successful
I/OMXNodeInstance(  164): OMX_FreeBuffer for buffer header 0x43883f58 successful
I/OMXNodeInstance(  164): OMX_FreeBuffer for buffer header 0x40c921c0 successful
I/OMXNodeInstance(  164): OMX_FreeBuffer for buffer header 0x42e8f618 successful
I/OMXNodeInstance(  164): OMX_FreeBuffer for buffer header 0x431f8700 successful
I/OMXNodeInstance(  164): OMX_FreeBuffer for buffer header 0x42e8f380 successful
I/OMXNodeInstance(  164): OMX_FreeBuffer for buffer header 0x400d0ec0 successful
W/AudioFlinger(  164): session id 1362 not found for pid 164
I/OMXNodeInstance(  164): OMX_FreeBuffer for buffer header 0x41244e50 successful
I/OMXNodeInstance(  164): OMX_FreeBuffer for buffer header 0x42dbbe18 successful
I/OMXNodeInstance(  164): OMX_FreeBuffer for buffer header 0x42dbbd60 successful
I/OMXNodeInstance(  164): OMX_FreeBuffer for buffer header 0x431f8150 successful
I/OMXNodeInstance(  164): OMX_FreeBuffer for buffer header 0x42bc4780 successful
I/OMXNodeInstance(  164): OMX_FreeBuffer for buffer header 0x40093a00 successful
I/OMXNodeInstance(  164): OMX_FreeBuffer for buffer header 0x400938d8 successful
I/OMXNodeInstance(  164): OMX_FreeBuffer for buffer header 0x41244f98 successful
W/AudioFlinger(  164): session id 1363 not found for pid 164
D/overlay (  161): Unset pipe=VG0 dpy=0; 
D/overlay (  161): Set pipe=RGB1 dpy=0; Set pipe=VG0 dpy=0; Set pipe=VG1 dpy=0; 
D/PicasaUploaderSyncManager( 7160): battery info: true
V/lights  (  534): set_notification_led_locked: red 0 green 255 blue 0 onMS 0 offMS 0
D/MtpService( 3302): updating state; isCurrentUser=true, mMtpLocked=false
D/MtpService( 3302): addStorageLocked 65537 /storage/emulated/0
D/MtpService( 3302): updating state; isCurrentUser=true, mMtpLocked=false
D/MtpService( 3302): starting MTP server in MTP mode
D/MtpService( 3302): addStorageLocked 65537 /storage/emulated/0
D/alsa_ucm(  164): snd_use_case_set(): uc_mgr 0x40cec2a0 identifier _verb value Inactive
D/alsa_ucm(  164): Set mixer controls for HiFi Lowlatency enable 0
D/alsa_ucm(  164): snd_use_case_set(): uc_mgr 0x40cec2a0 identifier _disdev value DMIC Endfire
D/alsa_ucm(  164): disdev: device DMIC Endfire not enabled, no need to disable
D/alsa_ucm(  164): snd_use_case_set(): uc_mgr 0x40cec2a0 identifier _disdev value Speaker
D/alsa_ucm(  164): Set mixer controls for Speaker enable 0
D/dalvikvm( 8943): GC_CONCURRENT freed 1943K, 53% free 5044K/10660K, paused 5ms+4ms, total 45ms
D/dalvikvm( 8943): WAIT_FOR_CONCURRENT_GC blocked 25ms
I/PowerManagerService(  534): Going to sleep due to screen timeout...
D/overlay (  161): Unset pipe=VG0 dpy=0; Unset pipe=VG1 dpy=0; Unset pipe=RGB1 dpy=0; 
D/SurfaceFlinger(  161): Screen released, type=0 flinger=0x41569318
D/hwcomposer(  161): hwc_blank: Doing Dpy=0, blank=1
I/keystore(  166): uid: 1000 action: z -> 7 state: 3 -> 3 retry: 4
D/overlay (  161): Unset pipe=RGB0 dpy=0; 
I/keystore(  166): uid: 1000 action: z -> 7 state: 3 -> 3 retry: 4
D/hwcomposer(  161): hwc_blank: Done Dpy=0, blank=1
D/Surface (  534): Excessive delay in blankDisplay() while turning screen off: 176ms
W/ProcessStats(  534): Skipping unknown process pid 7944
W/ProcessStats(  534): Skipping unknown process pid 7946
W/ProcessStats(  534): Skipping unknown process pid 7947
W/ProcessStats(  534): Skipping unknown process pid 7948
D/AccelerometerListener(  796): enable(false)
D/NfcService(  802): NFC-C OFF
I/keystore(  166): uid: 1000 action: z -> 7 state: 3 -> 3 retry: 4
I/keystore(  166): uid: 1000 action: z -> 7 state: 3 -> 3 retry: 4
I/keystore(  166): uid: 1000 action: z -> 7 state: 3 -> 3 retry: 4
I/keystore(  166): uid: 1000 action: z -> 7 state: 3 -> 3 retry: 4
I/keystore(  166): uid: 1000 action: z -> 7 state: 3 -> 3 retry: 4
I/keystore(  166): uid: 1000 action: z -> 7 state: 3 -> 3 retry: 4
D/dalvikvm(  534): GC_FOR_ALLOC freed 3394K, 33% free 25824K/38364K, paused 79ms, total 79ms
I/keystore(  166): uid: 1000 action: z -> 7 state: 3 -> 3 retry: 4
I/keystore(  166): uid: 1000 action: z -> 7 state: 3 -> 3 retry: 4
I/keystore(  166): uid: 1000 action: z -> 7 state: 3 -> 3 retry: 4
I/keystore(  166): uid: 1000 action: z -> 7 state: 3 -> 3 retry: 4
I/keystore(  166): uid: 1000 action: z -> 7 state: 3 -> 3 retry: 4
I/keystore(  166): uid: 1000 action: z -> 7 state: 3 -> 3 retry: 4
D/PhoneStatusBar(  655): disable: < expand icons alerts ticker system_info back home RECENT* clock search >
V/TAG     (  534): bug 7643792: fitSystemWindows([0,50][0,0])
D/PhoneStatusBar(  655): disable: < expand icons alerts ticker system_info BACK* HOME* RECENT CLOCK* search >
I/keystore(  166): uid: 1000 action: z -> 7 state: 3 -> 3 retry: 4
I/keystore(  166): uid: 1000 action: z -> 7 state: 3 -> 3 retry: 4
I/keystore(  166): uid: 1000 action: z -> 7 state: 3 -> 3 retry: 4
I/keystore(  166): uid: 1000 action: z -> 7 state: 3 -> 3 retry: 4
I/keystore(  166): uid: 1000 action: z -> 7 state: 3 -> 3 retry: 4
I/keystore(  166): uid: 1000 action: z -> 7 state: 3 -> 3 retry: 4
I/keystore(  166): uid: 1000 action: z -> 7 state: 3 -> 3 retry: 4
I/GCoreUlr( 8943): Successfully inserted location
I/GCoreUlr( 8943): Not calling LocationReportingService, hasMoved: false, elapsed millis: 1398296, request: Phone
I/ActivityManager(  534): Start proc com.cyanogenmod.updater for service com.cyanogenmod.updater/.service.UpdateCheckService: pid=7988 uid=10006 gids={50006, 3003, 1015, 2001, 1028}
D/UpdateCheckService( 7988): Got update JSON data with 9 entries
D/UpdateCheckService( 7988): Build cm-10.1.2-mako.zip is older than the installed build
D/UpdateCheckService( 7988): Build cm-10.1.1-mako.zip is older than the installed build
D/UpdateCheckService( 7988): Build cm-10.1-20130411-EXPERIMENTAL-mako-M3.zip is older than the installed build
D/UpdateCheckService( 7988): Build cm-10.1-20130304-EXPERIMENTAL-mako-M2.zip is older than the installed build
D/UpdateCheckService( 7988): Build cm-10.1-20130121-EXPERIMENTAL-mako-M1.zip is older than the installed build
D/UpdateCheckService( 7988): Build cm-10.1.3-RC2-mako.zip is older than the installed build
D/UpdateCheckService( 7988): Build cm-10.1.3-RC1-mako.zip is older than the installed build
D/UpdateCheckService( 7988): Build cm-10.1.0-RC5-mako.zip is older than the installed build
I/UpdateCheckService( 7988): The update check successfully completed at Sun Oct 13 19:28:29 CST 2013 and found 1 updates (1 newer than installed)
I/Icing.InternalIcingCorporaProvider(31844): Updating corpora: A: MAYBE, C: FORCE_ALL
W/ActivityManager(  534): Permission denied: checkComponentPermission() owningUid=10064
W/ActivityManager(  534): Permission denied: checkComponentPermission() owningUid=10064
W/ActivityManager(  534): Permission denied: checkComponentPermission() owningUid=10064
W/ActivityManager(  534): Permission denied: checkComponentPermission() owningUid=10064
D/dalvikvm(31844): GC_CONCURRENT freed 1862K, 63% free 3995K/10660K, paused 2ms+3ms, total 37ms
W/ActivityManager(  534): Permission denied: checkComponentPermission() owningUid=10064
W/ActivityManager(  534): Permission denied: checkComponentPermission() owningUid=10064
W/ActivityManager(  534): Permission denied: checkComponentPermission() owningUid=10064
W/ActivityManager(  534): Permission denied: checkComponentPermission() owningUid=10064
W/ActivityManager(  534): Permission denied: checkComponentPermission() owningUid=10064
W/ActivityManager(  534): Permission denied: checkComponentPermission() owningUid=10064
I/GCoreUlr( 8943): Successfully inserted location
I/GCoreUlr( 8943): Not calling LocationReportingService, hasMoved: false, elapsed millis: 1458267, request: Phone
D/dalvikvm( 8943): GC_CONCURRENT freed 2022K, 54% free 4947K/10660K, paused 17ms+3ms, total 81ms
I/GCoreUlr( 8943): Successfully inserted location
I/GCoreUlr( 8943): Not calling LocationReportingService, hasMoved: false, elapsed millis: 1518265, request: Phone
D/dalvikvm(  796): GC_CONCURRENT freed 1964K, 56% free 4703K/10660K, paused 6ms+2ms, total 68ms
I/GCoreUlr( 8943): Successfully inserted location
I/GCoreUlr( 8943): Not calling LocationReportingService, hasMoved: false, elapsed millis: 1578319, request: Phone
D/dalvikvm( 8943): GC_CONCURRENT freed 2020K, 54% free 4974K/10660K, paused 3ms+3ms, total 41ms
D/dalvikvm( 8943): WAIT_FOR_CONCURRENT_GC blocked 23ms
I/GCoreUlr( 8943): Successfully inserted location
I/GCoreUlr( 8943): Not calling LocationReportingService, hasMoved: false, elapsed millis: 1638326, request: Phone
I/PowerManagerService(  534): Waking up from sleep...
I/keystore(  166): uid: 1000 action: z -> 7 state: 3 -> 3 retry: 4
I/keystore(  166): uid: 1000 action: z -> 7 state: 3 -> 3 retry: 4
I/keystore(  166): uid: 1000 action: z -> 7 state: 3 -> 3 retry: 4
D/SurfaceFlinger(  161): Screen acquired, type=0 flinger=0x41569318
D/hwcomposer(  161): hwc_blank: Doing Dpy=0, blank=0
I/WindowManager(  534): Lock screen displayed!
D/AccelerometerListener(  796): enable(false)
D/hwcomposer(  161): hwc_blank: Done Dpy=0, blank=0
D/Surface (  534): Excessive delay in unblankDisplay() while turning screen on: 105ms
D/overlay (  161): Set pipe=RGB0 dpy=0; 
D/overlay (  161): Set pipe=RGB1 dpy=0; Set pipe=VG0 dpy=0; Set pipe=VG1 dpy=0; 
D/dalvikvm(  655): GC_CONCURRENT freed 1303K, 35% free 15955K/24268K, paused 2ms+8ms, total 46ms
D/dalvikvm(  655): WAIT_FOR_CONCURRENT_GC blocked 38ms
I/keystore(  166): uid: 1000 action: z -> 7 state: 3 -> 3 retry: 4
I/keystore(  166): uid: 1000 action: z -> 7 state: 3 -> 3 retry: 4
D/PhoneStatusBar(  655): disable: < expand icons alerts ticker system_info BACK HOME recent* CLOCK search >
D/NfcService(  802): NFC-C ON
I/USERIAL_LINUX(  802): USERIAL_Open(): enter
I/USERIAL_LINUX(  802): USERIAL_Open() device: /dev/bcm2079x-i2c port=5, uart_port=0 WAKE_DELAY(20) WRITE_DELAY(20) POWER_ON_DELAY(300) PRE_POWER_OFF_DELAY(10) POST_POWER_OFF_DELAY(0)
D/PhoneStatusBar(  655): disable: < expand icons alerts ticker system_info back* home* recent clock* search >
W/InputMethodManagerService(  534): Window already focused, ignoring focus gain of: com.android.internal.view.IInputMethodClient$Stub$Proxy@411ed470 attribute=android.view.inputmethod.EditorInfo@420003e8, token = android.os.BinderProxy@41afdd38
D/overlay (  161): Unset pipe=VG0 dpy=0; Unset pipe=VG1 dpy=0; Unset pipe=RGB1 dpy=0; 
D/overlay (  161): Set pipe=RGB1 dpy=0; Set pipe=VG0 dpy=0; 
D/overlay (  161): Unset pipe=VG0 dpy=0; Unset pipe=RGB1 dpy=0; 
D/overlay (  161): Set pipe=RGB1 dpy=0; Set pipe=VG0 dpy=0; Set pipe=VG1 dpy=0; 
V/TAG     (  534): bug 7643792: fitSystemWindows([0,50][0,0])
I/USERIAL_LINUX(  802): USERIAL_Open(): exit
W/InputMethodManagerService(  534): Window already focused, ignoring focus gain of: com.android.internal.view.IInputMethodClient$Stub$Proxy@414ab110 attribute=null, token = android.os.BinderProxy@41afdd38
D/ALSAStreamOps(  164): setParameters(): keyRouting with device 0x2
D/ALSAModule(  164): s_route: devices 0x2 in mode 0
D/ALSAModule(  164): switchDevice: device 2 mode:0
D/ALSAModule(  164): No valid input device: 0
D/ALSAModule(  164): switchDevice,rxDev:Speaker, txDev:(null), curRxDev:Speaker, curTxDev:DMIC Endfire
D/alsa_ucm(  164): snd_use_case_set(): uc_mgr 0x40cec2a0 identifier _enadev value Speaker
D/ALSAModule(  164): switchDevice: curTxUCMDevivce DMIC Endfire curRxDevDevice Speaker
D/AudioStreamOutALSA(  164): mHandle->useCase: HiFi Lowlatency
D/ALSAModule(  164): s_route: devices 0x2 in mode 0
D/ALSAModule(  164): switchDevice: device 2 mode:0
D/ALSAModule(  164): No valid input device: 0
D/ALSAModule(  164): switchDevice,rxDev:Speaker, txDev:(null), curRxDev:Speaker, curTxDev:DMIC Endfire
D/alsa_ucm(  164): snd_use_case_set(): uc_mgr 0x40cec2a0 identifier _enadev value Speaker
D/ALSAModule(  164): switchDevice: curTxUCMDevivce DMIC Endfire curRxDevDevice Speaker
D/alsa_ucm(  164): snd_use_case_set(): uc_mgr 0x40cec2a0 identifier _verb value HiFi Lowlatency
D/alsa_ucm(  164): Set mixer controls for Speaker enable 1
D/ACDB-LOADER(  164): ACDB -> send_afe_cal
D/alsa_ucm(  164): Set mixer controls for HiFi Lowlatency enable 1
D/ALSAModule(  164): Device value returned is hw:0,14
D/ALSAModule(  164): setHardwareParams: reqBuffSize 1024 channels 2 sampleRate 48000
D/ALSAModule(  164): setHardwareParams: buffer_size 2048, period_size 1024, period_cnt 2
D/overlay (  161): Unset pipe=VG1 dpy=0; 
D/dalvikvm(31535): GC_CONCURRENT freed 3972K, 31% free 12210K/17680K, paused 3ms+8ms, total 48ms
D/overlay (  161): Set pipe=VG1 dpy=0; 
D/alsa_ucm(  164): snd_use_case_set(): uc_mgr 0x40cec2a0 identifier _verb value Inactive
D/alsa_ucm(  164): Set mixer controls for HiFi Lowlatency enable 0
D/alsa_ucm(  164): snd_use_case_set(): uc_mgr 0x40cec2a0 identifier _disdev value DMIC Endfire
D/alsa_ucm(  164): disdev: device DMIC Endfire not enabled, no need to disable
D/alsa_ucm(  164): snd_use_case_set(): uc_mgr 0x40cec2a0 identifier _disdev value Speaker
D/alsa_ucm(  164): Set mixer controls for Speaker enable 0
I/ActivityManager(  534): START u0 {act=android.settings.APPLICATION_DETAILS_SETTINGS dat=package:com.hello.ms flg=0x10800000 cmp=com.android.settings/.applications.InstalledAppDetails} from pid 31535
D/dalvikvm(  534): GC_FOR_ALLOC freed 3875K, 29% free 27524K/38364K, paused 100ms, total 101ms
D/overlay (  161): Unset pipe=VG0 dpy=0; Unset pipe=VG1 dpy=0; Unset pipe=RGB1 dpy=0; 
W/ResourceType(27226): getEntry failing because entryIndex 129 is beyond type entryCount 4
D/android.widget.GridLayout(27226): vertical constraints: y3-y0>=495, y3-y2<=38, y2-y1<=42, y1-y0<=53 are inconsistent; permanently removing: y3-y2<=38. 
D/overlay (  161): Set pipe=RGB1 dpy=0; Set pipe=VG0 dpy=0; 
I/ActivityManager(  534): Displayed com.android.settings/.applications.InstalledAppDetails: +360ms
D/overlay (  161): Unset pipe=VG0 dpy=0; Unset pipe=RGB1 dpy=0; 
I/ActivityManager(  534): No longer want com.bel.android.dspmanager (pid 4567): empty for 1800s
W/ActivityManager(  534): Scheduling restart of crashed service com.bel.android.dspmanager/.service.HeadsetService in 5000ms
D/overlay (  161): Set pipe=RGB1 dpy=0; Set pipe=VG0 dpy=0; 
W/PackageManager(  534): Package named 'com.uiuc.acm.rp' doesn't exist.
D/ALSAStreamOps(  164): setParameters(): keyRouting with device 0x2
D/ALSAModule(  164): s_route: devices 0x2 in mode 0
D/ALSAModule(  164): switchDevice: device 2 mode:0
D/ALSAModule(  164): No valid input device: 0
D/ALSAModule(  164): switchDevice,rxDev:Speaker, txDev:(null), curRxDev:Speaker, curTxDev:DMIC Endfire
D/alsa_ucm(  164): snd_use_case_set(): uc_mgr 0x40cec2a0 identifier _enadev value Speaker
D/ALSAModule(  164): switchDevice: curTxUCMDevivce DMIC Endfire curRxDevDevice Speaker
D/AudioStreamOutALSA(  164): mHandle->useCase: HiFi Lowlatency
D/ALSAModule(  164): s_route: devices 0x2 in mode 0
D/ALSAModule(  164): switchDevice: device 2 mode:0
D/ALSAModule(  164): No valid input device: 0
D/ALSAModule(  164): switchDevice,rxDev:Speaker, txDev:(null), curRxDev:Speaker, curTxDev:DMIC Endfire
D/alsa_ucm(  164): snd_use_case_set(): uc_mgr 0x40cec2a0 identifier _enadev value Speaker
D/ALSAModule(  164): switchDevice: curTxUCMDevivce DMIC Endfire curRxDevDevice Speaker
D/alsa_ucm(  164): snd_use_case_set(): uc_mgr 0x40cec2a0 identifier _verb value HiFi Lowlatency
D/alsa_ucm(  164): Set mixer controls for Speaker enable 1
D/ACDB-LOADER(  164): ACDB -> send_afe_cal
D/alsa_ucm(  164): Set mixer controls for HiFi Lowlatency enable 1
D/ALSAModule(  164): Device value returned is hw:0,14
D/ALSAModule(  164): setHardwareParams: reqBuffSize 1024 channels 2 sampleRate 48000
D/ALSAModule(  164): setHardwareParams: buffer_size 2048, period_size 1024, period_cnt 2
D/overlay (  161): Unset pipe=VG0 dpy=0; Unset pipe=RGB1 dpy=0; 
D/ALSAStreamOps(  164): setParameters(): keyRouting with device 0x2
D/ALSAModule(  164): s_route: devices 0x2 in mode 0
D/ALSAModule(  164): switchDevice: device 2 mode:0
D/ALSAModule(  164): No valid input device: 0
D/ALSAModule(  164): switchDevice,rxDev:Speaker, txDev:(null), curRxDev:Speaker, curTxDev:DMIC Endfire
D/alsa_ucm(  164): snd_use_case_set(): uc_mgr 0x40cec2a0 identifier _enadev value Speaker
D/alsa_ucm(  164): Set mixer controls for HiFi Lowlatency enable 1
D/ALSAModule(  164): switchDevice: curTxUCMDevivce DMIC Endfire curRxDevDevice Speaker
I/ActivityManager(  534): Force stopping package com.hello.ms appid=10075 user=0
I/ActivityManager(  534): Killing proc 6578:com.hello.ms/u0a10075: force stop com.hello.ms
I/ActivityManager(  534):   Force finishing activity ActivityRecord{40f9e168 u0 com.hello.ms/.MainActivity}
I/ActivityManager(  534):   Force finishing activity ActivityRecord{40fc0ef8 u0 com.hello.ms/.ScanActivity}
W/ContextImpl(27226): Calling a method in the system process without a qualified user: android.app.ContextImpl.sendOrderedBroadcast:1130 android.content.ContextWrapper.sendOrderedBroadcast:357 com.android.settings.applications.InstalledAppDetails.checkForceStop:1304 com.android.settings.applications.InstalledAppDetails.forceStopPackage:1275 com.android.settings.applications.InstalledAppDetails.access$900:96 
W/InputDispatcher(  534): channel '40fc1770 com.hello.ms/com.hello.ms.MainActivity (server)' ~ Consumer closed input channel or an error occurred.  events=0x9
E/InputDispatcher(  534): channel '40fc1770 com.hello.ms/com.hello.ms.MainActivity (server)' ~ Channel is unrecoverably broken and will be disposed!
W/InputDispatcher(  534): Attempted to unregister already unregistered input channel '40fc1770 com.hello.ms/com.hello.ms.MainActivity (server)'
W/InputDispatcher(  534): channel '4155a5c0 com.hello.ms/com.hello.ms.ScanActivity (server)' ~ Consumer closed input channel or an error occurred.  events=0x9
E/InputDispatcher(  534): channel '4155a5c0 com.hello.ms/com.hello.ms.ScanActivity (server)' ~ Channel is unrecoverably broken and will be disposed!
I/WindowState(  534): WIN DEATH: Window{40fc1770 u0 com.hello.ms/com.hello.ms.MainActivity}
I/WindowState(  534): WIN DEATH: Window{417b8cd8 u0 SurfaceView}
W/InputDispatcher(  534): Attempted to unregister already unregistered input channel '4155a5c0 com.hello.ms/com.hello.ms.ScanActivity (server)'
I/WindowState(  534): WIN DEATH: Window{4155a5c0 u0 com.hello.ms/com.hello.ms.ScanActivity}
W/ContextImpl(27226): Calling a method in the system process without a qualified user: android.app.ContextImpl.sendOrderedBroadcast:1130 android.content.ContextWrapper.sendOrderedBroadcast:357 com.android.settings.applications.InstalledAppDetails.checkForceStop:1304 com.android.settings.applications.InstalledAppDetails.refreshUi:837 com.android.settings.applications.InstalledAppDetails.onPackageListChanged:613 
W/InputMethodManagerService(  534): Window already focused, ignoring focus gain of: com.android.internal.view.IInputMethodClient$Stub$Proxy@41ee45f8 attribute=null, token = android.os.BinderProxy@4127e1f0
D/overlay (  161): Set pipe=RGB1 dpy=0; Set pipe=VG0 dpy=0; 
D/ALSAStreamOps(  164): setParameters(): keyRouting with device 0x2
D/ALSAModule(  164): s_route: devices 0x2 in mode 0
D/ALSAModule(  164): switchDevice: device 2 mode:0
D/ALSAModule(  164): No valid input device: 0
D/ALSAModule(  164): switchDevice,rxDev:Speaker, txDev:(null), curRxDev:Speaker, curTxDev:DMIC Endfire
D/alsa_ucm(  164): snd_use_case_set(): uc_mgr 0x40cec2a0 identifier _enadev value Speaker
D/alsa_ucm(  164): Set mixer controls for HiFi Lowlatency enable 1
D/ALSAModule(  164): switchDevice: curTxUCMDevivce DMIC Endfire curRxDevDevice Speaker
D/overlay (  161): Unset pipe=VG0 dpy=0; Unset pipe=RGB1 dpy=0; 
I/InstalledAppDetails(27226): Clearing user data for package : com.hello.ms
I/ActivityManager(  534): Force stopping package com.hello.ms appid=10075 user=0
D/ALSAStreamOps(  164): setParameters(): keyRouting with device 0x2
D/ALSAModule(  164): s_route: devices 0x2 in mode 0
D/ALSAModule(  164): switchDevice: device 2 mode:0
D/ALSAModule(  164): No valid input device: 0
D/ALSAModule(  164): switchDevice,rxDev:Speaker, txDev:(null), curRxDev:Speaker, curTxDev:DMIC Endfire
D/alsa_ucm(  164): snd_use_case_set(): uc_mgr 0x40cec2a0 identifier _enadev value Speaker
D/alsa_ucm(  164): Set mixer controls for HiFi Lowlatency enable 1
D/ALSAModule(  164): switchDevice: curTxUCMDevivce DMIC Endfire curRxDevDevice Speaker
I/InstalledAppDetails(27226): Cleared user data for package : com.hello.ms
W/ContextImpl(27226): Calling a method in the system process without a qualified user: android.app.ContextImpl.sendOrderedBroadcast:1130 android.content.ContextWrapper.sendOrderedBroadcast:357 com.android.settings.applications.InstalledAppDetails.checkForceStop:1304 com.android.settings.applications.InstalledAppDetails.processClearMsg:1001 com.android.settings.applications.InstalledAppDetails.access$000:96 
W/InputMethodManagerService(  534): Window already focused, ignoring focus gain of: com.android.internal.view.IInputMethodClient$Stub$Proxy@41cd7588 attribute=null, token = android.os.BinderProxy@4127e1f0
D/overlay (  161): Set pipe=RGB1 dpy=0; Set pipe=VG0 dpy=0; 
I/ActivityManager(  534): Start proc com.bel.android.dspmanager for service com.bel.android.dspmanager/.service.HeadsetService: pid=8161 uid=10013 gids={50013, 3002, 1028}
I/HeadsetService( 8161): Starting service.
I/ActivityManager(  534): START u0 {act=android.intent.action.UNINSTALL_PACKAGE dat=package:com.hello.ms cmp=com.android.packageinstaller/.UninstallerActivity (has extras)} from pid 27226
D/ALSAStreamOps(  164): setParameters(): keyRouting with device 0x2
D/ALSAModule(  164): s_route: devices 0x2 in mode 0
D/ALSAModule(  164): switchDevice: device 2 mode:0
D/ALSAModule(  164): No valid input device: 0
D/ALSAModule(  164): switchDevice,rxDev:Speaker, txDev:(null), curRxDev:Speaker, curTxDev:DMIC Endfire
D/alsa_ucm(  164): snd_use_case_set(): uc_mgr 0x40cec2a0 identifier _enadev value Speaker
D/alsa_ucm(  164): Set mixer controls for HiFi Lowlatency enable 1
D/ALSAModule(  164): switchDevice: curTxUCMDevivce DMIC Endfire curRxDevDevice Speaker
I/ActivityManager(  534): Start proc com.android.packageinstaller for activity com.android.packageinstaller/.UninstallerActivity: pid=8175 uid=10032 gids={50032, 1028}
D/libEGL  ( 8175): loaded /system/lib/egl/libEGL_adreno200.so
D/libEGL  ( 8175): loaded /system/lib/egl/libGLESv1_CM_adreno200.so
D/libEGL  ( 8175): loaded /system/lib/egl/libGLESv2_adreno200.so
I/Adreno200-EGL( 8175): <eglInitialize:269>: EGL 1.4 QUALCOMM build: Nondeterministic AU_full_mako_PARTNER-ANDROID/JB-MR1-DEV_CL2961380_release_AU (CL2961380)
I/Adreno200-EGL( 8175): Build Date: 12/10/12 Mon
I/Adreno200-EGL( 8175): Local Branch: 
I/Adreno200-EGL( 8175): Remote Branch: m/partner-android/jb-mr1-dev
I/Adreno200-EGL( 8175): Local Patches: NONE
I/Adreno200-EGL( 8175): Reconstruct Branch: NOTHING
D/OpenGLRenderer( 8175): Enabling debug mode 0
I/ActivityManager(  534): Displayed com.android.packageinstaller/.UninstallerActivity: +337ms
D/overlay (  161): Unset pipe=VG0 dpy=0; Unset pipe=RGB1 dpy=0; 
I/ActivityManager(  534): START u0 {act=android.intent.action.VIEW cmp=com.android.packageinstaller/.UninstallAppProgress (has extras)} from pid 8175
D/ALSAStreamOps(  164): setParameters(): keyRouting with device 0x2
D/ALSAModule(  164): s_route: devices 0x2 in mode 0
D/ALSAModule(  164): switchDevice: device 2 mode:0
D/ALSAModule(  164): No valid input device: 0
D/ALSAModule(  164): switchDevice,rxDev:Speaker, txDev:(null), curRxDev:Speaker, curTxDev:DMIC Endfire
D/alsa_ucm(  164): snd_use_case_set(): uc_mgr 0x40cec2a0 identifier _enadev value Speaker
D/alsa_ucm(  164): Set mixer controls for HiFi Lowlatency enable 1
D/ALSAModule(  164): switchDevice: curTxUCMDevivce DMIC Endfire curRxDevDevice Speaker
I/PackageManager(  534): Removing non-system package:com.hello.ms
I/ActivityManager(  534): Force stopping package com.hello.ms appid=10075 user=-1
W/PackageManager(  534): Couldn't delete native library directory /data/app-lib/com.hello.ms
I/ActivityManager(  534): Force stopping package com.hello.ms appid=10075 user=0
D/overlay (  161): Set pipe=RGB1 dpy=0; Set pipe=VG0 dpy=0; Set pipe=VG1 dpy=0; 
D/dalvikvm(  655): GC_EXPLICIT freed 565K, 33% free 16471K/24268K, paused 2ms+6ms, total 40ms
D/dalvikvm( 8175): GC_EXPLICIT freed 111K, 53% free 5068K/10660K, paused 2ms+2ms, total 23ms
I/ActivityManager(  534): Displayed com.android.packageinstaller/.UninstallAppProgress: +310ms
D/overlay (  161): Unset pipe=VG0 dpy=0; Unset pipe=VG1 dpy=0; Unset pipe=RGB1 dpy=0; 
I/ThemeManager( 2415): Handling removed theme package: com.hello.ms
W/PluginManager(25305): Can't find plugin: com.hello.ms
W/PluginManager(29111): Can't find plugin: com.hello.ms
I/ActivityManager(  534): Start proc com.google.android.inputmethod.latin.dictionarypack for content provider com.google.android.inputmethod.latin.dictionarypack/.DictionaryProvider: pid=8201 uid=10060 gids={50060, 3003, 1015, 1028}
I/InputReader(  534): Reconfiguring input devices.  changes=0x00000010
D/dalvikvm(27226): GC_EXPLICIT freed 585K, 20% free 13364K/16616K, paused 2ms+51ms, total 162ms
D/VoicemailCleanupService(  767): Cleaning up data for package: com.hello.ms
W/ContextImpl( 4366): Calling a method in the system process without a qualified user: android.app.ContextImpl.startService:1404 android.content.ContextWrapper.startService:450 android.content.ContextWrapper.startService:450 com.android.keychain.KeyChainBroadcastReceiver.onReceive:12 android.app.ActivityThread.handleReceiver:2504 
D/Finsky  (27889): [1] DetailsDataBasedFragment.rebindViews: Page [class=DetailsFragment] loaded in [9513235 ms] (hasDetailsDataLoaded? false)
D/gp.PicasaSyncManager( 4396): reject cij (lx.icomputer@gmail.com) because downsync is disabled
D/overlay (  161): Set pipe=RGB1 dpy=0; Set pipe=VG0 dpy=0; 
D/dalvikvm(  534): GC_EXPLICIT freed 7287K, 34% free 25362K/38364K, paused 12ms+17ms, total 298ms
I/Icing.InternalIcingCorporaProvider(31844): Updating corpora: A: com.hello.ms, C: MAYBE
D/Finsky  (27889): [1] DetailsDataBasedFragment.rebindViews: Page [class=DetailsFragment] loaded in [9513391 ms] (hasDetailsDataLoaded? true)
E/InstalledAppDetails(27226): Exception when retrieving package:com.hello.ms
E/InstalledAppDetails(27226): android.content.pm.PackageManager$NameNotFoundException: com.hello.ms
E/InstalledAppDetails(27226): 	at android.app.ApplicationPackageManager.getPackageInfo(ApplicationPackageManager.java:81)
E/InstalledAppDetails(27226): 	at com.android.settings.applications.InstalledAppDetails.retrieveAppEntry(InstalledAppDetails.java:645)
E/InstalledAppDetails(27226): 	at com.android.settings.applications.InstalledAppDetails.refreshUi(InstalledAppDetails.java:664)
E/InstalledAppDetails(27226): 	at com.android.settings.applications.InstalledAppDetails.onActivityResult(InstalledAppDetails.java:554)
E/InstalledAppDetails(27226): 	at android.app.Activity.dispatchActivityResult(Activity.java:5297)
E/InstalledAppDetails(27226): 	at android.app.ActivityThread.deliverResults(ActivityThread.java:3443)
E/InstalledAppDetails(27226): 	at android.app.ActivityThread.handleSendResult(ActivityThread.java:3490)
E/InstalledAppDetails(27226): 	at android.app.ActivityThread.access$1100(ActivityThread.java:153)
E/InstalledAppDetails(27226): 	at android.app.ActivityThread$H.handleMessage(ActivityThread.java:1295)
E/InstalledAppDetails(27226): 	at android.os.Handler.dispatchMessage(Handler.java:99)
E/InstalledAppDetails(27226): 	at android.os.Looper.loop(Looper.java:137)
E/InstalledAppDetails(27226): 	at android.app.ActivityThread.main(ActivityThread.java:5227)
E/InstalledAppDetails(27226): 	at java.lang.reflect.Method.invokeNative(Native Method)
E/InstalledAppDetails(27226): 	at java.lang.reflect.Method.invoke(Method.java:511)
E/InstalledAppDetails(27226): 	at com.android.internal.os.ZygoteInit$MethodAndArgsCaller.run(ZygoteInit.java:795)
E/InstalledAppDetails(27226): 	at com.android.internal.os.ZygoteInit.main(ZygoteInit.java:562)
E/InstalledAppDetails(27226): 	at dalvik.system.NativeStart.main(Native Method)
W/AppSecurityPermissions(27226): Couldn't retrieve permissions for package:com.hello.ms
W/ContextImpl(27226): Calling a method in the system process without a qualified user: android.app.ContextImpl.sendOrderedBroadcast:1130 android.content.ContextWrapper.sendOrderedBroadcast:357 com.android.settings.applications.InstalledAppDetails.checkForceStop:1304 com.android.settings.applications.InstalledAppDetails.refreshUi:837 com.android.settings.applications.InstalledAppDetails.onActivityResult:554 
D/overlay (  161): Unset pipe=VG0 dpy=0; Unset pipe=RGB1 dpy=0; 
D/dalvikvm(27889): JIT code cache reset in 2 ms (1048500 bytes 1/0)
D/dalvikvm(27889): GC_CONCURRENT freed 5781K, 24% free 20445K/26712K, paused 2ms+14ms, total 79ms
D/android.widget.GridLayout(31535): horizontal constraints: x1-x0>=350, x2-x1>=390, x2-x0<=736 are inconsistent; permanently removing: x2-x0<=736. 
D/android.widget.GridLayout(31535): horizontal constraints: x1-x0>=350, x2-x1>=390, x2-x0<=736 are inconsistent; permanently removing: x2-x0<=736. 
D/android.widget.GridLayout(31535): horizontal constraints: x1-x0>=350, x2-x1>=390, x2-x0<=736 are inconsistent; permanently removing: x2-x0<=736. 
D/android.widget.GridLayout(31535): horizontal constraints: x1-x0>=350, x2-x1>=390, x2-x0<=736 are inconsistent; permanently removing: x2-x0<=736. 
D/android.widget.GridLayout(31535): horizontal constraints: x1-x0>=350, x2-x1>=390, x2-x0<=736 are inconsistent; permanently removing: x2-x0<=736. 
D/dalvikvm(31535): GC_FOR_ALLOC freed 7616K, 61% free 6945K/17680K, paused 37ms, total 37ms
D/DfeApi  (27889): [1] DfeRequest.deliverResponse: Not delivering second response for request=[[ ] https://android.clients.google.com/fdfe/rec?c=3&doc=com.google.android.talk&rt=2 0xe8d195d1 NORMAL 122]
D/dalvikvm(31535): GC_FOR_ALLOC freed 1450K, 61% free 7064K/17680K, paused 23ms, total 23ms
D/dalvikvm(31535): GC_FOR_ALLOC freed 1587K, 59% free 7362K/17680K, paused 19ms, total 19ms
D/DfeApi  (27889): [1] DfeRequest.deliverResponse: Not delivering second response for request=[[ ] https://android.clients.google.com/fdfe/details?doc=com.google.android.talk 0xe8d195d1 NORMAL 121]
D/dalvikvm(27226): GC_EXPLICIT freed 364K, 22% free 13100K/16616K, paused 1ms+12ms, total 61ms
D/dalvikvm(31535): GC_FOR_ALLOC freed 6K, 50% free 8901K/17680K, paused 34ms, total 36ms
D/dalvikvm(31535): GC_FOR_ALLOC freed 2035K, 51% free 8670K/17680K, paused 19ms, total 19ms
D/dalvikvm(31535): GC_FOR_ALLOC freed <1K, 42% free 10313K/17680K, paused 38ms, total 38ms
I/qtaguid (27889): Failed write_ctrl(u 55) res=-1 errno=22
I/qtaguid (27889): Untagging socket 55 failed errno=-22
W/NetworkManagementSocketTagger(27889): untagSocket(55) failed with errno -22
I/qtaguid (27889): Failed write_ctrl(u 52) res=-1 errno=22
I/qtaguid (27889): Untagging socket 52 failed errno=-22
W/NetworkManagementSocketTagger(27889): untagSocket(52) failed with errno -22
D/dalvikvm(31535): GC_FOR_ALLOC freed 2354K, 48% free 9258K/17680K, paused 27ms, total 27ms
D/DfeApi  (27889): [1] DfeRequest.deliverResponse: Not delivering second response for request=[[ ] https://android.clients.google.com/fdfe/rev?doc=com.google.android.talk&sort=2 0xe8d195d1 NORMAL 124]
D/dalvikvm(31535): GC_FOR_ALLOC freed <1K, 39% free 10901K/17680K, paused 21ms, total 21ms
D/DfeApi  (27889): [1] DfeRequest.deliverResponse: Not delivering second response for request=[[ ] https://android.clients.google.com/fdfe/rec?c=3&rt=4&doc=com.google.android.talk 0xe8d195d1 NORMAL 123]
D/dalvikvm(31535): GC_FOR_ALLOC freed 1613K, 39% free 10870K/17680K, paused 22ms, total 22ms
D/dalvikvm(31535): GC_CONCURRENT freed 2493K, 37% free 11204K/17680K, paused 2ms+2ms, total 22ms
D/dalvikvm(31535): WAIT_FOR_CONCURRENT_GC blocked 17ms
D/dalvikvm(31535): WAIT_FOR_CONCURRENT_GC blocked 22ms
D/dalvikvm(31535): WAIT_FOR_CONCURRENT_GC blocked 23ms
D/dalvikvm(31535): WAIT_FOR_CONCURRENT_GC blocked 15ms
I/dalvikvm-heap(31535): Grow heap (frag case) to 16.682MB for 2172688-byte allocation
D/dalvikvm(31535): GC_CONCURRENT freed 558K, 24% free 15181K/19804K, paused 4ms+3ms, total 29ms
D/dalvikvm(31535): WAIT_FOR_CONCURRENT_GC blocked 20ms
I/dalvikvm-heap(31535): Grow heap (frag case) to 19.016MB for 2109248-byte allocation
D/dalvikvm(31535): GC_FOR_ALLOC freed 3880K, 37% free 13945K/21864K, paused 20ms, total 21ms
D/overlay (  161): Set pipe=RGB1 dpy=0; Set pipe=VG0 dpy=0; Set pipe=VG1 dpy=0; 
D/dalvikvm(31535): GC_FOR_ALLOC freed 2580K, 30% free 12385K/17680K, paused 31ms, total 31ms
I/dalvikvm-heap(31535): Grow heap (frag case) to 17.688MB for 3579920-byte allocation
D/dalvikvm(31535): GC_CONCURRENT freed 2K, 22% free 16660K/21180K, paused 1ms+3ms, total 21ms
W/ActivityManager(  534): Permission denied: checkComponentPermission() owningUid=10064
W/ActivityManager(  534): Permission denied: checkComponentPermission() owningUid=10064
I/qtaguid (27889): Failed write_ctrl(u 52) res=-1 errno=22
I/qtaguid (27889): Untagging socket 52 failed errno=-22
W/NetworkManagementSocketTagger(27889): untagSocket(52) failed with errno -22
W/ActivityManager(  534): Permission denied: checkComponentPermission() owningUid=10064
W/ActivityManager(  534): Permission denied: checkComponentPermission() owningUid=10064
W/ActivityManager(  534): Permission denied: checkComponentPermission() owningUid=10064
W/ActivityManager(  534): Permission denied: checkComponentPermission() owningUid=10064
W/ActivityManager(  534): Permission denied: checkComponentPermission() owningUid=10064
W/ActivityManager(  534): Permission denied: checkComponentPermission() owningUid=10064
D/DfeApi  (27889): [1] DfeRequest.deliverResponse: Not delivering second response for request=[[ ] https://android.clients.google.com/fdfe/rec?c=3&doc=com.google.android.talk&rt=1 0xe8d195d1 NORMAL 125]
W/ActivityManager(  534): Permission denied: checkComponentPermission() owningUid=10064
W/ActivityManager(  534): Permission denied: checkComponentPermission() owningUid=10064
D/alsa_ucm(  164): snd_use_case_set(): uc_mgr 0x40cec2a0 identifier _verb value Inactive
D/alsa_ucm(  164): Set mixer controls for HiFi Lowlatency enable 0
D/alsa_ucm(  164): snd_use_case_set(): uc_mgr 0x40cec2a0 identifier _disdev value DMIC Endfire
D/alsa_ucm(  164): disdev: device DMIC Endfire not enabled, no need to disable
D/alsa_ucm(  164): snd_use_case_set(): uc_mgr 0x40cec2a0 identifier _disdev value Speaker
D/alsa_ucm(  164): Set mixer controls for Speaker enable 0
D/overlay (  161): Unset pipe=VG0 dpy=0; Unset pipe=VG1 dpy=0; Unset pipe=RGB1 dpy=0; 
D/overlay (  161): Set pipe=RGB1 dpy=0; Set pipe=VG0 dpy=0; 
I/GCoreUlr( 8943): Successfully inserted location
I/GCoreUlr( 8943): Not calling LocationReportingService, hasMoved: false, elapsed millis: 1698314, request: Phone
I/ActivityManager(  534): No longer want com.svox.pico (pid 4422): empty #17
D/Finsky  (27889): [1] 5.onFinished: Installation state replication succeeded.
D/AndroidRuntime( 8277): 
D/AndroidRuntime( 8277): >>>>>> AndroidRuntime START com.android.internal.os.RuntimeInit <<<<<<
D/AndroidRuntime( 8277): CheckJNI is OFF
D/dalvikvm( 8277): Trying to load lib libjavacore.so 0x0
D/dalvikvm( 8277): Added shared lib libjavacore.so 0x0
D/dalvikvm( 8277): Trying to load lib libnativehelper.so 0x0
D/dalvikvm( 8277): Added shared lib libnativehelper.so 0x0
D/AndroidRuntime( 8277): Calling main entry com.android.commands.pm.Pm
D/Finsky  (27889): [1] PackageVerificationReceiver.onReceive: Verification requested, id = 15
W/ActivityManager(  534): No content provider found for permission revoke: file:///data/local/tmp/HelloMS-debug.apk
D/Finsky  (27889): [1] WorkerTask.onPreExecute: Verification Requested for id = 15, data=file:///data/local/tmp/HelloMS-debug.apk flags=114 fromVerificationActivity=false
I/PackageParser(27889): com.hello.ms: compat added android.permission.READ_PHONE_STATE
D/Finsky  (27889): [1] 2.onResponse: Verification id=15 response=0
D/Finsky  (27889): [1] PackageVerificationReceiver.onReceive: Verification requested, id = 15
W/ActivityManager(  534): No content provider found for permission revoke: file:///data/local/tmp/HelloMS-debug.apk
I/PackageManager(  534): Copying native libraries to /data/app-lib/vmdl-1393111828
I/PackageParser(  534): com.hello.ms: compat added android.permission.READ_PHONE_STATE
I/PackageManager(  534): Running dexopt on: com.hello.ms
D/dalvikvm( 8299): DexOpt: load 9ms, verify+opt 43ms, 309772 bytes
I/ActivityManager(  534): Force stopping package com.hello.ms appid=10075 user=-1
D/PackageManager(  534): New package installed in /data/app/com.hello.ms-1.apk
I/ThemeManager( 2415): Handling new theme package: com.hello.ms
I/InputReader(  534): Reconfiguring input devices.  changes=0x00000010
I/ActivityManager(  534): Start proc com.svox.pico for broadcast com.svox.pico/.VoiceDataInstallerReceiver: pid=8313 uid=10035 gids={50035, 1015, 1028}
D/dalvikvm(  162): GC_EXPLICIT freed 39K, 79% free 2296K/10660K, paused 1ms+2ms, total 15ms
D/dalvikvm(  162): GC_EXPLICIT freed <1K, 79% free 2296K/10660K, paused 1ms+1ms, total 16ms
D/dalvikvm(  534): JIT code cache reset in 1 ms (1048348 bytes 127/0)
D/dalvikvm(  162): GC_EXPLICIT freed <1K, 79% free 2296K/10660K, paused 1ms+1ms, total 14ms
D/dalvikvm(  534): GC_EXPLICIT freed 4047K, 37% free 24237K/38364K, paused 4ms+15ms, total 240ms
D/AndroidRuntime( 8277): Shutting down VM
D/dalvikvm( 8277): GC_CONCURRENT freed 91K, 17% free 467K/560K, paused 1ms+1ms, total 3ms
I/ActivityManager(  534): No longer want com.google.android.partnersetup (pid 4438): empty #17
I/ActivityManager(  534): Start proc com.google.android.partnersetup for broadcast com.google.android.partnersetup/.RlzPingBroadcastReceiver: pid=8327 uid=10057 gids={50057, 3003, 1028}
D/android.widget.GridLayout(31535): horizontal constraints: x1-x0>=350, x2-x1>=390, x2-x0<=736 are inconsistent; permanently removing: x2-x0<=736. 
D/android.widget.GridLayout(31535): horizontal constraints: x1-x0>=350, x2-x1>=390, x2-x0<=736 are inconsistent; permanently removing: x2-x0<=736. 
D/android.widget.GridLayout(31535): horizontal constraints: x1-x0>=350, x2-x1>=390, x2-x0<=736 are inconsistent; permanently removing: x2-x0<=736. 
